BL51 BANKED LINKER/LOCATER V6.22.2.0                                                    01/05/2023  17:04:31  PAGE 1


BL51 BANKED LINKER/LOCATER V6.22.2.0, INVOKED BY:
C:\KEIL_V5\C51\BIN\BL51.EXE .\Objects\STARTUP.obj, .\Objects\dwin.obj, .\Objects\gpio.obj, .\Objects\main.obj, .\Objects
>> \timer.obj, .\Objects\usart.obj, .\Objects\eeprom.obj, .\Objects\discharger.obj, .\Objects\Modbus.obj, .\Objects\util
>> s_ringbuffer.obj TO .\Objects\Discharge_Meter PRINT (.\Listings\Discharge_Meter.m51) RAMSIZE (256)


MEMORY MODEL: LARGE WITH FLOATING POINT ARITHMETIC


INPUT MODULES INCLUDED:
  .\Objects\STARTUP.obj (?C_STARTUP)
  .\Objects\dwin.obj (DWIN)
  .\Objects\gpio.obj (GPIO)
  .\Objects\main.obj (MAIN)
  .\Objects\timer.obj (TIMER)
  .\Objects\usart.obj (USART)
  .\Objects\eeprom.obj (EEPROM)
  .\Objects\discharger.obj (DISCHARGER)
  .\Objects\Modbus.obj (MODBUS)
  .\Objects\utils_ringbuffer.obj (UTILS_RINGBUFFER)
  C:\KEIL_V5\C51\LIB\C51FPL.LIB (?C?FPADD)
  C:\KEIL_V5\C51\LIB\C51FPL.LIB (?C?FPMUL)
  C:\KEIL_V5\C51\LIB\C51FPL.LIB (?C?FPDIV)
  C:\KEIL_V5\C51\LIB\C51FPL.LIB (?C?FPCMP)
  C:\KEIL_V5\C51\LIB\C51FPL.LIB (?C?FCAST)
  C:\KEIL_V5\C51\LIB\C51FPL.LIB (LOG)
  C:\KEIL_V5\C51\LIB\C51FPL.LIB (VSPRINTF)
  C:\KEIL_V5\C51\LIB\C51FPL.LIB (?C?FPGETOPN)
  C:\KEIL_V5\C51\LIB\C51FPL.LIB (PRINTF)
  C:\KEIL_V5\C51\LIB\C51FPL.LIB (?C?FPSERIES)
  C:\KEIL_V5\C51\LIB\C51FPL.LIB (?C?FPROUND)
  C:\KEIL_V5\C51\LIB\C51FPL.LIB (?C?FPCONVERT)
  C:\KEIL_V5\C51\LIB\C51FPL.LIB (?C?FTNPWR)
  C:\KEIL_V5\C51\LIB\C51L.LIB (?C_INIT)
  C:\KEIL_V5\C51\LIB\C51L.LIB (?C?COPY)
  C:\KEIL_V5\C51\LIB\C51L.LIB (?C?CLDPTR)
  C:\KEIL_V5\C51\LIB\C51L.LIB (?C?CLDOPTR)
  C:\KEIL_V5\C51\LIB\C51L.LIB (?C?CLDIOPTR)
  C:\KEIL_V5\C51\LIB\C51L.LIB (?C?CILDOPTR)
  C:\KEIL_V5\C51\LIB\C51L.LIB (?C?CSTPTR)
  C:\KEIL_V5\C51\LIB\C51L.LIB (?C?CSTOPTR)
  C:\KEIL_V5\C51\LIB\C51L.LIB (?C?IMUL)
  C:\KEIL_V5\C51\LIB\C51L.LIB (?C?UIDIV)
  C:\KEIL_V5\C51\LIB\C51L.LIB (?C?IILDX)
  C:\KEIL_V5\C51\LIB\C51L.LIB (?C?ILDIX)
  C:\KEIL_V5\C51\LIB\C51L.LIB (?C?ILDPTR)
  C:\KEIL_V5\C51\LIB\C51L.LIB (?C?ILDOPTR)
  C:\KEIL_V5\C51\LIB\C51L.LIB (?C?ILDIOPTR)
  C:\KEIL_V5\C51\LIB\C51L.LIB (?C?IILDOPTR)
  C:\KEIL_V5\C51\LIB\C51L.LIB (?C?ISTPTR)
  C:\KEIL_V5\C51\LIB\C51L.LIB (?C?ISTOPTR)
  C:\KEIL_V5\C51\LIB\C51L.LIB (?C?ULDIV)
  C:\KEIL_V5\C51\LIB\C51L.LIB (?C?LNEG)
  C:\KEIL_V5\C51\LIB\C51L.LIB (?C?ULCMP)
  C:\KEIL_V5\C51\LIB\C51L.LIB (?C?LLDPTR)
  C:\KEIL_V5\C51\LIB\C51L.LIB (?C?LLDOPTR)
  C:\KEIL_V5\C51\LIB\C51L.LIB (?C?LSTPTR)
  C:\KEIL_V5\C51\LIB\C51L.LIB (?C?LSTOPTR)
BL51 BANKED LINKER/LOCATER V6.22.2.0                                                  01/05/2023  17:04:31  PAGE 2


  C:\KEIL_V5\C51\LIB\C51L.LIB (?C?LLDCODE)
  C:\KEIL_V5\C51\LIB\C51L.LIB (?C?LLDXDATA0)
  C:\KEIL_V5\C51\LIB\C51L.LIB (?C?LLDCODE0)
  C:\KEIL_V5\C51\LIB\C51L.LIB (?C?LLDPTR0)
  C:\KEIL_V5\C51\LIB\C51L.LIB (?C?LLDOPTR0)
  C:\KEIL_V5\C51\LIB\C51L.LIB (?C?LSTXDATA)
  C:\KEIL_V5\C51\LIB\C51L.LIB (?C?LSTKXDATA)
  C:\KEIL_V5\C51\LIB\C51L.LIB (?C?PLDIXDATA)
  C:\KEIL_V5\C51\LIB\C51L.LIB (?C?PSTXDATA)
  C:\KEIL_V5\C51\LIB\C51L.LIB (?C?PLDPTR)
  C:\KEIL_V5\C51\LIB\C51L.LIB (?C?PSTPTR)
  C:\KEIL_V5\C51\LIB\C51L.LIB (?C?PLDOPTR)
  C:\KEIL_V5\C51\LIB\C51L.LIB (?C?PSTOPTR)
  C:\KEIL_V5\C51\LIB\C51L.LIB (?C?CCASE)
  C:\KEIL_V5\C51\LIB\C51L.LIB (?C?ICALL)
  C:\KEIL_V5\C51\LIB\C51L.LIB (?C?LIMUL)
  C:\KEIL_V5\C51\LIB\C51L.LIB (PUTCHAR)
  C:\KEIL_V5\C51\LIB\C51L.LIB (?C?MEMSET)
  C:\KEIL_V5\C51\LIB\C51L.LIB (?C?LLDIDATA)
  C:\KEIL_V5\C51\LIB\C51L.LIB (?C?LLDXDATA)
  C:\KEIL_V5\C51\LIB\C51L.LIB (?C?LLDPDATA)
  C:\KEIL_V5\C51\LIB\C51L.LIB (?C?LLDIDATA0)
  C:\KEIL_V5\C51\LIB\C51L.LIB (?C?LLDPDATA0)
  C:\KEIL_V5\C51\LIB\C51L.LIB (?C?LSTIDATA)
  C:\KEIL_V5\C51\LIB\C51L.LIB (?C?LSTPDATA)
  C:\KEIL_V5\C51\LIB\C51L.LIB (?C?PLDIDATA)
  C:\KEIL_V5\C51\LIB\C51L.LIB (?C?PSTIDATA)
  C:\KEIL_V5\C51\LIB\C51L.LIB (?C?PLDXDATA)
  C:\KEIL_V5\C51\LIB\C51L.LIB (?C?PLDPDATA)
  C:\KEIL_V5\C51\LIB\C51L.LIB (?C?PSTPDATA)
  C:\KEIL_V5\C51\LIB\C51L.LIB (?C?PLDCODE)


LINK MAP OF MODULE:  .\Objects\Discharge_Meter (?C_STARTUP)


            TYPE    BASE      LENGTH    RELOCATION   SEGMENT NAME
            -----------------------------------------------------

            * * * * * * *   D A T A   M E M O R Y   * * * * * * *
            REG     0000H     0008H     ABSOLUTE     "REG BANK 0"
            REG     0008H     0008H     ABSOLUTE     "REG BANK 1"
            REG     0010H     0008H     ABSOLUTE     "REG BANK 2"
            REG     0018H     0008H     ABSOLUTE     "REG BANK 3"
            BIT     0020H.0   0001H.1   UNIT         _BIT_GROUP_
                    0021H.1   0000H.7                *** GAP ***
            DATA    0022H     0005H     UNIT         _DATA_GROUP_
            DATA    0027H     0001H     UNIT         ?DT?TIMER
            IDATA   0028H     0003H     UNIT         ?ID?TIMER0_ISR?TIMER
            IDATA   002BH     0001H     UNIT         ?STACK

            * * * * * * *  X D A T A   M E M O R Y  * * * * * * *
            XDATA   0000H     033DH     UNIT         ?XD?USART
            XDATA   033DH     0189H     UNIT         _XDATA_GROUP_
            XDATA   04C6H     0159H     UNIT         ?XD?MODBUS
            XDATA   061FH     014BH     UNIT         ?XD?DWIN
            XDATA   076AH     0037H     UNIT         ?XD?DISCHARGER
BL51 BANKED LINKER/LOCATER V6.22.2.0                                                  01/05/2023  17:04:31  PAGE 3


            XDATA   07A1H     0035H     UNIT         ?XD?MASTER_TASK?MAIN
            XDATA   07D6H     002DH     UNIT         ?XD?MAIN
            XDATA   0803H     0018H     UNIT         ?XD?MAIN?MAIN
            XDATA   081BH     000DH     UNIT         ?XD?_DWIN_READ?DWIN
            XDATA   0828H     0009H     UNIT         ?XD?_ASSERT_HANDLER?MAIN
            XDATA   0831H     0009H     UNIT         ?XD?TIMER
            XDATA   083AH     0008H     UNIT         ?XD?_RINGBUFFER_INIT?UTILS_RINGBUFFER
            XDATA   0842H     0007H     UNIT         ?XD?REPORT_TASK?MAIN
            XDATA   0849H     0006H     UNIT         ?XD?_EVENT_POLLING?MAIN
            XDATA   084FH     0004H     UNIT         ?XD?_RINGBUFFER_PUT?UTILS_RINGBUFFER
            XDATA   0853H     0003H     UNIT         ?XD?UARTX_PARSER?MAIN
            XDATA   0856H     0003H     UNIT         ?XD?DISTIMER_TASK?MAIN
            XDATA   0859H     0003H     UNIT         ?XD?_TIM_BASE_MSPINIT?TIMER
            XDATA   085CH     0003H     UNIT         ?XD?_RINGBUFFER_FLUSH?UTILS_RINGBUFFER
            XDATA   085FH     0002H     UNIT         ?XD?GPIO_INIT?MAIN

            * * * * * * *   C O D E   M E M O R Y   * * * * * * *
            CODE    0000H     0003H     ABSOLUTE     
            CODE    0003H     0008H     UNIT         ?PR?_IAPREAD?EEPROM
            CODE    000BH     0003H     ABSOLUTE     
            CODE    000EH     0015H     UNIT         ?PR?MODBUS_HANDLE?MODBUS
            CODE    0023H     0003H     ABSOLUTE     
            CODE    0026H     001DH     UNIT         ?PR?_IAPERASE?EEPROM
            CODE    0043H     0003H     ABSOLUTE     
            CODE    0046H     0045H     UNIT         ?PR?_IAP_READS?EEPROM
            CODE    008BH     0003H     ABSOLUTE     
                    008EH     0005H                  *** GAP ***
            CODE    0093H     0003H     ABSOLUTE     
            CODE    0096H     0DB3H     UNIT         ?C?LIB_CODE
            CODE    0E49H     0483H     UNIT         ?PR?PRINTF?PRINTF
            CODE    12CCH     0326H     UNIT         ?PR?_DISCHARGER_HANDLE?DISCHARGER
            CODE    15F2H     0287H     UNIT         ?PR?_DWIN_LOGINSURE?DWIN
            CODE    1879H     0229H     UNIT         ?PR?DWIN
            CODE    1AA2H     021DH     UNIT         ?PR?_MODUS_READXCOIL?MODBUS
            CODE    1CBFH     0212H     UNIT         ?PR?UARTX_PARSER?MAIN
            CODE    1ED1H     0207H     UNIT         ?PR?_SET_DISCHARGERPARAM?DISCHARGER
            CODE    20D8H     01F8H     UNIT         ?PR?_DWIN_RECV_FRAME_CHECK?DWIN
            CODE    22D0H     01CDH     UNIT         ?PR?REPORT_TASK?MAIN
            CODE    249DH     01BBH     UNIT         ?PR?TIMER0_ISR?TIMER
            CODE    2658H     01B5H     UNIT         ?C_INITSEG
            CODE    280DH     0199H     UNIT         ?PR?_GPIO_INILIZE?GPIO
            CODE    29A6H     0188H     UNIT         ?PR?_MODBUS_CALLBACK?MODBUS
            CODE    2B2EH     016BH     UNIT         ?PR?MODBUS
            CODE    2C99H     0168H     UNIT         ?PR?_MODUS_READXREGISTER?MODBUS
            CODE    2E01H     015DH     UNIT         ?PR?_DWIN_SETDISTARGETTIMES?DWIN
            CODE    2F5EH     015DH     UNIT         ?PR?_DWIN_SETDISVCUTOFF?DWIN
            CODE    30BBH     015DH     UNIT         ?PR?_DWIN_SETDISVREBOOT?DWIN
            CODE    3218H     015DH     UNIT         ?PR?_DWIN_SETDISPLIMIT?DWIN
            CODE    3375H     0154H     UNIT         ?PR?_MODUS_WRITECOIL?MODBUS
            CODE    34C9H     0150H     UNIT         ?PR?MAIN?MAIN
            CODE    3619H     014EH     UNIT         ?PR?_DWIN_SETSLAVEID?DWIN
            CODE    3767H     014DH     UNIT         ?PR?_DWIN_SETDISILIMIT?DWIN
            CODE    38B4H     0138H     UNIT         ?PR?_UART_BASE_MSPINIT?USART
            CODE    39ECH     0137H     UNIT         ?CO?DWIN
            CODE    3B23H     0134H     UNIT         ?PR?_MODBUS_POLL?MODBUS
            CODE    3C57H     0129H     UNIT         ?PR?LOG?LOG
            CODE    3D80H     0127H     UNIT         ?PR?GPIO_INIT?MAIN
BL51 BANKED LINKER/LOCATER V6.22.2.0                                                  01/05/2023  17:04:31  PAGE 4


            CODE    3EA7H     0126H     UNIT         ?PR?_MODBUS_OPERATEX?MODBUS
            CODE    3FCDH     0124H     UNIT         ?PR?_DWIN_SETDISMODE?DWIN
            CODE    40F1H     011CH     UNIT         ?PR?_DWIN_SAVESURE?DWIN
            CODE    420DH     0102H     UNIT         ?CO?USART
            CODE    430FH     00F2H     UNIT         ?PR?_TIM_BASE_MSPINIT?TIMER
            CODE    4401H     00EAH     UNIT         ?PR?_MODUS_WRITEHOLDREGISTER?MODBUS
            CODE    44EBH     00E7H     UNIT         ?PR?_DWIN_SEND?DWIN
            CODE    45D2H     00E1H     UNIT         ?PR?_MODBUS_46H?MODBUS
            CODE    46B3H     00DFH     UNIT         ?PR?DISCHARGER
            CODE    4792H     00DEH     UNIT         ?PR?MASTER_TASK?MAIN
            CODE    4870H     00D8H     UNIT         ?PR?DISTIMER_TASK?MAIN
            CODE    4948H     00D7H     UNIT         ?PR?_MODBUS_SEND?MODBUS
            CODE    4A1FH     00CAH     UNIT         ?PR?_EVENT_POLLING?MAIN
            CODE    4AE9H     00BBH     UNIT         ?PR?UART4_ISR?USART
            CODE    4BA4H     00BAH     UNIT         ?PR?_DWIN_POLL?DWIN
            CODE    4C5EH     00AFH     UNIT         ?PR?_GET_CRC16?DWIN
            CODE    4D0DH     00AFH     UNIT         ?PR?USART
            CODE    4DBCH     0098H     UNIT         ?PR?_RINGBUFFER_INIT?UTILS_RINGBUFFER
            CODE    4E54H     0092H     UNIT         ?PR?_DWIN_WRITE?DWIN
            CODE    4EE6H     008CH     UNIT         ?C_C51STARTUP
            CODE    4F72H     0086H     UNIT         ?PR?_ASSERT_HANDLER?MAIN
            CODE    4FF8H     0084H     UNIT         ?PR?_RINGBUFFER_GETS?UTILS_RINGBUFFER
            CODE    507CH     007AH     UNIT         ?PR?_RINGBUFFER_PUT?UTILS_RINGBUFFER
            CODE    50F6H     0073H     UNIT         ?CO?MAIN
            CODE    5169H     0073H     UNIT         ?PR?_UARTX_PRINTF?USART
            CODE    51DCH     0072H     UNIT         ?PR?_RINGBUFFER_GET?UTILS_RINGBUFFER
            CODE    524EH     006CH     UNIT         ?PR?_UARTX_SENDSTR?USART
            CODE    52BAH     0065H     UNIT         ?PR?UART2_ISR?USART
            CODE    531FH     0065H     UNIT         ?PR?UART3_ISR?USART
            CODE    5384H     0060H     UNIT         ?PR?_DWIN_READ?DWIN
            CODE    53E4H     0060H     UNIT         ?PR?IAPCONFIGWAITTIME?EEPROM
            CODE    5444H     005FH     UNIT         ?PR?_IAPWRITES?EEPROM
            CODE    54A3H     005FH     UNIT         ?PR?UTILS_RINGBUFFER
            CODE    5502H     005DH     UNIT         ?PR?_DWIN_SAVE?DWIN
            CODE    555FH     0052H     UNIT         ?PR?_DWIN_PAGECHANGE?DWIN
            CODE    55B1H     004AH     UNIT         ?PR?_UART1_INIT?USART
            CODE    55FBH     004AH     UNIT         ?PR?_VSPRINTF?VSPRINTF
            CODE    5645H     0043H     UNIT         ?PR?_UART3_INIT?USART
            CODE    5688H     0041H     UNIT         ?PR?_UART4_INIT?USART
            CODE    56C9H     0040H     UNIT         ?PR?_UART2_INIT?USART
            CODE    5709H     0040H     UNIT         ?CO?UTILS_RINGBUFFER
            CODE    5749H     003FH     UNIT         ?PR?EEPROM
            CODE    5788H     003EH     UNIT         ?PR?_LHC_CHECK_IS_OTA?MODBUS
            CODE    57C6H     003BH     UNIT         ?PR?TIMER0_INIT?TIMER
            CODE    5801H     0032H     UNIT         ?PR?_RINGBUFFER_FLUSH?UTILS_RINGBUFFER
            CODE    5833H     002AH     UNIT         ?PR?_RINGBUFFER_NUM?UTILS_RINGBUFFER
            CODE    585DH     0029H     UNIT         ?PR?AUTO_RST_DOWNLOAD?USART
            CODE    5886H     0028H     UNIT         ?PR?UART1_ISR?USART
            CODE    58AEH     0027H     UNIT         ?PR?PUTCHAR?PUTCHAR
            CODE    58D5H     0024H     UNIT         ?PR?_IAPPROGRAM?EEPROM
            CODE    58F9H     0022H     UNIT         ?PR?_BUSY_AWAIT?USART
            CODE    591BH     001FH     UNIT         ?PR?_LHC_OTA_UPDATE?MODBUS
            CODE    593AH     000DH     UNIT         ?PR?IAPIDLE?EEPROM
            CODE    5947H     0007H     UNIT         ?CO?MODBUS
            CODE    594EH     0006H     UNIT         ?PR?GPIO


BL51 BANKED LINKER/LOCATER V6.22.2.0                                                  01/05/2023  17:04:31  PAGE 5



OVERLAY MAP OF MODULE:   .\Objects\Discharge_Meter (?C_STARTUP)


SEGMENT                                           BIT_GROUP          DATA_GROUP          XDATA_GROUP
  +--> CALLED SEGMENT                          START    LENGTH     START    LENGTH     START    LENGTH
------------------------------------------------------------------------------------------------------
?C_C51STARTUP                                  -----    -----      -----    -----      -----    -----
  +--> ?PR?MAIN?MAIN
  +--> ?C_INITSEG

?PR?MAIN?MAIN                                  -----    -----      -----    -----      -----    -----
  +--> ?CO?MAIN
  +--> ?PR?GPIO_INIT?MAIN
  +--> ?PR?TIMER0_INIT?TIMER
  +--> ?PR?_UART1_INIT?USART
  +--> ?PR?_UART2_INIT?USART
  +--> ?PR?_UART3_INIT?USART
  +--> ?PR?_UART4_INIT?USART
  +--> ?PR?_IAP_READS?EEPROM
  +--> ?PR?_GET_CRC16?DWIN
  +--> ?PR?_IAPWRITES?EEPROM
  +--> ?PR?_EVENT_POLLING?MAIN

?PR?GPIO_INIT?MAIN                             -----    -----      -----    -----      -----    -----
  +--> ?CO?MAIN
  +--> ?PR?_GPIO_INILIZE?GPIO

?PR?_GPIO_INILIZE?GPIO                         -----    -----      -----    -----      -----    -----
  +--> ?PR?GPIO

?PR?TIMER0_INIT?TIMER                          -----    -----      -----    -----      -----    -----
  +--> ?PR?_TIM_BASE_MSPINIT?TIMER

?PR?_UART1_INIT?USART                          -----    -----      -----    -----      -----    -----
  +--> ?PR?USART
  +--> ?PR?_UART_BASE_MSPINIT?USART

?PR?_UART_BASE_MSPINIT?USART                   -----    -----      -----    -----      033DH    0005H
  +--> ?PR?USART
  +--> ?CO?USART
  +--> ?PR?_GPIO_INILIZE?GPIO

?PR?_UART2_INIT?USART                          -----    -----      -----    -----      -----    -----
  +--> ?PR?USART
  +--> ?PR?_UART_BASE_MSPINIT?USART

?PR?_UART3_INIT?USART                          -----    -----      -----    -----      -----    -----
  +--> ?PR?USART
  +--> ?PR?_UART_BASE_MSPINIT?USART

?PR?_UART4_INIT?USART                          -----    -----      -----    -----      -----    -----
  +--> ?PR?USART
  +--> ?PR?_UART_BASE_MSPINIT?USART

?PR?_IAP_READS?EEPROM                          -----    -----      -----    -----      033DH    0007H
  +--> ?PR?EEPROM
BL51 BANKED LINKER/LOCATER V6.22.2.0                                                  01/05/2023  17:04:31  PAGE 6


  +--> ?PR?_IAPREAD?EEPROM

?PR?_GET_CRC16?DWIN                            -----    -----      -----    -----      0367H    000BH
  +--> ?PR?DWIN

?PR?_IAPWRITES?EEPROM                          -----    -----      -----    -----      0354H    0007H
  +--> ?PR?EEPROM
  +--> ?PR?_IAPERASE?EEPROM
  +--> ?PR?_IAPPROGRAM?EEPROM
  +--> ?PR?_IAPREAD?EEPROM

?PR?_IAPERASE?EEPROM                           -----    -----      -----    -----      035BH    0002H
  +--> ?PR?IAPCONFIGWAITTIME?EEPROM
  +--> ?PR?EEPROM
  +--> ?PR?IAPIDLE?EEPROM

?PR?IAPCONFIGWAITTIME?EEPROM                   -----    -----      -----    -----      035EH    0004H
  +--> ?PR?EEPROM

?PR?_IAPPROGRAM?EEPROM                         -----    -----      -----    -----      035BH    0003H
  +--> ?PR?IAPCONFIGWAITTIME?EEPROM
  +--> ?PR?EEPROM
  +--> ?PR?IAPIDLE?EEPROM

?C_INITSEG                                     -----    -----      -----    -----      -----    -----
  +--> ?PR?_DWIN_SETSLAVEID?DWIN
  +--> ?PR?_DWIN_SETDISTARGETTIMES?DWIN
  +--> ?PR?_DWIN_SETDISVCUTOFF?DWIN
  +--> ?PR?_DWIN_SETDISVREBOOT?DWIN
  +--> ?PR?_DWIN_SETDISILIMIT?DWIN
  +--> ?PR?_DWIN_SETDISPLIMIT?DWIN
  +--> ?PR?_DWIN_SETDISMODE?DWIN
  +--> ?PR?_DWIN_LOGINSURE?DWIN
  +--> ?PR?_DWIN_SAVESURE?DWIN
  +--> ?PR?UARTX_PARSER?MAIN
  +--> ?PR?REPORT_TASK?MAIN
  +--> ?PR?MASTER_TASK?MAIN
  +--> ?PR?DISTIMER_TASK?MAIN
  +--> ?PR?_MODBUS_POLL?MODBUS
  +--> ?PR?_MODBUS_SEND?MODBUS
  +--> ?PR?_MODBUS_46H?MODBUS
  +--> ?PR?_MODUS_READXCOIL?MODBUS
  +--> ?PR?_MODUS_WRITECOIL?MODBUS
  +--> ?PR?_MODUS_READXREGISTER?MODBUS
  +--> ?PR?_MODUS_WRITEHOLDREGISTER?MODBUS
  +--> ?PR?_MODBUS_CALLBACK?MODBUS

?PR?_DWIN_SETSLAVEID?DWIN                      -----    -----      -----    -----      033DH    0009H
  +--> ?PR?DWIN
  +--> ?PR?_DWIN_WRITE?DWIN

?PR?_DWIN_WRITE?DWIN                           -----    -----      -----    -----      0352H    0010H
  +--> ?PR?DWIN
  +--> ?CO?DWIN
  +--> ?PR?_DWIN_SEND?DWIN

?PR?_DWIN_SEND?DWIN                            -----    -----      -----    -----      0362H    0005H
BL51 BANKED LINKER/LOCATER V6.22.2.0                                                  01/05/2023  17:04:31  PAGE 7


  +--> ?PR?DWIN
  +--> ?PR?_GET_CRC16?DWIN
  +--> ?PR?_UARTX_SENDSTR?USART

?PR?_UARTX_SENDSTR?USART                       -----    -----      -----    -----      048DH    0009H
  +--> ?PR?USART
  +--> ?PR?_BUSY_AWAIT?USART

?PR?_DWIN_SETDISTARGETTIMES?DWIN               -----    -----      -----    -----      033DH    0009H
  +--> ?PR?DWIN
  +--> ?PR?_DWIN_WRITE?DWIN

?PR?_DWIN_SETDISVCUTOFF?DWIN                   -----    -----      -----    -----      033DH    0009H
  +--> ?PR?DWIN
  +--> ?PR?_DWIN_WRITE?DWIN

?PR?_DWIN_SETDISVREBOOT?DWIN                   -----    -----      -----    -----      033DH    0009H
  +--> ?PR?DWIN
  +--> ?PR?_DWIN_WRITE?DWIN

?PR?_DWIN_SETDISILIMIT?DWIN                    -----    -----      -----    -----      033DH    0008H
  +--> ?PR?DWIN
  +--> ?PR?_DWIN_WRITE?DWIN

?PR?_DWIN_SETDISPLIMIT?DWIN                    -----    -----      -----    -----      033DH    0009H
  +--> ?PR?DWIN
  +--> ?PR?_DWIN_WRITE?DWIN

?PR?_DWIN_SETDISMODE?DWIN                      -----    -----      -----    -----      033DH    0008H
  +--> ?PR?DWIN
  +--> ?PR?_DWIN_PAGECHANGE?DWIN

?PR?_DWIN_PAGECHANGE?DWIN                      -----    -----      -----    -----      0352H    000FH
  +--> ?PR?DWIN
  +--> ?CO?DWIN
  +--> ?PR?_DWIN_SEND?DWIN

?PR?_DWIN_LOGINSURE?DWIN                       -----    -----      -----    -----      033DH    0015H
  +--> ?PR?DWIN
  +--> ?PR?_DWIN_PAGECHANGE?DWIN
  +--> ?PR?_DWIN_WRITE?DWIN
  +--> ?CO?DWIN
  +--> ?PR?_UARTX_PRINTF?USART

?PR?_UARTX_PRINTF?USART                        -----    -----      -----    -----      035CH    0131H
  +--> ?PR?USART
  +--> ?CO?USART
  +--> ?PR?_VSPRINTF?VSPRINTF
  +--> ?PR?_UARTX_SENDSTR?USART

?PR?_VSPRINTF?VSPRINTF                         -----    -----      -----    -----      048DH    0006H
  +--> ?PR?PRINTF?PRINTF

?PR?PRINTF?PRINTF                              0020H.0  0001H.1    0022H    0005H      0493H    0030H
  +--> ?PR?PUTCHAR?PUTCHAR

?PR?_DWIN_SAVESURE?DWIN                        -----    -----      -----    -----      033DH    000BH
BL51 BANKED LINKER/LOCATER V6.22.2.0                                                  01/05/2023  17:04:31  PAGE 8


  +--> ?PR?DWIN
  +--> ?PR?_DWIN_WRITE?DWIN
  +--> ?PR?_DWIN_SAVE?DWIN
  +--> ?PR?_DWIN_PAGECHANGE?DWIN

?PR?_DWIN_SAVE?DWIN                            -----    -----      -----    -----      034EH    0006H
  +--> ?PR?DWIN
  +--> ?PR?_GET_CRC16?DWIN
  +--> ?PR?_IAPWRITES?EEPROM

?PR?UARTX_PARSER?MAIN                          -----    -----      -----    -----      -----    -----
  +--> ?PR?_DWIN_POLL?DWIN
  +--> ?PR?_DISCHARGER_HANDLE?DISCHARGER

?PR?_DWIN_POLL?DWIN                            -----    -----      -----    -----      033DH    0006H
  +--> ?PR?DWIN
  +--> ?PR?_DWIN_RECV_FRAME_CHECK?DWIN
  +--> ?CO?DWIN
  +--> ?PR?_UARTX_PRINTF?USART

?PR?_DWIN_RECV_FRAME_CHECK?DWIN                -----    -----      -----    -----      0343H    0009H
  +--> ?PR?DWIN
  +--> ?PR?_RINGBUFFER_GETS?UTILS_RINGBUFFER
  +--> ?PR?_RINGBUFFER_NUM?UTILS_RINGBUFFER
  +--> ?CO?DWIN
  +--> ?PR?_UARTX_PRINTF?USART
  +--> ?PR?_GET_CRC16?DWIN

?PR?_RINGBUFFER_GETS?UTILS_RINGBUFFER          -----    -----      -----    -----      034CH    000AH
  +--> ?PR?UTILS_RINGBUFFER
  +--> ?CO?UTILS_RINGBUFFER
  +--> ?PR?_ASSERT_HANDLER?MAIN
  +--> ?PR?_RINGBUFFER_GET?UTILS_RINGBUFFER

?PR?UTILS_RINGBUFFER                           -----    -----      -----    -----      -----    -----
  +--> ?CO?UTILS_RINGBUFFER

?PR?_ASSERT_HANDLER?MAIN                       -----    -----      -----    -----      -----    -----
  +--> ?CO?MAIN
  +--> ?PR?_UARTX_PRINTF?USART

?PR?_RINGBUFFER_GET?UTILS_RINGBUFFER           -----    -----      -----    -----      0356H    0006H
  +--> ?PR?UTILS_RINGBUFFER
  +--> ?CO?UTILS_RINGBUFFER
  +--> ?PR?_ASSERT_HANDLER?MAIN

?PR?_RINGBUFFER_NUM?UTILS_RINGBUFFER           -----    -----      -----    -----      034CH    0003H
  +--> ?PR?UTILS_RINGBUFFER
  +--> ?PR?_ASSERT_HANDLER?MAIN

?PR?_DISCHARGER_HANDLE?DISCHARGER              -----    -----      -----    -----      033DH    0006H
  +--> ?PR?DISCHARGER
  +--> ?PR?LOG?LOG

?PR?LOG?LOG                                    0020H.0  0000H.1    -----    -----      0343H    0004H

?PR?REPORT_TASK?MAIN                           -----    -----      -----    -----      -----    -----
BL51 BANKED LINKER/LOCATER V6.22.2.0                                                  01/05/2023  17:04:31  PAGE 9


  +--> ?PR?_MODBUS_OPERATEX?MODBUS
  +--> ?PR?_DWIN_WRITE?DWIN

?PR?_MODBUS_OPERATEX?MODBUS                    -----    -----      -----    -----      036CH    0010H
  +--> ?PR?MODBUS

?PR?MASTER_TASK?MAIN                           -----    -----      -----    -----      -----    -----
  +--> ?CO?MAIN
  +--> ?PR?_SET_DISCHARGERPARAM?DISCHARGER
  +--> ?PR?_UARTX_SENDSTR?USART

?PR?_SET_DISCHARGERPARAM?DISCHARGER            -----    -----      -----    -----      033DH    0006H
  +--> ?PR?DISCHARGER

?PR?_MODBUS_POLL?MODBUS                        -----    -----      -----    -----      033DH    0005H
  +--> ?PR?MODBUS
  +--> ?PR?_LHC_CHECK_IS_OTA?MODBUS
  +--> ?PR?_LHC_OTA_UPDATE?MODBUS
  +--> ?PR?_GET_CRC16?DWIN

?PR?_LHC_CHECK_IS_OTA?MODBUS                   -----    -----      -----    -----      0342H    0003H
  +--> ?PR?MODBUS

?PR?_LHC_OTA_UPDATE?MODBUS                     -----    -----      -----    -----      0342H    0001H
  +--> ?PR?_IAPWRITES?EEPROM

?PR?_MODBUS_SEND?MODBUS                        -----    -----      -----    -----      033DH    0005H
  +--> ?PR?MODBUS
  +--> ?PR?_GET_CRC16?DWIN
  +--> ?PR?_UARTX_SENDSTR?USART

?PR?_MODBUS_46H?MODBUS                         -----    -----      -----    -----      033DH    0010H
  +--> ?PR?MODBUS
  +--> ?CO?MODBUS

?PR?_MODUS_READXCOIL?MODBUS                    -----    -----      -----    -----      033DH    002FH
  +--> ?PR?MODBUS
  +--> ?PR?_MODBUS_OPERATEX?MODBUS

?PR?_MODUS_WRITECOIL?MODBUS                    -----    -----      -----    -----      033DH    000AH
  +--> ?PR?MODBUS
  +--> ?PR?_MODBUS_OPERATEX?MODBUS

?PR?_MODUS_READXREGISTER?MODBUS                -----    -----      -----    -----      033DH    002BH
  +--> ?PR?MODBUS
  +--> ?PR?_MODBUS_OPERATEX?MODBUS

?PR?_MODUS_WRITEHOLDREGISTER?MODBUS            -----    -----      -----    -----      033DH    0008H
  +--> ?PR?MODBUS
  +--> ?PR?_MODBUS_OPERATEX?MODBUS

?PR?_MODBUS_CALLBACK?MODBUS                    -----    -----      -----    -----      033DH    0011H
  +--> ?PR?MODBUS
  +--> ?PR?_MODBUS_OPERATEX?MODBUS
  +--> ?PR?_DWIN_SAVE?DWIN

*** NEW ROOT ***************************************************
BL51 BANKED LINKER/LOCATER V6.22.2.0                                                  01/05/2023  17:04:31  PAGE 10



?PR?UART1_ISR?USART                            -----    -----      -----    -----      -----    -----
  +--> ?PR?AUTO_RST_DOWNLOAD?USART

*** NEW ROOT ***************************************************

?PR?UART2_ISR?USART                            -----    -----      -----    -----      -----    -----
  +--> ?PR?USART

*** NEW ROOT ***************************************************

?PR?UART3_ISR?USART                            -----    -----      -----    -----      -----    -----
  +--> ?PR?USART

*** NEW ROOT ***************************************************

?PR?UART4_ISR?USART                            -----    -----      -----    -----      04C3H    0003H
  +--> ?PR?USART



SYMBOL TABLE OF MODULE:  .\Objects\Discharge_Meter (?C_STARTUP)

  VALUE           TYPE          NAME
  ----------------------------------

  -------         MODULE        ?C_STARTUP
  C:4EE6H         SEGMENT       ?C_C51STARTUP
  I:002BH         SEGMENT       ?STACK
  C:0000H         PUBLIC        ?C_STARTUP
  D:00E0H         SYMBOL        ACC
  D:00F0H         SYMBOL        B
  D:0083H         SYMBOL        DPH
  D:0082H         SYMBOL        DPL
  N:0000H         SYMBOL        IBPSTACK
  N:0100H         SYMBOL        IBPSTACKTOP
  N:0080H         SYMBOL        IDATALEN
  C:4EE9H         SYMBOL        IDATALOOP
  N:0000H         SYMBOL        PBPSTACK
  N:0100H         SYMBOL        PBPSTACKTOP
  N:0000H         SYMBOL        PDATALEN
  N:0000H         SYMBOL        PDATASTART
  N:0000H         SYMBOL        PPAGE
  N:0000H         SYMBOL        PPAGEENABLE
  D:00A0H         SYMBOL        PPAGE_SFR
  D:0081H         SYMBOL        SP
  C:4EE6H         SYMBOL        STARTUP1
  N:0000H         SYMBOL        XBPSTACK
  N:0000H         SYMBOL        XBPSTACKTOP
  N:0000H         SYMBOL        XDATALEN
  N:0000H         SYMBOL        XDATASTART
  C:0000H         LINE#         126
  C:4EE6H         LINE#         133
  C:4EE8H         LINE#         134
  C:4EE9H         LINE#         135
  C:4EEAH         LINE#         136
  C:4EECH         LINE#         185
BL51 BANKED LINKER/LOCATER V6.22.2.0                                                  01/05/2023  17:04:31  PAGE 11


  C:4EEFH         LINE#         196
  -------         ENDMOD        ?C_STARTUP

  -------         MODULE        DWIN
  C:0000H         SYMBOL        _ICE_DUMMY_
  D:0080H         PUBLIC        P0
  C:44EBH         PUBLIC        _Dwin_Send
  D:0090H         PUBLIC        P1
  D:00A0H         PUBLIC        P2
  C:4C5EH         PUBLIC        _Get_Crc16
  C:4E54H         PUBLIC        _Dwin_Write
  D:00B0H         PUBLIC        P3
  D:00C0H         PUBLIC        P4
  D:00C8H         PUBLIC        P5
  C:5502H         PUBLIC        _Dwin_Save
  D:00E8H         PUBLIC        P6
  D:00F8H         PUBLIC        P7
  C:4BA4H         PUBLIC        _Dwin_Poll
  D:00A8H         PUBLIC        IE
  C:3767H         SYMBOL        _Dwin_SetDisILimit
  C:15F2H         SYMBOL        _Dwin_LoginSure
  C:20D8H         PUBLIC        _Dwin_Recv_Frame_Check
  C:3218H         SYMBOL        _Dwin_SetDisPLimit
  D:00B8H         PUBLIC        IP
  D:00D8H         PUBLIC        CCON
  C:2F5EH         SYMBOL        _Dwin_SetDisVcutoff
  C:40F1H         SYMBOL        _Dwin_SaveSure
  C:30BBH         SYMBOL        _Dwin_SetDisVreboot
  X:063FH         SYMBOL        error
  X:0641H         SYMBOL        Dwin_ObjMap
  D:0098H         PUBLIC        SCON
  D:0088H         PUBLIC        TCON
  C:2E01H         SYMBOL        _Dwin_SetDisTargetTimes
  C:555FH         PUBLIC        _Dwin_PageChange
  X:06C5H         SYMBOL        user_code
  C:3B0CH         SYMBOL        _?ix1000
  C:3B12H         SYMBOL        _?ix1001
  C:3B19H         SYMBOL        _?ix1002
  X:06C7H         SYMBOL        user_name
  C:3FCDH         SYMBOL        _Dwin_SetDisMode
  C:3619H         SYMBOL        _Dwin_SetSlaveId
  X:06C9H         PUBLIC        Dwin_Object
  X:06E1H         PUBLIC        dwin_rb
  X:06EAH         SYMBOL        dtx_buf
  C:5384H         PUBLIC        _Dwin_Read
  D:00D0H         PUBLIC        PSW
  C:1879H         SYMBOL        Com00B7
  C:1879H         SYMBOL        L?0184
  C:187AH         SYMBOL        L?0185
  C:187BH         SYMBOL        L?0186
  C:187EH         SYMBOL        L?0187
  C:1887H         SYMBOL        L?0188
  C:1887H         SYMBOL        L?0189
  C:188CH         SYMBOL        L?0190
  C:188FH         SYMBOL        L?0191
  C:1897H         SYMBOL        L?0192
  C:18A0H         SYMBOL        L?0193
BL51 BANKED LINKER/LOCATER V6.22.2.0                                                  01/05/2023  17:04:31  PAGE 12


  C:18B1H         SYMBOL        L?0194
  C:18B1H         SYMBOL        L?0195
  C:18B4H         SYMBOL        L?0196
  C:18BAH         SYMBOL        L?0197
  C:18BAH         SYMBOL        L?0198
  C:18BCH         SYMBOL        L?0199
  C:18C7H         SYMBOL        L?0200
  C:18C7H         SYMBOL        L?0201
  C:18DBH         SYMBOL        L?0202
  C:18DBH         SYMBOL        L?0203
  C:18E8H         SYMBOL        L?0204
  C:18E8H         SYMBOL        L?0205
  C:18FAH         SYMBOL        L?0206
  C:18FAH         SYMBOL        L?0207
  C:1902H         SYMBOL        L?0208
  C:1902H         SYMBOL        L?0209
  C:1908H         SYMBOL        L?0210
  C:1908H         SYMBOL        L?0211
  C:1913H         SYMBOL        L?0212
  C:1913H         SYMBOL        L?0213
  C:191EH         SYMBOL        L?0214
  C:1928H         SYMBOL        L?0215
  C:1929H         SYMBOL        L?0216
  C:1931H         SYMBOL        L?0217
  C:1931H         SYMBOL        L?0218
  C:193BH         SYMBOL        L?0219
  C:193CH         SYMBOL        L?0220
  C:193DH         SYMBOL        L?0221
  C:1945H         SYMBOL        L?0222
  C:1945H         SYMBOL        L?0223
  C:194FH         SYMBOL        L?0224
  C:194FH         SYMBOL        L?0225
  C:1957H         SYMBOL        L?0226
  C:1957H         SYMBOL        L?0227
  C:195FH         SYMBOL        L?0228
  C:195FH         SYMBOL        L?0229
  C:1965H         SYMBOL        L?0230
  C:1965H         SYMBOL        L?0231
  C:196DH         SYMBOL        L?0232
  C:196DH         SYMBOL        L?0233
  C:1975H         SYMBOL        L?0234
  C:1975H         SYMBOL        L?0235
  C:197DH         SYMBOL        L?0236
  C:197DH         SYMBOL        L?0237
  C:198CH         SYMBOL        L?0238
  C:198CH         SYMBOL        L?0239
  C:199AH         SYMBOL        L?0240
  C:199AH         SYMBOL        L?0241
  C:19A8H         SYMBOL        L?0242
  C:19A8H         SYMBOL        L?0243
  C:19AFH         SYMBOL        L?0244
  C:19B8H         SYMBOL        L?0245
  C:19CAH         SYMBOL        L?0246
  C:19CDH         SYMBOL        L?0247
  C:19D6H         SYMBOL        L?0248
  C:19D6H         SYMBOL        L?0249
  C:19DCH         SYMBOL        L?0250
BL51 BANKED LINKER/LOCATER V6.22.2.0                                                  01/05/2023  17:04:31  PAGE 13


  C:19DCH         SYMBOL        L?0251
  C:19E5H         SYMBOL        L?0252
  C:19F4H         SYMBOL        L?0253
  C:1A02H         SYMBOL        L?0254
  C:1A02H         SYMBOL        L?0255
  C:1A09H         SYMBOL        L?0256
  C:1A10H         SYMBOL        L?0257
  C:1A1CH         SYMBOL        L?0258
  C:1A28H         SYMBOL        L?0259
  C:1A34H         SYMBOL        L?0260
  C:1A40H         SYMBOL        L?0261
  C:1A4CH         SYMBOL        L?0262
  C:1A58H         SYMBOL        L?0263
  C:1A62H         SYMBOL        L?0264
  C:1A6DH         SYMBOL        L?0265
  C:1A78H         SYMBOL        L?0266
  C:1A83H         SYMBOL        L?0267
  C:1A8DH         SYMBOL        L?0269
  C:1A8DH         SYMBOL        L?0270
  C:1A93H         SYMBOL        L?0271
  C:1A9CH         SYMBOL        L?0272
  C:1A9CH         SYMBOL        L?0273
  -------         PROC          COM00B7
  -------         ENDPROC       COM00B7
  -------         PROC          _DWIN_SEND
  X:0362H         SYMBOL        pd
  -------         DO            
  X:0365H         SYMBOL        crc
  -------         ENDDO         
  C:44EBH         LINE#         93
  C:44F2H         LINE#         94
  C:44F2H         LINE#         96
  C:44F7H         LINE#         97
  C:4513H         LINE#         98
  C:4513H         LINE#         100
  C:454BH         LINE#         101
  C:456CH         LINE#         102
  C:4592H         LINE#         103
  C:4592H         LINE#         105
  -------         ENDPROC       _DWIN_SEND
  -------         PROC          _DWIN_WRITE
  X:0352H         SYMBOL        pd
  X:0355H         SYMBOL        addr
  X:0357H         SYMBOL        dat
  X:035AH         SYMBOL        len
  -------         DO            
  X:035CH         SYMBOL        temp_data
  -------         ENDDO         
  C:4E54H         LINE#         116
  C:4E5EH         LINE#         117
  C:4E5EH         LINE#         119
  C:4E6BH         LINE#         123
  C:4E76H         LINE#         124
  C:4E76H         LINE#         126
  C:4E81H         LINE#         130
  C:4E8BH         LINE#         131
  C:4E94H         LINE#         132
BL51 BANKED LINKER/LOCATER V6.22.2.0                                                  01/05/2023  17:04:31  PAGE 14


  C:4EA5H         LINE#         133
  C:4ED3H         LINE#         134
  C:4EE2H         LINE#         136
  C:4EE5H         LINE#         137
  C:4EE5H         LINE#         138
  -------         ENDPROC       _DWIN_WRITE
  -------         PROC          _DWIN_READ
  X:081BH         SYMBOL        pd
  X:081EH         SYMBOL        addr
  X:0820H         SYMBOL        words
  -------         DO            
  X:0821H         SYMBOL        temp_data
  -------         ENDDO         
  C:5384H         LINE#         147
  C:538EH         LINE#         148
  C:538EH         LINE#         150
  C:539BH         LINE#         155
  C:53A6H         LINE#         156
  C:53A6H         LINE#         157
  C:53BCH         LINE#         158
  C:53C6H         LINE#         159
  C:53DAH         LINE#         161
  C:53E3H         LINE#         162
  C:53E3H         LINE#         163
  -------         ENDPROC       _DWIN_READ
  -------         PROC          _DWIN_PAGECHANGE
  X:0352H         SYMBOL        pd
  X:0355H         SYMBOL        page
  -------         DO            
  X:0357H         SYMBOL        buf
  -------         ENDDO         
  C:555FH         LINE#         171
  C:5569H         LINE#         172
  C:5569H         LINE#         174
  C:5575H         LINE#         180
  C:5580H         LINE#         181
  C:5580H         LINE#         182
  C:5588H         LINE#         183
  C:5590H         LINE#         184
  C:559DH         LINE#         185
  C:55ADH         LINE#         187
  C:55B0H         LINE#         188
  C:55B0H         LINE#         189
  -------         ENDPROC       _DWIN_PAGECHANGE
  C:22C8H         SYMBOL        L?0268
  -------         PROC          _DWIN_RECV_FRAME_CHECK
  X:0343H         SYMBOL        pd
  X:0346H         SYMBOL        paddr
  -------         DO            
  X:0349H         SYMBOL        crc16
  X:061FH         SYMBOL        dwin_buf
  X:034BH         SYMBOL        len
  -------         ENDDO         
  C:20D8H         LINE#         214
  C:20DFH         LINE#         215
  C:20DFH         LINE#         218
  C:20E6H         LINE#         234
BL51 BANKED LINKER/LOCATER V6.22.2.0                                                  01/05/2023  17:04:31  PAGE 15


  C:2110H         LINE#         235
  C:2113H         LINE#         238
  C:211DH         LINE#         239
  C:2120H         LINE#         245
  C:213BH         LINE#         246
  C:214BH         LINE#         247
  C:214EH         LINE#         249
  C:2164H         LINE#         251
  C:2164H         LINE#         253
  C:2172H         LINE#         263
  C:2185H         LINE#         264
  C:2198H         LINE#         265
  C:2198H         LINE#         266
  C:21B6H         LINE#         267
  C:21BEH         LINE#         268
  C:21CDH         LINE#         271
  C:21D0H         LINE#         272
  C:21D0H         LINE#         289
  C:21E2H         LINE#         290
  C:21E9H         LINE#         291
  C:21ECH         LINE#         293
  C:2208H         LINE#         294
  C:220BH         LINE#         295
  C:220EH         LINE#         297
  C:2216H         LINE#         298
  C:2219H         LINE#         300
  C:222FH         LINE#         301
  C:2247H         LINE#         310
  C:2263H         LINE#         311
  C:2277H         LINE#         312
  C:22A0H         LINE#         314
  C:22A0H         LINE#         316
  C:22AFH         LINE#         321
  C:22C2H         LINE#         324
  C:22C5H         LINE#         325
  C:22C5H         LINE#         327
  C:22C7H         LINE#         329
  -------         ENDPROC       _DWIN_RECV_FRAME_CHECK
  -------         PROC          _DWIN_POLL
  X:033DH         SYMBOL        pd
  -------         DO            
  X:0340H         SYMBOL        addr
  X:0342H         SYMBOL        i
  -------         ENDDO         
  C:4BA4H         LINE#         336
  C:4BABH         LINE#         337
  C:4BABH         LINE#         338
  C:4BB0H         LINE#         339
  C:4BB2H         LINE#         341
  C:4BCEH         LINE#         345
  C:4BE1H         LINE#         347
  C:4BF7H         LINE#         348
  C:4BF7H         LINE#         349
  C:4C0BH         LINE#         350
  C:4C0BH         LINE#         351
  C:4C28H         LINE#         352
  C:4C54H         LINE#         353
BL51 BANKED LINKER/LOCATER V6.22.2.0                                                  01/05/2023  17:04:31  PAGE 16


  C:4C54H         LINE#         354
  C:4C54H         LINE#         355
  C:4C5DH         LINE#         361
  -------         ENDPROC       _DWIN_POLL
  -------         PROC          _DWIN_SAVE
  X:034EH         SYMBOL        pd
  -------         DO            
  X:0351H         SYMBOL        ps
  -------         ENDDO         
  C:5502H         LINE#         368
  C:5509H         LINE#         369
  C:5509H         LINE#         370
  C:5513H         LINE#         371
  C:5527H         LINE#         372
  C:5527H         LINE#         374
  C:5540H         LINE#         376
  C:555EH         LINE#         377
  C:555EH         LINE#         378
  -------         ENDPROC       _DWIN_SAVE
  -------         PROC          _DWIN_SETDISMODE
  X:033DH         SYMBOL        pd
  X:0340H         SYMBOL        Site
  -------         DO            
  X:0340H         SYMBOL        ps
  -------         DO            
  X:0343H         SYMBOL        dat
  X:0344H         SYMBOL        page
  -------         ENDDO         
  -------         ENDDO         
  C:3FCDH         LINE#         386
  C:3FD4H         LINE#         387
  C:3FD4H         LINE#         390
  C:3FDEH         LINE#         391
  C:3FDEH         LINE#         393
  C:3FF8H         LINE#         394
  C:3FF8H         LINE#         398
  C:40A7H         LINE#         400
  C:40AAH         LINE#         401
  C:40B2H         LINE#         402
  C:40B2H         LINE#         403
  C:40BDH         LINE#         404
  C:40C2H         LINE#         405
  C:40C8H         LINE#         406
  C:40CAH         LINE#         408
  C:40CAH         LINE#         409
  C:40D5H         LINE#         410
  C:40DAH         LINE#         411
  C:40E0H         LINE#         412
  C:40E0H         LINE#         414
  C:40F0H         LINE#         415
  C:40F0H         LINE#         416
  -------         ENDPROC       _DWIN_SETDISMODE
  -------         PROC          _DWIN_SETSLAVEID
  X:033DH         SYMBOL        pd
  X:0340H         SYMBOL        Site
  -------         DO            
  X:0341H         SYMBOL        ps
BL51 BANKED LINKER/LOCATER V6.22.2.0                                                  01/05/2023  17:04:31  PAGE 17


  -------         DO            
  X:0344H         SYMBOL        dat
  -------         ENDDO         
  -------         ENDDO         
  C:3619H         LINE#         456
  C:3625H         LINE#         457
  C:3625H         LINE#         458
  C:362FH         LINE#         459
  C:3636H         LINE#         460
  C:3766H         LINE#         461
  -------         ENDPROC       _DWIN_SETSLAVEID
  -------         PROC          _DWIN_SETDISTARGETTIMES
  X:033DH         SYMBOL        pd
  X:0340H         SYMBOL        Site
  -------         DO            
  X:0341H         SYMBOL        ps
  -------         DO            
  X:0344H         SYMBOL        dat
  -------         ENDDO         
  -------         ENDDO         
  C:2E01H         LINE#         469
  C:2E0DH         LINE#         470
  C:2E0DH         LINE#         471
  C:2E17H         LINE#         472
  C:2E1EH         LINE#         473
  C:2F5DH         LINE#         474
  -------         ENDPROC       _DWIN_SETDISTARGETTIMES
  -------         PROC          _DWIN_SETDISVCUTOFF
  X:033DH         SYMBOL        pd
  X:0340H         SYMBOL        Site
  -------         DO            
  X:0341H         SYMBOL        ps
  -------         DO            
  X:0344H         SYMBOL        dat
  -------         ENDDO         
  -------         ENDDO         
  C:2F5EH         LINE#         482
  C:2F6AH         LINE#         483
  C:2F6AH         LINE#         484
  C:2F74H         LINE#         485
  C:2F7BH         LINE#         486
  C:30BAH         LINE#         487
  -------         ENDPROC       _DWIN_SETDISVCUTOFF
  -------         PROC          _DWIN_SETDISVREBOOT
  X:033DH         SYMBOL        pd
  X:0340H         SYMBOL        Site
  -------         DO            
  X:0341H         SYMBOL        ps
  -------         DO            
  X:0344H         SYMBOL        dat
  -------         ENDDO         
  -------         ENDDO         
  C:30BBH         LINE#         495
  C:30C7H         LINE#         496
  C:30C7H         LINE#         497
  C:30D1H         LINE#         498
  C:30D8H         LINE#         499
BL51 BANKED LINKER/LOCATER V6.22.2.0                                                  01/05/2023  17:04:31  PAGE 18


  C:3217H         LINE#         500
  -------         ENDPROC       _DWIN_SETDISVREBOOT
  -------         PROC          _DWIN_SETDISILIMIT
  X:033DH         SYMBOL        pd
  X:0340H         SYMBOL        Site
  -------         DO            
  X:0341H         SYMBOL        ps
  -------         DO            
  X:0344H         SYMBOL        dat
  -------         ENDDO         
  -------         ENDDO         
  C:3767H         LINE#         508
  C:3773H         LINE#         509
  C:3773H         LINE#         510
  C:377DH         LINE#         511
  C:3784H         LINE#         512
  C:38B3H         LINE#         513
  -------         ENDPROC       _DWIN_SETDISILIMIT
  -------         PROC          _DWIN_SETDISPLIMIT
  X:033DH         SYMBOL        pd
  X:0340H         SYMBOL        Site
  -------         DO            
  X:0341H         SYMBOL        ps
  -------         DO            
  X:0344H         SYMBOL        dat
  -------         ENDDO         
  -------         ENDDO         
  C:3218H         LINE#         521
  C:3224H         LINE#         522
  C:3224H         LINE#         523
  C:322EH         LINE#         524
  C:3235H         LINE#         525
  C:3374H         LINE#         526
  -------         ENDPROC       _DWIN_SETDISPLIMIT
  -------         PROC          _DWIN_LOGINSURE
  X:033DH         SYMBOL        pd
  X:0340H         SYMBOL        Site
  -------         DO            
  X:0341H         SYMBOL        ps
  X:0344H         SYMBOL        dat
  X:0346H         SYMBOL        addr
  X:0348H         SYMBOL        page
  X:034AH         SYMBOL        default_name
  X:034CH         SYMBOL        defalut_code
  -------         DO            
  X:034EH         SYMBOL        temp_value
  -------         ENDDO         
  -------         ENDDO         
  C:15F2H         LINE#         542
  C:15FEH         LINE#         543
  C:15FEH         LINE#         548
  C:160AH         LINE#         552
  C:1699H         LINE#         555
  C:16B0H         LINE#         556
  C:16B5H         LINE#         557
  C:16DAH         LINE#         560
  C:170DH         LINE#         561
BL51 BANKED LINKER/LOCATER V6.22.2.0                                                  01/05/2023  17:04:31  PAGE 19


  C:170DH         LINE#         562
  C:1731H         LINE#         563
  C:1747H         LINE#         564
  C:1747H         LINE#         565
  C:175BH         LINE#         566
  C:175BH         LINE#         567
  C:1761H         LINE#         568
  C:1783H         LINE#         569
  C:1789H         LINE#         573
  C:17AAH         LINE#         576
  C:17B3H         LINE#         578
  C:17B5H         LINE#         580
  C:17B5H         LINE#         582
  C:17C9H         LINE#         583
  C:17C9H         LINE#         584
  C:17D0H         LINE#         586
  C:17D9H         LINE#         588
  C:17DBH         LINE#         590
  C:17E8H         LINE#         591
  C:17E8H         LINE#         592
  C:17ECH         LINE#         594
  C:17F5H         LINE#         596
  C:17F7H         LINE#         599
  C:17F7H         LINE#         600
  C:17FBH         LINE#         603
  C:180AH         LINE#         605
  C:180AH         LINE#         606
  C:180AH         LINE#         607
  C:180AH         LINE#         608
  C:1824H         LINE#         609
  C:1824H         LINE#         610
  C:182AH         LINE#         613
  C:184BH         LINE#         615
  C:185AH         LINE#         617
  C:185AH         LINE#         618
  C:1878H         LINE#         619
  C:1878H         LINE#         620
  -------         ENDPROC       _DWIN_LOGINSURE
  -------         PROC          _DWIN_SAVESURE
  X:033DH         SYMBOL        pd
  X:0340H         SYMBOL        Site
  -------         DO            
  X:0340H         SYMBOL        ps
  -------         DO            
  X:0343H         SYMBOL        dat
  -------         DO            
  X:0344H         SYMBOL        temp_value
  -------         ENDDO         
  -------         ENDDO         
  -------         ENDDO         
  C:40F1H         LINE#         628
  C:40F8H         LINE#         629
  C:40F8H         LINE#         631
  C:4102H         LINE#         632
  C:4102H         LINE#         634
  C:411CH         LINE#         635
  C:411CH         LINE#         639
BL51 BANKED LINKER/LOCATER V6.22.2.0                                                  01/05/2023  17:04:31  PAGE 20


  C:41BCH         LINE#         642
  C:41C0H         LINE#         643
  C:41C0H         LINE#         644
  C:41CEH         LINE#         647
  C:41F6H         LINE#         648
  C:41FFH         LINE#         649
  C:420CH         LINE#         650
  C:420CH         LINE#         651
  C:420CH         LINE#         652
  -------         ENDPROC       _DWIN_SAVESURE
  -------         PROC          _GET_CRC16
  X:0367H         SYMBOL        ptr
  X:036AH         SYMBOL        length
  X:036CH         SYMBOL        init_dat
  -------         DO            
  X:036EH         SYMBOL        i
  D:0004H         SYMBOL        j
  X:0370H         SYMBOL        crc16
  -------         ENDDO         
  C:4C5EH         LINE#         661
  C:4C68H         LINE#         662
  C:4C68H         LINE#         663
  C:4C6FH         LINE#         664
  C:4C6FH         LINE#         665
  C:4C7EH         LINE#         667
  C:4C9AH         LINE#         668
  C:4C9AH         LINE#         669
  C:4CB7H         LINE#         671
  C:4CBAH         LINE#         672
  C:4CBAH         LINE#         673
  C:4CC5H         LINE#         674
  C:4CC5H         LINE#         675
  C:4CDCH         LINE#         676
  C:4CDEH         LINE#         678
  C:4CDEH         LINE#         679
  C:4CE9H         LINE#         680
  C:4CE9H         LINE#         681
  C:4CF4H         LINE#         682
  C:4D04H         LINE#         683
  C:4D0CH         LINE#         684
  -------         ENDPROC       _GET_CRC16
  -------         ENDMOD        DWIN

  -------         MODULE        GPIO
  C:0000H         SYMBOL        _ICE_DUMMY_
  D:0092H         PUBLIC        P1M0
  D:0093H         PUBLIC        P0M1
  D:0096H         PUBLIC        P2M0
  D:0091H         PUBLIC        P1M1
  D:0080H         PUBLIC        P0
  D:00B2H         PUBLIC        P3M0
  D:0095H         PUBLIC        P2M1
  D:0090H         PUBLIC        P1
  D:00B4H         PUBLIC        P4M0
  D:00B1H         PUBLIC        P3M1
  D:00A0H         PUBLIC        P2
  D:00CAH         PUBLIC        P5M0
BL51 BANKED LINKER/LOCATER V6.22.2.0                                                  01/05/2023  17:04:31  PAGE 21


  D:00B3H         PUBLIC        P4M1
  D:00B0H         PUBLIC        P3
  D:00C9H         PUBLIC        P5M1
  D:00C0H         PUBLIC        P4
  D:00C8H         PUBLIC        P5
  D:00E8H         PUBLIC        P6
  D:00F8H         PUBLIC        P7
  D:00A8H         PUBLIC        IE
  D:00B8H         PUBLIC        IP
  D:00D8H         PUBLIC        CCON
  D:0098H         PUBLIC        SCON
  D:0088H         PUBLIC        TCON
  C:280DH         PUBLIC        _GPIO_Inilize
  D:00D0H         PUBLIC        PSW
  D:0094H         PUBLIC        P0M0
  C:594EH         SYMBOL        Com0022
  C:594EH         SYMBOL        L?0035
  C:594EH         SYMBOL        L?0036
  -------         PROC          COM0022
  -------         ENDPROC       COM0022
  -------         PROC          _GPIO_INILIZE
  D:0007H         SYMBOL        GPIO
  D:0001H         SYMBOL        GPIOx
  C:280DH         LINE#         18
  C:280DH         LINE#         19
  C:280DH         LINE#         20
  C:281AH         LINE#         21
  C:282AH         LINE#         22
  C:282DH         LINE#         23
  C:282DH         LINE#         24
  C:2838H         LINE#         25
  C:2847H         LINE#         26
  C:2856H         LINE#         27
  C:2865H         LINE#         28
  C:2865H         LINE#         29
  C:286AH         LINE#         30
  C:286AH         LINE#         31
  C:2878H         LINE#         32
  C:2885H         LINE#         33
  C:2893H         LINE#         34
  C:28A4H         LINE#         35
  C:28A4H         LINE#         36
  C:28A9H         LINE#         37
  C:28A9H         LINE#         38
  C:28B7H         LINE#         39
  C:28C4H         LINE#         40
  C:28D2H         LINE#         41
  C:28E3H         LINE#         42
  C:28E3H         LINE#         43
  C:28E8H         LINE#         44
  C:28E8H         LINE#         45
  C:28F6H         LINE#         46
  C:2903H         LINE#         47
  C:2911H         LINE#         48
  C:2922H         LINE#         49
  C:2922H         LINE#         50
  C:2927H         LINE#         51
BL51 BANKED LINKER/LOCATER V6.22.2.0                                                  01/05/2023  17:04:31  PAGE 22


  C:2927H         LINE#         52
  C:2935H         LINE#         53
  C:2942H         LINE#         54
  C:2950H         LINE#         55
  C:2961H         LINE#         56
  C:2961H         LINE#         57
  C:2966H         LINE#         58
  C:2966H         LINE#         59
  C:2976H         LINE#         60
  C:2984H         LINE#         61
  C:2992H         LINE#         62
  C:29A3H         LINE#         63
  C:29A3H         LINE#         64
  C:29A5H         LINE#         65
  -------         ENDPROC       _GPIO_INILIZE
  -------         ENDMOD        GPIO

  -------         MODULE        MAIN
  C:0000H         SYMBOL        _ICE_DUMMY_
  D:0080H         PUBLIC        P0
  D:0090H         PUBLIC        P1
  D:00A0H         PUBLIC        P2
  D:00B0H         PUBLIC        P3
  D:00C0H         PUBLIC        P4
  D:00C8H         PUBLIC        P5
  B:00A8H.7       PUBLIC        EA
  D:00E8H         PUBLIC        P6
  D:00F8H         PUBLIC        P7
  C:3D80H         PUBLIC        Gpio_Init
  D:00BAH         PUBLIC        P_SW2
  D:00A8H         PUBLIC        IE
  B:00A8H.4       PUBLIC        ES
  D:00B8H         PUBLIC        IP
  C:4870H         SYMBOL        DisTimer_Task
  D:00D8H         PUBLIC        CCON
  C:34C9H         PUBLIC        main
  X:07DEH         PUBLIC        g_TimerNumbers
  D:0098H         PUBLIC        SCON
  D:0088H         PUBLIC        TCON
  B:00C8H.5       PUBLIC        P55
  C:4A1FH         SYMBOL        _Event_Polling
  D:00AFH         PUBLIC        IE2
  C:5122H         SYMBOL        _?ix1000
  D:00C7H         PUBLIC        IAP_CONTR
  C:5135H         SYMBOL        _?ix1001
  C:5167H         SYMBOL        _?ix1002
  B:00A8H.1       PUBLIC        ET0
  C:4F72H         PUBLIC        _assert_handler
  C:4792H         SYMBOL        Master_Task
  C:1CBFH         SYMBOL        Uartx_Parser
  X:07DFH         PUBLIC        Timer_Group
  C:22D0H         SYMBOL        Report_Task
  D:00D0H         PUBLIC        PSW
  -------         PROC          _ASSERT_HANDLER
  X:0828H         SYMBOL        ex_string
  X:082BH         SYMBOL        func
  X:082EH         SYMBOL        line
BL51 BANKED LINKER/LOCATER V6.22.2.0                                                  01/05/2023  17:04:31  PAGE 23


  -------         DO            
  X:0830H         SYMBOL        dummy
  -------         ENDDO         
  C:4F72H         LINE#         53
  C:4F7DH         LINE#         54
  C:4F7DH         LINE#         55
  C:4F82H         LINE#         60
  C:4FE4H         LINE#         63
  C:4FF2H         LINE#         64
  C:4FF2H         LINE#         65
  C:4FF5H         LINE#         66
  C:4FF7H         LINE#         67
  C:4FF7H         LINE#         69
  C:4FF7H         LINE#         70
  C:4FF7H         LINE#         71
  -------         ENDPROC       _ASSERT_HANDLER
  -------         PROC          MAIN
  -------         DO            
  X:0803H         SYMBOL        Crc
  X:0805H         SYMBOL        ps
  X:0808H         SYMBOL        dis_storage
  -------         ENDDO         
  C:34C9H         LINE#         73
  C:34C9H         LINE#         74
  C:34C9H         LINE#         75
  C:34D1H         LINE#         76
  C:34E2H         LINE#         78
  C:3507H         LINE#         86
  C:350AH         LINE#         88
  C:350DH         LINE#         91
  C:3514H         LINE#         94
  C:351BH         LINE#         95
  C:3522H         LINE#         96
  C:3529H         LINE#         100
  C:3544H         LINE#         101
  C:3568H         LINE#         102
  C:358FH         LINE#         103
  C:358FH         LINE#         105
  C:35B9H         LINE#         106
  C:35E7H         LINE#         107
  C:3602H         LINE#         108
  C:3602H         LINE#         124
  C:3604H         LINE#         132
  C:3604H         LINE#         133
  C:3604H         LINE#         135
  C:3606H         LINE#         136
  C:360FH         LINE#         137
  C:3611H         LINE#         140
  C:3616H         LINE#         141
  -------         ENDPROC       MAIN
  -------         PROC          _EVENT_POLLING
  X:0849H         SYMBOL        ptimer
  -------         DO            
  X:084CH         SYMBOL        p
  -------         ENDDO         
  C:4A1FH         LINE#         168
  C:4A2AH         LINE#         169
BL51 BANKED LINKER/LOCATER V6.22.2.0                                                  01/05/2023  17:04:31  PAGE 24


  C:4A2AH         LINE#         170
  C:4A40H         LINE#         171
  C:4A53H         LINE#         172
  C:4A53H         LINE#         173
  C:4A92H         LINE#         174
  C:4A92H         LINE#         175
  C:4AAFH         LINE#         176
  C:4AAFH         LINE#         177
  C:4AC6H         LINE#         178
  C:4ADBH         LINE#         179
  C:4ADBH         LINE#         180
  C:4AE8H         LINE#         181
  C:4AE8H         LINE#         182
  -------         ENDPROC       _EVENT_POLLING
  -------         PROC          UARTX_PARSER
  -------         DO            
  X:0853H         SYMBOL        puart
  -------         ENDDO         
  C:1CBFH         LINE#         238
  C:1CBFH         LINE#         239
  C:1CBFH         LINE#         240
  C:1CD0H         LINE#         242
  C:1D0CH         LINE#         243
  C:1D0CH         LINE#         246
  C:1D23H         LINE#         247
  C:1D23H         LINE#         248
  C:1D26H         LINE#         249
  C:1D5CH         LINE#         250
  C:1D84H         LINE#         252
  C:1D8DH         LINE#         253
  C:1D90H         LINE#         254
  C:1D90H         LINE#         256
  C:1DACH         LINE#         257
  C:1DACH         LINE#         258
  C:1DCBH         LINE#         259
  C:1DEBH         LINE#         260
  C:1DEBH         LINE#         261
  C:1DEBH         LINE#         262
  C:1DEBH         LINE#         264
  C:1DEDH         LINE#         265
  C:1DEFH         LINE#         267
  C:1DEFH         LINE#         268
  C:1DF2H         LINE#         269
  C:1DF2H         LINE#         270
  C:1DF2H         LINE#         271
  C:1DF5H         LINE#         272
  C:1E14H         LINE#         273
  C:1E30H         LINE#         274
  C:1E45H         LINE#         275
  C:1E48H         LINE#         277
  C:1E48H         LINE#         278
  C:1E4AH         LINE#         279
  C:1E4AH         LINE#         280
  C:1E4AH         LINE#         281
  C:1E4DH         LINE#         282
  C:1E78H         LINE#         283
  C:1E7BH         LINE#         285
BL51 BANKED LINKER/LOCATER V6.22.2.0                                                  01/05/2023  17:04:31  PAGE 25


  C:1E7BH         LINE#         286
  C:1E7BH         LINE#         301
  C:1E7BH         LINE#         302
  C:1E7BH         LINE#         303
  C:1E7BH         LINE#         305
  C:1EC3H         LINE#         306
  C:1EC3H         LINE#         307
  C:1ED0H         LINE#         308
  -------         ENDPROC       UARTX_PARSER
  -------         PROC          MASTER_TASK
  -------         DO            
  X:07A1H         SYMBOL        ps
  X:07A4H         SYMBOL        data_buf
  -------         ENDDO         
  C:4792H         LINE#         316
  C:4792H         LINE#         317
  C:4792H         LINE#         318
  C:47A3H         LINE#         319
  C:47C8H         LINE#         326
  C:47E1H         LINE#         327
  C:47E1H         LINE#         328
  C:4800H         LINE#         329
  C:4806H         LINE#         330
  C:4808H         LINE#         332
  C:480EH         LINE#         334
  C:4839H         LINE#         335
  C:486FH         LINE#         336
  -------         ENDPROC       MASTER_TASK
  -------         PROC          DISTIMER_TASK
  -------         DO            
  X:07D6H         SYMBOL        DisCharging_Times
  X:07DAH         SYMBOL        DisCharging_Quantity
  X:0856H         SYMBOL        pd
  -------         ENDDO         
  C:4870H         LINE#         344
  C:4870H         LINE#         345
  C:4870H         LINE#         348
  C:4881H         LINE#         350
  C:489CH         LINE#         351
  C:489CH         LINE#         352
  C:48C0H         LINE#         354
  C:48EBH         LINE#         355
  C:48EBH         LINE#         356
  C:4906H         LINE#         357
  C:4906H         LINE#         358
  C:4910H         LINE#         360
  C:491AH         LINE#         361
  C:491AH         LINE#         363
  C:4947H         LINE#         365
  -------         ENDPROC       DISTIMER_TASK
  -------         PROC          REPORT_TASK
  -------         DO            
  X:0842H         SYMBOL        pd
  X:0845H         SYMBOL        pm
  X:0848H         SYMBOL        state
  -------         ENDDO         
  C:22D0H         LINE#         379
BL51 BANKED LINKER/LOCATER V6.22.2.0                                                  01/05/2023  17:04:31  PAGE 26


  C:22D0H         LINE#         380
  C:22D0H         LINE#         381
  C:22E1H         LINE#         382
  C:22F2H         LINE#         383
  C:22F7H         LINE#         386
  C:230DH         LINE#         387
  C:2323H         LINE#         388
  C:2363H         LINE#         389
  C:2363H         LINE#         394
  C:2363H         LINE#         396
  C:2379H         LINE#         397
  C:238FH         LINE#         398
  C:23D7H         LINE#         399
  C:23D7H         LINE#         404
  C:23D7H         LINE#         406
  C:23ECH         LINE#         407
  C:2402H         LINE#         408
  C:242CH         LINE#         410
  C:2464H         LINE#         413
  C:249CH         LINE#         415
  -------         ENDPROC       REPORT_TASK
  -------         PROC          GPIO_INIT
  -------         DO            
  X:085FH         SYMBOL        GPIO_InitStruct
  -------         ENDDO         
  C:3D80H         LINE#         439
  C:3D80H         LINE#         440
  C:3D80H         LINE#         441
  C:3DA5H         LINE#         444
  C:3DA8H         LINE#         445
  C:3DAEH         LINE#         447
  C:3DB7H         LINE#         450
  C:3DBDH         LINE#         452
  C:3DC3H         LINE#         453
  C:3DC6H         LINE#         461
  C:3DC6H         LINE#         468
  C:3DCCH         LINE#         469
  C:3DD2H         LINE#         470
  C:3DDDH         LINE#         472
  C:3DE3H         LINE#         473
  C:3DE9H         LINE#         474
  C:3DF4H         LINE#         475
  C:3DF4H         LINE#         478
  C:3DF4H         LINE#         485
  C:3DFAH         LINE#         486
  C:3E00H         LINE#         487
  C:3E0BH         LINE#         489
  C:3E11H         LINE#         490
  C:3E17H         LINE#         491
  C:3E22H         LINE#         492
  C:3E22H         LINE#         495
  C:3E22H         LINE#         503
  C:3E28H         LINE#         504
  C:3E2EH         LINE#         505
  C:3E39H         LINE#         506
  C:3E3FH         LINE#         507
  C:3E4AH         LINE#         510
BL51 BANKED LINKER/LOCATER V6.22.2.0                                                  01/05/2023  17:04:31  PAGE 27


  C:3E50H         LINE#         515
  C:3E56H         LINE#         516
  C:3E61H         LINE#         517
  C:3E67H         LINE#         518
  C:3E6DH         LINE#         519
  C:3E78H         LINE#         520
  C:3E78H         LINE#         523
  C:3E78H         LINE#         527
  C:3E7EH         LINE#         528
  C:3E84H         LINE#         529
  C:3E8FH         LINE#         530
  C:3E8FH         LINE#         532
  C:3E95H         LINE#         533
  C:3E9BH         LINE#         534
  C:3EA6H         LINE#         536
  -------         ENDPROC       GPIO_INIT
  -------         ENDMOD        MAIN

  -------         MODULE        TIMER
  C:0000H         SYMBOL        _ICE_DUMMY_
  D:0080H         PUBLIC        P0
  D:0090H         PUBLIC        P1
  D:00A0H         PUBLIC        P2
  D:00B0H         PUBLIC        P3
  C:249DH         PUBLIC        Timer0_ISR
  D:00C0H         PUBLIC        P4
  D:00C8H         PUBLIC        P5
  D:00E8H         PUBLIC        P6
  D:00F8H         PUBLIC        P7
  D:00A8H         PUBLIC        IE
  D:00B8H         PUBLIC        IP
  D:00D8H         PUBLIC        CCON
  C:57C6H         PUBLIC        Timer0_Init
  X:0831H         PUBLIC        Timer0
  D:0098H         PUBLIC        SCON
  D:0089H         PUBLIC        TMOD
  D:0088H         PUBLIC        TCON
  D:008EH         PUBLIC        AUXR
  B:00A8H.1       PUBLIC        ET0
  B:0088H.5       PUBLIC        TF0
  D:008CH         PUBLIC        TH0
  D:008AH         PUBLIC        TL0
  B:0088H.4       PUBLIC        TR0
  D:00B7H         PUBLIC        IPH
  C:430FH         SYMBOL        _TIM_Base_MspInit
  D:00D0H         PUBLIC        PSW
  -------         PROC          TIMER0_INIT
  C:57C6H         LINE#         18
  C:57C6H         LINE#         19
  C:57C6H         LINE#         20
  C:57CBH         LINE#         22
  C:57D1H         LINE#         23
  C:57D7H         LINE#         24
  C:57E1H         LINE#         26
  C:57E6H         LINE#         27
  C:57EBH         LINE#         29
  C:57F1H         LINE#         31
BL51 BANKED LINKER/LOCATER V6.22.2.0                                                  01/05/2023  17:04:31  PAGE 28


  C:57F7H         LINE#         32
  C:5800H         LINE#         33
  -------         ENDPROC       TIMER0_INIT
  -------         PROC          _TIM_BASE_MSPINIT
  X:0859H         SYMBOL        tim_baseHandle
  C:430FH         LINE#         35
  C:431AH         LINE#         36
  C:431AH         LINE#         37
  C:4334H         LINE#         38
  C:4334H         LINE#         39
  C:4334H         LINE#         40
  C:4334H         LINE#         41
  C:434CH         LINE#         43
  C:4364H         LINE#         45
  C:437DH         LINE#         46
  C:439AH         LINE#         47
  C:43B2H         LINE#         48
  C:43CAH         LINE#         50
  C:43E4H         LINE#         52
  C:43FEH         LINE#         54
  C:4400H         LINE#         55
  C:4400H         LINE#         56
  C:4400H         LINE#         57
  C:4400H         LINE#         58
  C:4400H         LINE#         59
  C:4400H         LINE#         60
  -------         ENDPROC       _TIM_BASE_MSPINIT
  -------         PROC          TIMER0_ISR
  -------         DO            
  D:0027H         SYMBOL        e
  -------         DO            
  I:0028H         SYMBOL        puart
  -------         ENDDO         
  -------         ENDDO         
  C:249DH         LINE#         64
  C:24BAH         LINE#         66
  C:24BDH         LINE#         68
  C:24CEH         LINE#         69
  C:24CEH         LINE#         70
  C:24E9H         LINE#         71
  C:24E9H         LINE#         72
  C:2501H         LINE#         73
  C:2535H         LINE#         74
  C:2535H         LINE#         75
  C:2549H         LINE#         76
  C:255FH         LINE#         77
  C:255FH         LINE#         78
  C:255FH         LINE#         79
  C:2564H         LINE#         82
  C:2564H         LINE#         85
  C:2574H         LINE#         87
  C:25AEH         LINE#         88
  C:25AEH         LINE#         94
  C:25C6H         LINE#         95
  C:25C6H         LINE#         96
  C:25DDH         LINE#         97
  C:25DDH         LINE#         98
BL51 BANKED LINKER/LOCATER V6.22.2.0                                                  01/05/2023  17:04:31  PAGE 29


  C:25F2H         LINE#         99
  C:25F4H         LINE#         101
  C:25F4H         LINE#         102
  C:2630H         LINE#         104
  C:2630H         LINE#         105
  C:2630H         LINE#         106
  C:263DH         LINE#         107
  C:263DH         LINE#         108
  -------         ENDPROC       TIMER0_ISR
  -------         ENDMOD        TIMER

  -------         MODULE        USART
  C:0000H         SYMBOL        _ICE_DUMMY_
  C:58F9H         PUBLIC        _Busy_Await
  D:0080H         PUBLIC        P0
  D:0090H         PUBLIC        P1
  D:00A0H         PUBLIC        P2
  D:00B0H         PUBLIC        P3
  D:00C0H         PUBLIC        P4
  D:00C8H         PUBLIC        P5
  D:00E8H         PUBLIC        P6
  D:00F8H         PUBLIC        P7
  X:0001H         SYMBOL        Uart1_Buffer
  D:00A8H         PUBLIC        IE
  X:0081H         SYMBOL        Uart2_Buffer
  X:0101H         PUBLIC        Uart_Group
  X:0151H         SYMBOL        Uart3_Buffer
  X:02BDH         SYMBOL        Uart4_Buffer
  D:00B6H         PUBLIC        IP2H
  B:00A8H.4       PUBLIC        ES
  D:00B8H         PUBLIC        IP
  B:0098H.0       PUBLIC        RI
  B:0098H.1       PUBLIC        TI
  D:00D8H         PUBLIC        CCON
  C:38B4H         PUBLIC        _Uart_Base_MspInit
  D:0099H         PUBLIC        SBUF
  C:585DH         PUBLIC        Auto_RST_download
  D:0098H         PUBLIC        SCON
  D:0089H         PUBLIC        TMOD
  D:0088H         PUBLIC        TCON
  C:5886H         PUBLIC        UART1_ISR
  C:52BAH         PUBLIC        UART2_ISR
  C:524EH         PUBLIC        _Uartx_SendStr
  C:531FH         PUBLIC        UART3_ISR
  D:00AFH         PUBLIC        IE2
  C:4AE9H         PUBLIC        UART4_ISR
  D:008EH         PUBLIC        AUXR
  C:420DH         SYMBOL        _?ix1000
  D:00C7H         PUBLIC        IAP_CONTR
  C:420FH         SYMBOL        _?ix1001
  C:55B1H         PUBLIC        _Uart1_Init
  C:56C9H         PUBLIC        _Uart2_Init
  C:5645H         PUBLIC        _Uart3_Init
  C:5688H         PUBLIC        _Uart4_Init
  D:00B5H         PUBLIC        IP2
  D:008DH         PUBLIC        TH1
  D:00D6H         PUBLIC        TH2
BL51 BANKED LINKER/LOCATER V6.22.2.0                                                  01/05/2023  17:04:31  PAGE 30


  D:00D4H         PUBLIC        T3H
  D:00D2H         PUBLIC        T4H
  D:008BH         PUBLIC        TL1
  D:00D7H         PUBLIC        TL2
  D:00D5H         PUBLIC        T3L
  D:00D3H         PUBLIC        T4L
  B:0088H.6       PUBLIC        TR1
  D:00D1H         PUBLIC        T4T3M
  D:00B7H         PUBLIC        IPH
  D:009BH         PUBLIC        S2BUF
  D:00ADH         PUBLIC        S3BUF
  D:0085H         PUBLIC        S4BUF
  D:009AH         PUBLIC        S2CON
  D:00ACH         PUBLIC        S3CON
  D:0084H         PUBLIC        S4CON
  C:5169H         PUBLIC        _Uartx_Printf
  D:00D0H         PUBLIC        PSW
  C:4D0DH         SYMBOL        Com003D
  C:4D0DH         SYMBOL        L?0062
  C:4D0DH         SYMBOL        L?0063
  C:4D10H         SYMBOL        L?0064
  C:4D19H         SYMBOL        L?0065
  C:4D19H         SYMBOL        L?0066
  C:4D2CH         SYMBOL        L?0068
  C:4D2CH         SYMBOL        L?0069
  C:4D2DH         SYMBOL        L?0070
  C:4D35H         SYMBOL        L?0071
  C:4D38H         SYMBOL        L?0072
  C:4D44H         SYMBOL        L?0073
  C:4D59H         SYMBOL        L?0074
  C:4D5AH         SYMBOL        L?0075
  C:4D5DH         SYMBOL        L?0076
  C:4D64H         SYMBOL        L?0077
  C:4D64H         SYMBOL        L?0078
  C:4D6DH         SYMBOL        L?0079
  C:4D7DH         SYMBOL        L?0080
  C:4D7DH         SYMBOL        L?0081
  C:4D87H         SYMBOL        L?0082
  C:4D8AH         SYMBOL        L?0083
  C:4D91H         SYMBOL        L?0084
  C:4D91H         SYMBOL        L?0085
  C:4D97H         SYMBOL        L?0086
  C:4D97H         SYMBOL        L?0087
  C:4D9DH         SYMBOL        L?0088
  C:4D9DH         SYMBOL        L?0089
  C:4DA5H         SYMBOL        L?0090
  C:4DA5H         SYMBOL        L?0091
  C:4DADH         SYMBOL        L?0092
  C:4DB6H         SYMBOL        L?0093
  C:4DB6H         SYMBOL        L?0094
  -------         PROC          COM003D
  -------         ENDPROC       COM003D
  -------         PROC          _UART1_INIT
  D:0006H         SYMBOL        baud
  C:55B1H         LINE#         55
  C:55B1H         LINE#         56
  C:55B1H         LINE#         57
BL51 BANKED LINKER/LOCATER V6.22.2.0                                                  01/05/2023  17:04:31  PAGE 31


  C:55B7H         LINE#         58
  C:55B9H         LINE#         59
  C:55B9H         LINE#         60
  C:55B9H         LINE#         61
  C:55B9H         LINE#         62
  C:55BCH         LINE#         63
  C:55C3H         LINE#         64
  C:55C9H         LINE#         65
  C:55CCH         LINE#         67
  C:55D2H         LINE#         68
  C:55D4H         LINE#         70
  C:55D9H         LINE#         71
  C:55E8H         LINE#         72
  C:55EBH         LINE#         73
  C:55F4H         LINE#         76
  -------         ENDPROC       _UART1_INIT
  -------         PROC          AUTO_RST_DOWNLOAD
  -------         DO            
  X:0000H         SYMBOL        semCont
  -------         ENDDO         
  C:585DH         LINE#         90
  C:585DH         LINE#         91
  C:585DH         LINE#         93
  C:586BH         LINE#         94
  C:586BH         LINE#         95
  C:587AH         LINE#         96
  C:587AH         LINE#         97
  C:587CH         LINE#         98
  C:587FH         LINE#         99
  C:587FH         LINE#         100
  C:5880H         LINE#         102
  C:5880H         LINE#         103
  C:5885H         LINE#         104
  C:5885H         LINE#         105
  -------         ENDPROC       AUTO_RST_DOWNLOAD
  -------         PROC          UART1_ISR
  C:5886H         LINE#         116
  C:5891H         LINE#         118
  C:5894H         LINE#         119
  C:5894H         LINE#         120
  C:5896H         LINE#         121
  C:589DH         LINE#         122
  C:589DH         LINE#         124
  C:58A0H         LINE#         125
  C:58A0H         LINE#         126
  C:58A2H         LINE#         130
  C:58A5H         LINE#         134
  C:58A5H         LINE#         135
  -------         ENDPROC       UART1_ISR
  -------         PROC          _UART2_INIT
  D:0006H         SYMBOL        baud
  C:56C9H         LINE#         146
  C:56C9H         LINE#         147
  C:56C9H         LINE#         148
  C:56CFH         LINE#         149
  C:56D1H         LINE#         150
  C:56D1H         LINE#         151
BL51 BANKED LINKER/LOCATER V6.22.2.0                                                  01/05/2023  17:04:31  PAGE 32


  C:56D1H         LINE#         152
  C:56D1H         LINE#         153
  C:56D4H         LINE#         154
  C:56D8H         LINE#         155
  C:56DEH         LINE#         156
  C:56E2H         LINE#         158
  C:56E7H         LINE#         159
  C:56F6H         LINE#         160
  C:56F9H         LINE#         161
  C:5702H         LINE#         164
  -------         ENDPROC       _UART2_INIT
  -------         PROC          UART2_ISR
  C:52BAH         LINE#         175
  C:52C7H         LINE#         177
  C:52CCH         LINE#         178
  C:52CCH         LINE#         179
  C:52CFH         LINE#         180
  C:52D6H         LINE#         181
  C:52D6H         LINE#         183
  C:52DBH         LINE#         184
  C:52DBH         LINE#         185
  C:52DEH         LINE#         186
  C:5314H         LINE#         187
  C:5314H         LINE#         188
  -------         ENDPROC       UART2_ISR
  -------         PROC          _UART3_INIT
  D:0006H         SYMBOL        baud
  C:5645H         LINE#         198
  C:5645H         LINE#         199
  C:5645H         LINE#         200
  C:564BH         LINE#         201
  C:564DH         LINE#         203
  C:5650H         LINE#         204
  C:5656H         LINE#         205
  C:565CH         LINE#         207
  C:5661H         LINE#         208
  C:5670H         LINE#         209
  C:567AH         LINE#         210
  C:5681H         LINE#         213
  -------         ENDPROC       _UART3_INIT
  -------         PROC          UART3_ISR
  C:531FH         LINE#         224
  C:532CH         LINE#         227
  C:5331H         LINE#         228
  C:5331H         LINE#         229
  C:5334H         LINE#         230
  C:533BH         LINE#         231
  C:533BH         LINE#         233
  C:5340H         LINE#         234
  C:5340H         LINE#         235
  C:5343H         LINE#         236
  C:5379H         LINE#         237
  C:5379H         LINE#         238
  -------         ENDPROC       UART3_ISR
  -------         PROC          _UART4_INIT
  D:0006H         SYMBOL        baud
  C:5688H         LINE#         248
BL51 BANKED LINKER/LOCATER V6.22.2.0                                                  01/05/2023  17:04:31  PAGE 33


  C:5688H         LINE#         249
  C:5688H         LINE#         250
  C:568EH         LINE#         251
  C:5692H         LINE#         253
  C:5696H         LINE#         254
  C:569CH         LINE#         255
  C:56A2H         LINE#         257
  C:56A7H         LINE#         258
  C:56B6H         LINE#         259
  C:56B9H         LINE#         260
  C:56C2H         LINE#         263
  -------         ENDPROC       _UART4_INIT
  -------         PROC          UART4_ISR
  -------         DO            
  X:04C3H         SYMBOL        rb
  -------         ENDDO         
  C:4AE9H         LINE#         274
  C:4AF6H         LINE#         277
  C:4B02H         LINE#         279
  C:4B07H         LINE#         280
  C:4B07H         LINE#         281
  C:4B0AH         LINE#         283
  C:4B11H         LINE#         284
  C:4B11H         LINE#         286
  C:4B19H         LINE#         287
  C:4B19H         LINE#         288
  C:4B1CH         LINE#         294
  C:4B39H         LINE#         297
  C:4B56H         LINE#         302
  C:4B78H         LINE#         303
  C:4B78H         LINE#         304
  C:4B89H         LINE#         305
  C:4B89H         LINE#         307
  C:4B99H         LINE#         309
  C:4B99H         LINE#         310
  -------         ENDPROC       UART4_ISR
  C:39CBH         SYMBOL        L?0067
  C:39E2H         SYMBOL        L?0095
  -------         PROC          _UART_BASE_MSPINIT
  X:033DH         SYMBOL        uart_baseHandle
  -------         DO            
  X:0340H         SYMBOL        GPIO_InitStruct
  -------         ENDDO         
  C:38B4H         LINE#         322
  C:38BBH         LINE#         323
  C:38BBH         LINE#         324
  C:38CEH         LINE#         325
  C:38EBH         LINE#         326
  C:38EBH         LINE#         327
  C:38EBH         LINE#         328
  C:38EBH         LINE#         329
  C:38F0H         LINE#         330
  C:38F5H         LINE#         331
  C:38FAH         LINE#         332
  C:38FDH         LINE#         333
  C:3906H         LINE#         334
  C:390EH         LINE#         335
BL51 BANKED LINKER/LOCATER V6.22.2.0                                                  01/05/2023  17:04:31  PAGE 34


  C:3916H         LINE#         336
  C:391EH         LINE#         340
  C:3925H         LINE#         343
  C:3925H         LINE#         344
  C:3925H         LINE#         345
  C:392AH         LINE#         348
  C:392AH         LINE#         349
  C:392AH         LINE#         350
  C:392FH         LINE#         351
  C:392FH         LINE#         352
  C:3932H         LINE#         353
  C:3932H         LINE#         354
  C:3932H         LINE#         355
  C:393AH         LINE#         356
  C:393FH         LINE#         357
  C:3942H         LINE#         358
  C:394AH         LINE#         359
  C:3951H         LINE#         360
  C:3959H         LINE#         361
  C:3961H         LINE#         363
  C:3961H         LINE#         364
  C:3961H         LINE#         365
  C:3965H         LINE#         368
  C:3965H         LINE#         369
  C:3965H         LINE#         370
  C:396AH         LINE#         371
  C:396AH         LINE#         372
  C:396DH         LINE#         373
  C:396DH         LINE#         374
  C:396DH         LINE#         375
  C:3975H         LINE#         376
  C:397AH         LINE#         377
  C:397FH         LINE#         378
  C:3982H         LINE#         379
[...]
  C:1CBEH         LINE#         417
  -------         ENDPROC       _MODUS_READXCOIL
  -------         PROC          _MODUS_WRITECOIL
  X:033DH         SYMBOL        pd
  -------         DO            
  X:0340H         SYMBOL        pdat
  X:0343H         SYMBOL        len
  X:0344H         SYMBOL        i
  X:0345H         SYMBOL        crc
  -------         DO            
  X:0346H         SYMBOL        wbit
  -------         ENDDO         
  -------         ENDDO         
  C:3375H         LINE#         424
  C:337CH         LINE#         425
  C:337CH         LINE#         426
  C:3381H         LINE#         430
  C:3388H         LINE#         431
  C:3388H         LINE#         433
  C:3392H         LINE#         434
  C:3392H         LINE#         435
  C:33B4H         LINE#         436
  C:33BAH         LINE#         437
  C:33C6H         LINE#         438
  C:33D2H         LINE#         439
  C:33D8H         LINE#         440
  C:33DBH         LINE#         443
  C:33DBH         LINE#         444
  C:33ECH         LINE#         446
  C:33FCH         LINE#         448
  C:3408H         LINE#         449
  C:3408H         LINE#         450
  C:3449H         LINE#         451
  C:3451H         LINE#         452
  C:345AH         LINE#         453
  C:345FH         LINE#         454
  C:345FH         LINE#         458
  C:346AH         LINE#         460
  C:3490H         LINE#         463
  C:34BAH         LINE#         464
  -------         ENDPROC       _MODUS_WRITECOIL
BL51 BANKED LINKER/LOCATER V6.22.2.0                                                  01/05/2023  17:04:31  PAGE 48


  -------         PROC          _MODUS_READXREGISTER
  X:033DH         SYMBOL        pd
  -------         DO            
  X:0340H         SYMBOL        len
  X:0341H         SYMBOL        buf
  X:0365H         SYMBOL        prdata
  -------         ENDDO         
  C:2C99H         LINE#         474
  C:2CA0H         LINE#         475
  C:2CA0H         LINE#         476
  C:2CB8H         LINE#         477
  C:2CC5H         LINE#         479
  C:2CDCH         LINE#         480
  C:2CDCH         LINE#         481
  C:2CEEH         LINE#         482
  C:2CFAH         LINE#         483
  C:2D04H         LINE#         484
  C:2D26H         LINE#         485
  C:2D2FH         LINE#         486
  C:2D4FH         LINE#         487
  C:2D58H         LINE#         489
  C:2D6EH         LINE#         490
  C:2D71H         LINE#         492
  C:2DA1H         LINE#         493
  C:2DD4H         LINE#         494
  C:2DE6H         LINE#         496
  C:2E00H         LINE#         497
  C:2E00H         LINE#         498
  -------         ENDPROC       _MODUS_READXREGISTER
  -------         PROC          _MODUS_WRITEHOLDREGISTER
  X:033DH         SYMBOL        pd
  -------         DO            
  X:0340H         SYMBOL        pdat
  X:0343H         SYMBOL        len
  X:0344H         SYMBOL        crc
  -------         ENDDO         
  C:4401H         LINE#         505
  C:4408H         LINE#         506
  C:4408H         LINE#         507
  C:440BH         LINE#         510
  C:4413H         LINE#         511
  C:4413H         LINE#         513
  C:441DH         LINE#         514
  C:441DH         LINE#         515
  C:4423H         LINE#         517
  C:443AH         LINE#         518
  C:4446H         LINE#         519
  C:444CH         LINE#         520
  C:444EH         LINE#         522
  C:444EH         LINE#         523
  C:4461H         LINE#         525
  C:446FH         LINE#         526
  C:4478H         LINE#         527
  C:447DH         LINE#         528
  C:447DH         LINE#         529
  C:4488H         LINE#         531
  C:44B2H         LINE#         533
BL51 BANKED LINKER/LOCATER V6.22.2.0                                                  01/05/2023  17:04:31  PAGE 49


  C:44DCH         LINE#         534
  -------         ENDPROC       _MODUS_WRITEHOLDREGISTER
  -------         PROC          _MODBUS_SEND
  X:033DH         SYMBOL        pd
  D:0005H         SYMBOL        crc
  -------         DO            
  X:0340H         SYMBOL        crc16
  -------         ENDDO         
  C:4948H         LINE#         563
  C:494FH         LINE#         564
  C:494FH         LINE#         565
  C:4952H         LINE#         566
  C:4952H         LINE#         567
  C:4986H         LINE#         569
  C:4993H         LINE#         570
  C:49C4H         LINE#         571
  C:49CDH         LINE#         572
  C:49CDH         LINE#         573
  C:49DEH         LINE#         574
  C:4A1EH         LINE#         580
  -------         ENDPROC       _MODBUS_SEND
  -------         ENDMOD        MODBUS

  -------         MODULE        UTILS_RINGBUFFER
  C:0000H         SYMBOL        _ICE_DUMMY_
  D:0080H         PUBLIC        P0
  D:0090H         PUBLIC        P1
  D:00A0H         PUBLIC        P2
  D:00B0H         PUBLIC        P3
  D:00C0H         PUBLIC        P4
  D:00C8H         PUBLIC        P5
  D:00E8H         PUBLIC        P6
  D:00F8H         PUBLIC        P7
  D:00A8H         PUBLIC        IE
  D:00B8H         PUBLIC        IP
  D:00D8H         PUBLIC        CCON
  D:0098H         PUBLIC        SCON
  D:0088H         PUBLIC        TCON
  C:5801H         PUBLIC        _ringbuffer_flush
  C:4FF8H         PUBLIC        _ringbuffer_gets
  C:4DBCH         PUBLIC        _ringbuffer_init
  C:51DCH         PUBLIC        _ringbuffer_get
  C:5833H         PUBLIC        _ringbuffer_num
  C:507CH         PUBLIC        _ringbuffer_put
  D:00D0H         PUBLIC        PSW
  C:54A3H         SYMBOL        Com001B
  C:54A3H         SYMBOL        L?0028
  C:54A3H         SYMBOL        L?0029
  C:54A6H         SYMBOL        L?0030
  C:54AFH         SYMBOL        L?0031
  C:54AFH         SYMBOL        L?0032
  C:54C2H         SYMBOL        L?0033
  C:54C2H         SYMBOL        L?0034
  C:54C5H         SYMBOL        L?0035
  C:54CBH         SYMBOL        L?0036
  C:54D1H         SYMBOL        L?0037
  C:54D1H         SYMBOL        L?0038
BL51 BANKED LINKER/LOCATER V6.22.2.0                                                  01/05/2023  17:04:31  PAGE 50


  C:54DAH         SYMBOL        L?0039
  C:54DAH         SYMBOL        L?0040
  C:54E2H         SYMBOL        L?0041
  C:54EAH         SYMBOL        L?0042
  C:54F5H         SYMBOL        L?0043
  C:54F5H         SYMBOL        L?0044
  C:54FBH         SYMBOL        L?0045
  C:54FBH         SYMBOL        L?0046
  -------         PROC          COM001B
  -------         ENDPROC       COM001B
  -------         PROC          _RINGBUFFER_INIT
  X:083AH         SYMBOL        rb
  X:083DH         SYMBOL        buf
  X:0840H         SYMBOL        size
  C:4DBCH         LINE#         38
  C:4DC2H         LINE#         39
  C:4DC2H         LINE#         40
  C:4DEDH         LINE#         45
  C:4E04H         LINE#         46
  C:4E04H         LINE#         47
  C:4E09H         LINE#         48
  C:4E09H         LINE#         51
  C:4E26H         LINE#         52
  C:4E2FH         LINE#         53
  C:4E3BH         LINE#         54
  C:4E50H         LINE#         56
  C:4E53H         LINE#         57
  -------         ENDPROC       _RINGBUFFER_INIT
  -------         PROC          _RINGBUFFER_GET
  X:0356H         SYMBOL        rb
  X:0359H         SYMBOL        dat
  C:51DCH         LINE#         63
  C:51E2H         LINE#         64
  C:51E2H         LINE#         65
  C:5205H         LINE#         67
  C:5216H         LINE#         68
  C:5216H         LINE#         69
  C:523CH         LINE#         70
  C:5245H         LINE#         71
  C:5249H         LINE#         72
  C:5249H         LINE#         74
  C:524DH         LINE#         75
  -------         ENDPROC       _RINGBUFFER_GET
  -------         PROC          _RINGBUFFER_GETS
  X:034CH         SYMBOL        rb
  X:034FH         SYMBOL        buf
  X:0352H         SYMBOL        size
  -------         DO            
  X:0354H         SYMBOL        i
  -------         ENDDO         
  C:4FF8H         LINE#         81
  C:4FFEH         LINE#         82
  C:4FFEH         LINE#         83
  C:5005H         LINE#         84
  C:5024H         LINE#         86
  C:503FH         LINE#         87
  C:503FH         LINE#         88
BL51 BANKED LINKER/LOCATER V6.22.2.0                                                  01/05/2023  17:04:31  PAGE 51


  C:5061H         LINE#         89
  C:5063H         LINE#         90
  C:5073H         LINE#         92
  C:507BH         LINE#         93
  -------         ENDPROC       _RINGBUFFER_GETS
  -------         PROC          _RINGBUFFER_PUT
  X:084FH         SYMBOL        rb
  X:0852H         SYMBOL        dat
  C:507CH         LINE#         99
  C:5087H         LINE#         100
  C:5087H         LINE#         101
  C:5096H         LINE#         103
  C:50C5H         LINE#         109
  C:50DBH         LINE#         110
  C:50DBH         LINE#         111
  C:50ECH         LINE#         112
  C:50ECH         LINE#         114
  C:50F2H         LINE#         116
  C:50F5H         LINE#         117
  -------         ENDPROC       _RINGBUFFER_PUT
  -------         PROC          _RINGBUFFER_NUM
  X:034CH         SYMBOL        rb
  C:5833H         LINE#         122
  C:5839H         LINE#         123
  C:5839H         LINE#         124
  C:584FH         LINE#         126
  C:585CH         LINE#         127
  -------         ENDPROC       _RINGBUFFER_NUM
  -------         PROC          _RINGBUFFER_FLUSH
  X:085CH         SYMBOL        rb
  C:5801H         LINE#         132
  C:5807H         LINE#         133
  C:5807H         LINE#         134
  C:581DH         LINE#         136
  C:582FH         LINE#         138
  C:5832H         LINE#         139
  -------         ENDPROC       _RINGBUFFER_FLUSH
  -------         ENDMOD        UTILS_RINGBUFFER

  -------         MODULE        ?C?FPADD
  C:009DH         PUBLIC        ?C?FPADD
  C:0099H         PUBLIC        ?C?FPSUB
  -------         ENDMOD        ?C?FPADD

  -------         MODULE        ?C?FPMUL
  C:018EH         PUBLIC        ?C?FPMUL
  -------         ENDMOD        ?C?FPMUL

  -------         MODULE        ?C?FPDIV
  C:0297H         PUBLIC        ?C?FPDIV
  -------         ENDMOD        ?C?FPDIV

  -------         MODULE        ?C?FPCMP
  C:0336H         PUBLIC        ?C?FPCMP
  C:0334H         PUBLIC        ?C?FPCMP3
  -------         ENDMOD        ?C?FPCMP

BL51 BANKED LINKER/LOCATER V6.22.2.0                                                  01/05/2023  17:04:31  PAGE 52


  -------         MODULE        ?C?FCAST
  C:03B7H         PUBLIC        ?C?FCASTC
  C:03B2H         PUBLIC        ?C?FCASTI
  C:03ADH         PUBLIC        ?C?FCASTL
  -------         ENDMOD        ?C?FCAST

  -------         MODULE        LOG
  C:3C8BH         PUBLIC        _LOG
  C:3C87H         PUBLIC        _LOG10
  -------         ENDMOD        LOG

  -------         MODULE        VSPRINTF
  X:048AH         PUBLIC        ?_VSPRINTF?BYTE
  C:55FBH         PUBLIC        _VSPRINTF
  -------         ENDMOD        VSPRINTF

  -------         MODULE        PRINTF
  X:0493H         PUBLIC        ?_PRINTF?BYTE
  X:0493H         PUBLIC        ?_SPRINTF?BYTE
  C:0EB4H         PUBLIC        _PRINTF
  C:0EAEH         PUBLIC        _SPRINTF
  -------         ENDMOD        PRINTF

  -------         MODULE        ?C?FPROUND
  C:0482H         PUBLIC        ?C?FPROUND
  -------         ENDMOD        ?C?FPROUND

  -------         MODULE        ?C?FPCONVERT
  C:04BFH         PUBLIC        ?C?FPCONVERT
  -------         ENDMOD        ?C?FPCONVERT

  -------         MODULE        ?C?FTNPWR
  C:05F4H         PUBLIC        ?C?FTNPWR
  -------         ENDMOD        ?C?FTNPWR

  -------         MODULE        ?C?COPY
  C:0704H         PUBLIC        ?C?COPY
  -------         ENDMOD        ?C?COPY

  -------         MODULE        ?C?CLDPTR
  C:072AH         PUBLIC        ?C?CLDPTR
  -------         ENDMOD        ?C?CLDPTR

  -------         MODULE        ?C?CLDOPTR
  C:0743H         PUBLIC        ?C?CLDOPTR
  -------         ENDMOD        ?C?CLDOPTR

  -------         MODULE        ?C?CLDIOPTR
  C:0770H         PUBLIC        ?C?CLDIOPTR
  -------         ENDMOD        ?C?CLDIOPTR

  -------         MODULE        ?C?CILDOPTR
  C:07A7H         PUBLIC        ?C?CILDOPTR
  -------         ENDMOD        ?C?CILDOPTR

  -------         MODULE        ?C?CSTPTR
  C:07DAH         PUBLIC        ?C?CSTPTR
BL51 BANKED LINKER/LOCATER V6.22.2.0                                                  01/05/2023  17:04:31  PAGE 53


  -------         ENDMOD        ?C?CSTPTR

  -------         MODULE        ?C?CSTOPTR
  C:07ECH         PUBLIC        ?C?CSTOPTR
  -------         ENDMOD        ?C?CSTOPTR

  -------         MODULE        ?C?IMUL
  C:080EH         PUBLIC        ?C?IMUL
  -------         ENDMOD        ?C?IMUL

  -------         MODULE        ?C?UIDIV
  C:0820H         PUBLIC        ?C?UIDIV
  -------         ENDMOD        ?C?UIDIV

  -------         MODULE        ?C?IILDX
  C:0875H         PUBLIC        ?C?IILDX
  -------         ENDMOD        ?C?IILDX

  -------         MODULE        ?C?ILDIX
  C:088BH         PUBLIC        ?C?ILDIX
  -------         ENDMOD        ?C?ILDIX

  -------         MODULE        ?C?ILDPTR
  C:08A1H         PUBLIC        ?C?ILDPTR
  -------         ENDMOD        ?C?ILDPTR

  -------         MODULE        ?C?ILDOPTR
  C:08CCH         PUBLIC        ?C?ILDOPTR
  -------         ENDMOD        ?C?ILDOPTR

  -------         MODULE        ?C?ILDIOPTR
  C:0904H         PUBLIC        ?C?ILDIOPTR
  -------         ENDMOD        ?C?ILDIOPTR

  -------         MODULE        ?C?IILDOPTR
  C:0950H         PUBLIC        ?C?IILDOPTR
  -------         ENDMOD        ?C?IILDOPTR

  -------         MODULE        ?C?ISTPTR
  C:099DH         PUBLIC        ?C?ISTPTR
  -------         ENDMOD        ?C?ISTPTR

  -------         MODULE        ?C?ISTOPTR
  C:09BCH         PUBLIC        ?C?ISTOPTR
  -------         ENDMOD        ?C?ISTOPTR

  -------         MODULE        ?C?ULDIV
  C:0A25H         PUBLIC        ?C?ULDIV
  -------         ENDMOD        ?C?ULDIV

  -------         MODULE        ?C?LNEG
  C:0AB7H         PUBLIC        ?C?LNEG
  -------         ENDMOD        ?C?LNEG

  -------         MODULE        ?C?ULCMP
  C:0AC5H         PUBLIC        ?C?ULCMP
  -------         ENDMOD        ?C?ULCMP
BL51 BANKED LINKER/LOCATER V6.22.2.0                                                  01/05/2023  17:04:31  PAGE 54



  -------         MODULE        ?C?LLDPTR
  C:0AD6H         PUBLIC        ?C?LLDPTR
  -------         ENDMOD        ?C?LLDPTR

  -------         MODULE        ?C?LLDOPTR
  C:0AF6H         PUBLIC        ?C?LLDOPTR
  -------         ENDMOD        ?C?LLDOPTR

  -------         MODULE        ?C?LSTPTR
  C:0B26H         PUBLIC        ?C?LSTPTR
  -------         ENDMOD        ?C?LSTPTR

  -------         MODULE        ?C?LSTOPTR
  C:0B40H         PUBLIC        ?C?LSTOPTR
  -------         ENDMOD        ?C?LSTOPTR

  -------         MODULE        ?C?LLDCODE
  C:0B64H         PUBLIC        ?C?LLDCODE
  -------         ENDMOD        ?C?LLDCODE

  -------         MODULE        ?C?LLDXDATA0
  C:0B74H         PUBLIC        ?C?LLDXDATA0
  -------         ENDMOD        ?C?LLDXDATA0

  -------         MODULE        ?C?LLDCODE0
  C:0B80H         PUBLIC        ?C?LLDCODE0
  -------         ENDMOD        ?C?LLDCODE0

  -------         MODULE        ?C?LLDPTR0
  C:0B90H         PUBLIC        ?C?LLDPTR0
  -------         ENDMOD        ?C?LLDPTR0

  -------         MODULE        ?C?LLDOPTR0
  C:0BB0H         PUBLIC        ?C?LLDOPTR0
  -------         ENDMOD        ?C?LLDOPTR0

  -------         MODULE        ?C?LSTXDATA
  C:0BE0H         PUBLIC        ?C?LSTXDATA
  -------         ENDMOD        ?C?LSTXDATA

  -------         MODULE        ?C?LSTKXDATA
  C:0BECH         PUBLIC        ?C?LSTKXDATA
  -------         ENDMOD        ?C?LSTKXDATA

  -------         MODULE        ?C?PLDIXDATA
  C:0C1DH         PUBLIC        ?C?PLDIXDATA
  -------         ENDMOD        ?C?PLDIXDATA

  -------         MODULE        ?C?PSTXDATA
  C:0C34H         PUBLIC        ?C?PSTXDATA
  -------         ENDMOD        ?C?PSTXDATA

  -------         MODULE        ?C?PLDPTR
  C:0C3DH         PUBLIC        ?C?PLDPTR
  -------         ENDMOD        ?C?PLDPTR

BL51 BANKED LINKER/LOCATER V6.22.2.0                                                  01/05/2023  17:04:31  PAGE 55


  -------         MODULE        ?C?PSTPTR
  C:0C5DH         PUBLIC        ?C?PSTPTR
  -------         ENDMOD        ?C?PSTPTR

  -------         MODULE        ?C?PLDOPTR
  C:0CACH         PUBLIC        ?C?PLDOPTR
  -------         ENDMOD        ?C?PLDOPTR

  -------         MODULE        ?C?PSTOPTR
  C:0CDCH         PUBLIC        ?C?PSTOPTR
  -------         ENDMOD        ?C?PSTOPTR

  -------         MODULE        ?C?CCASE
  C:0D35H         PUBLIC        ?C?CCASE
  -------         ENDMOD        ?C?CCASE

  -------         MODULE        ?C?ICALL
  C:0D5BH         PUBLIC        ?C?ICALL
  C:0D5FH         PUBLIC        ?C?ICALL2
  -------         ENDMOD        ?C?ICALL

  -------         MODULE        ?C?LIMUL
  C:0D61H         PUBLIC        ?C?LIMUL
  -------         ENDMOD        ?C?LIMUL

  -------         MODULE        PUTCHAR
  C:58AEH         PUBLIC        _PUTCHAR
  -------         ENDMOD        PUTCHAR

  -------         MODULE        ?C?MEMSET
  C:0D8EH         PUBLIC        ?C?MEMSET
  -------         ENDMOD        ?C?MEMSET

  -------         MODULE        ?C?LLDIDATA
  C:0DBAH         PUBLIC        ?C?LLDIDATA
  -------         ENDMOD        ?C?LLDIDATA

  -------         MODULE        ?C?LLDXDATA
  C:0DC6H         PUBLIC        ?C?LLDXDATA
  -------         ENDMOD        ?C?LLDXDATA

  -------         MODULE        ?C?LLDPDATA
  C:0DD2H         PUBLIC        ?C?LLDPDATA
  -------         ENDMOD        ?C?LLDPDATA

  -------         MODULE        ?C?LLDIDATA0
  C:0DDEH         PUBLIC        ?C?LLDIDATA0
  -------         ENDMOD        ?C?LLDIDATA0

  -------         MODULE        ?C?LLDPDATA0
  C:0DEBH         PUBLIC        ?C?LLDPDATA0
  -------         ENDMOD        ?C?LLDPDATA0

  -------         MODULE        ?C?LSTIDATA
  C:0DF8H         PUBLIC        ?C?LSTIDATA
  -------         ENDMOD        ?C?LSTIDATA

BL51 BANKED LINKER/LOCATER V6.22.2.0                                                  01/05/2023  17:04:31  PAGE 56


  -------         MODULE        ?C?LSTPDATA
  C:0E04H         PUBLIC        ?C?LSTPDATA
  -------         ENDMOD        ?C?LSTPDATA

  -------         MODULE        ?C?PLDIDATA
  C:0E10H         PUBLIC        ?C?PLDIDATA
  -------         ENDMOD        ?C?PLDIDATA

  -------         MODULE        ?C?PSTIDATA
  C:0E19H         PUBLIC        ?C?PSTIDATA
  -------         ENDMOD        ?C?PSTIDATA

  -------         MODULE        ?C?PLDXDATA
  C:0E22H         PUBLIC        ?C?PLDXDATA
  -------         ENDMOD        ?C?PLDXDATA

  -------         MODULE        ?C?PLDPDATA
  C:0E2BH         PUBLIC        ?C?PLDPDATA
  -------         ENDMOD        ?C?PLDPDATA

  -------         MODULE        ?C?PSTPDATA
  C:0E34H         PUBLIC        ?C?PSTPDATA
  -------         ENDMOD        ?C?PSTPDATA

  -------         MODULE        ?C?PLDCODE
  C:0E3DH         PUBLIC        ?C?PLDCODE
  -------         ENDMOD        ?C?PLDCODE

*** WARNING L16: UNCALLED SEGMENT, IGNORED FOR OVERLAY PROCESS
    SEGMENT: ?PR?_DWIN_READ?DWIN

*** WARNING L16: UNCALLED SEGMENT, IGNORED FOR OVERLAY PROCESS
    SEGMENT: ?PR?MODBUS_HANDLE?MODBUS

*** WARNING L16: UNCALLED SEGMENT, IGNORED FOR OVERLAY PROCESS
    SEGMENT: ?PR?_RINGBUFFER_INIT?UTILS_RINGBUFFER

*** WARNING L16: UNCALLED SEGMENT, IGNORED FOR OVERLAY PROCESS
    SEGMENT: ?PR?_RINGBUFFER_PUT?UTILS_RINGBUFFER

*** WARNING L16: UNCALLED SEGMENT, IGNORED FOR OVERLAY PROCESS
    SEGMENT: ?PR?_RINGBUFFER_FLUSH?UTILS_RINGBUFFER

Program Size: data=43.1 xdata=2145 code=22863
LINK/LOCATE RUN COMPLETE.  5 WARNING(S),  0 ERROR(S)
