BL51 BANKED LINKER/LOCATER V6.22.2.0                                                    08/06/2022  14:35:28  PAGE 1


BL51 BANKED LINKER/LOCATER V6.22.2.0, INVOKED BY:
C:\KEIL_V5\C51\BIN\BL51.EXE .\Objects\STARTUP.obj, .\Objects\dwin.obj, .\Objects\gpio.obj, .\Objects\main.obj, .\Objects
>> \timer.obj, .\Objects\usart.obj, .\Objects\eeprom.obj, .\Objects\discharger.obj, .\Objects\Modbus.obj TO .\Objects\Di
>> scharge Meter PRINT (.\Listings\Discharge Meter.m51) RAMSIZE (256)


MEMORY MODEL: LARGE WITH FLOATING POINT ARITHMETIC


INPUT MODULES INCLUDED:
  .\Objects\STARTUP.obj (?C_STARTUP)
  .\Objects\dwin.obj (DWIN)
  .\Objects\gpio.obj (GPIO)
  .\Objects\main.obj (MAIN)
  .\Objects\timer.obj (TIMER)
  .\Objects\usart.obj (USART)
  .\Objects\eeprom.obj (EEPROM)
  .\Objects\discharger.obj (DISCHARGER)
  .\Objects\Modbus.obj (MODBUS)
  C:\KEIL_V5\C51\LIB\C51FPL.LIB (?C?FPADD)
  C:\KEIL_V5\C51\LIB\C51FPL.LIB (?C?FPMUL)
  C:\KEIL_V5\C51\LIB\C51FPL.LIB (?C?FPDIV)
  C:\KEIL_V5\C51\LIB\C51FPL.LIB (?C?FPCMP)
  C:\KEIL_V5\C51\LIB\C51FPL.LIB (?C?FCAST)
  C:\KEIL_V5\C51\LIB\C51FPL.LIB (LOG)
  C:\KEIL_V5\C51\LIB\C51FPL.LIB (VSPRINTF)
  C:\KEIL_V5\C51\LIB\C51FPL.LIB (?C?FPGETOPN)
  C:\KEIL_V5\C51\LIB\C51FPL.LIB (PRINTF)
  C:\KEIL_V5\C51\LIB\C51FPL.LIB (?C?FPSERIES)
  C:\KEIL_V5\C51\LIB\C51FPL.LIB (?C?FPROUND)
  C:\KEIL_V5\C51\LIB\C51FPL.LIB (?C?FPCONVERT)
  C:\KEIL_V5\C51\LIB\C51FPL.LIB (?C?FTNPWR)
  C:\KEIL_V5\C51\LIB\C51L.LIB (?C_INIT)
  C:\KEIL_V5\C51\LIB\C51L.LIB (?C?COPY)
  C:\KEIL_V5\C51\LIB\C51L.LIB (?C?CLDPTR)
  C:\KEIL_V5\C51\LIB\C51L.LIB (?C?CLDOPTR)
  C:\KEIL_V5\C51\LIB\C51L.LIB (?C?CLDIOPTR)
  C:\KEIL_V5\C51\LIB\C51L.LIB (?C?CILDOPTR)
  C:\KEIL_V5\C51\LIB\C51L.LIB (?C?CSTPTR)
  C:\KEIL_V5\C51\LIB\C51L.LIB (?C?CSTOPTR)
  C:\KEIL_V5\C51\LIB\C51L.LIB (?C?IMUL)
  C:\KEIL_V5\C51\LIB\C51L.LIB (?C?UIDIV)
  C:\KEIL_V5\C51\LIB\C51L.LIB (?C?IILDX)
  C:\KEIL_V5\C51\LIB\C51L.LIB (?C?ILDIX)
  C:\KEIL_V5\C51\LIB\C51L.LIB (?C?ILDPTR)
  C:\KEIL_V5\C51\LIB\C51L.LIB (?C?ILDOPTR)
  C:\KEIL_V5\C51\LIB\C51L.LIB (?C?ILDIOPTR)
  C:\KEIL_V5\C51\LIB\C51L.LIB (?C?IILDOPTR)
  C:\KEIL_V5\C51\LIB\C51L.LIB (?C?ISTPTR)
  C:\KEIL_V5\C51\LIB\C51L.LIB (?C?ISTOPTR)
  C:\KEIL_V5\C51\LIB\C51L.LIB (?C?ULDIV)
  C:\KEIL_V5\C51\LIB\C51L.LIB (?C?LNEG)
  C:\KEIL_V5\C51\LIB\C51L.LIB (?C?ULCMP)
  C:\KEIL_V5\C51\LIB\C51L.LIB (?C?LLDPTR)
  C:\KEIL_V5\C51\LIB\C51L.LIB (?C?LLDOPTR)
  C:\KEIL_V5\C51\LIB\C51L.LIB (?C?LSTPTR)
  C:\KEIL_V5\C51\LIB\C51L.LIB (?C?LSTOPTR)
  C:\KEIL_V5\C51\LIB\C51L.LIB (?C?LLDCODE)
BL51 BANKED LINKER/LOCATER V6.22.2.0                                                  08/06/2022  14:35:28  PAGE 2


  C:\KEIL_V5\C51\LIB\C51L.LIB (?C?LLDXDATA0)
  C:\KEIL_V5\C51\LIB\C51L.LIB (?C?LLDCODE0)
  C:\KEIL_V5\C51\LIB\C51L.LIB (?C?LLDPTR0)
  C:\KEIL_V5\C51\LIB\C51L.LIB (?C?LLDOPTR0)
  C:\KEIL_V5\C51\LIB\C51L.LIB (?C?LSTXDATA)
  C:\KEIL_V5\C51\LIB\C51L.LIB (?C?LSTKXDATA)
  C:\KEIL_V5\C51\LIB\C51L.LIB (?C?PLDIXDATA)
  C:\KEIL_V5\C51\LIB\C51L.LIB (?C?PSTXDATA)
  C:\KEIL_V5\C51\LIB\C51L.LIB (?C?PLDOPTR)
  C:\KEIL_V5\C51\LIB\C51L.LIB (?C?CCASE)
  C:\KEIL_V5\C51\LIB\C51L.LIB (?C?ICALL)
  C:\KEIL_V5\C51\LIB\C51L.LIB (?C?LIMUL)
  C:\KEIL_V5\C51\LIB\C51L.LIB (PUTCHAR)
  C:\KEIL_V5\C51\LIB\C51L.LIB (?C?MEMSET)
  C:\KEIL_V5\C51\LIB\C51L.LIB (?C?LLDIDATA)
  C:\KEIL_V5\C51\LIB\C51L.LIB (?C?LLDXDATA)
  C:\KEIL_V5\C51\LIB\C51L.LIB (?C?LLDPDATA)
  C:\KEIL_V5\C51\LIB\C51L.LIB (?C?LLDIDATA0)
  C:\KEIL_V5\C51\LIB\C51L.LIB (?C?LLDPDATA0)
  C:\KEIL_V5\C51\LIB\C51L.LIB (?C?LSTIDATA)
  C:\KEIL_V5\C51\LIB\C51L.LIB (?C?LSTPDATA)
  C:\KEIL_V5\C51\LIB\C51L.LIB (?C?PLDIDATA)
  C:\KEIL_V5\C51\LIB\C51L.LIB (?C?PLDXDATA)
  C:\KEIL_V5\C51\LIB\C51L.LIB (?C?PLDPDATA)
  C:\KEIL_V5\C51\LIB\C51L.LIB (?C?PLDCODE)


LINK MAP OF MODULE:  .\Objects\Discharge Meter (?C_STARTUP)


            TYPE    BASE      LENGTH    RELOCATION   SEGMENT NAME
            -----------------------------------------------------

            * * * * * * *   D A T A   M E M O R Y   * * * * * * *
            REG     0000H     0008H     ABSOLUTE     "REG BANK 0"
            REG     0008H     0008H     ABSOLUTE     "REG BANK 1"
            REG     0010H     0008H     ABSOLUTE     "REG BANK 2"
            REG     0018H     0008H     ABSOLUTE     "REG BANK 3"
            BIT     0020H.0   0001H.1   UNIT         ?BI?PRINTF?PRINTF
            BIT     0021H.1   0000H.1   UNIT         _BIT_GROUP_
                    0021H.2   0000H.6                *** GAP ***
            DATA    0022H     0005H     UNIT         ?DT?PRINTF?PRINTF
            DATA    0027H     0001H     UNIT         ?DT?TIMER
            IDATA   0028H     0003H     UNIT         ?ID?TIMER0_ISR?TIMER
            IDATA   002BH     0001H     UNIT         ?STACK

            * * * * * * *  X D A T A   M E M O R Y  * * * * * * *
            XDATA   0000H     033CH     UNIT         ?XD?USART
            XDATA   033CH     0159H     UNIT         ?XD?MODBUS
            XDATA   0495H     0131H     UNIT         ?XD?_UARTX_PRINTF?USART
            XDATA   05C6H     012CH     UNIT         ?XD?DWIN
            XDATA   06F2H     003FH     UNIT         _XDATA_GROUP_
            XDATA   0731H     0035H     UNIT         ?XD?MASTER_TASK?MAIN
            XDATA   0766H     0033H     UNIT         ?XD?DISCHARGER
            XDATA   0799H     0030H     UNIT         ?XD?PRINTF?PRINTF
            XDATA   07C9H     002DH     UNIT         ?XD?MAIN
            XDATA   07F6H     0018H     UNIT         ?XD?MAIN?MAIN
BL51 BANKED LINKER/LOCATER V6.22.2.0                                                  08/06/2022  14:35:28  PAGE 3


            XDATA   080EH     000DH     UNIT         ?XD?_DWIN_READ?DWIN
            XDATA   081BH     0009H     UNIT         ?XD?TIMER
            XDATA   0824H     0007H     UNIT         ?XD?REPORT_TASK?MAIN
            XDATA   082BH     0006H     UNIT         ?XD?_EVENT_POLLING?MAIN
            XDATA   0831H     0006H     UNIT         ?XD?_VSPRINTF?VSPRINTF
            XDATA   0837H     0003H     UNIT         ?XD?UARTX_PARSER?MAIN
            XDATA   083AH     0003H     UNIT         ?XD?DISTIMER_TASK?MAIN
            XDATA   083DH     0003H     UNIT         ?XD?_TIM_BASE_MSPINIT?TIMER
            XDATA   0840H     0002H     UNIT         ?XD?GPIO_INIT?MAIN

            * * * * * * *   C O D E   M E M O R Y   * * * * * * *
            CODE    0000H     0003H     ABSOLUTE     
            CODE    0003H     0007H     UNIT         ?CO?MODBUS
                    000AH     0001H                  *** GAP ***
            CODE    000BH     0003H     ABSOLUTE     
            CODE    000EH     002FH     UNIT         ?PR?_IAPREAD?EEPROM
            CODE    003DH     0006H     UNIT         ?PR?GPIO
            CODE    0043H     0003H     ABSOLUTE     
            CODE    0046H     0042H     UNIT         ?PR?EEPROM
                    0088H     0003H                  *** GAP ***
            CODE    008BH     0003H     ABSOLUTE     
                    008EH     0005H                  *** GAP ***
            CODE    0093H     0003H     ABSOLUTE     
            CODE    0096H     0CD9H     UNIT         ?C?LIB_CODE
            CODE    0D6FH     0483H     UNIT         ?PR?PRINTF?PRINTF
            CODE    11F2H     029BH     UNIT         ?PR?_DISCHARGER_HANDLE?DISCHARGER
            CODE    148DH     0258H     UNIT         ?PR?_DWIN_LOGINSURE?DWIN
            CODE    16E5H     021AH     UNIT         ?PR?_MODUS_READXCOIL?MODBUS
            CODE    18FFH     0210H     UNIT         ?PR?DWIN
            CODE    1B0FH     0207H     UNIT         ?PR?_SET_DISCHARGERPARAM?DISCHARGER
            CODE    1D16H     01E1H     UNIT         ?PR?UARTX_PARSER?MAIN
            CODE    1EF7H     01BEH     UNIT         ?PR?REPORT_TASK?MAIN
            CODE    20B5H     01BBH     UNIT         ?PR?TIMER0_ISR?TIMER
            CODE    2270H     01ABH     UNIT         ?C_INITSEG
            CODE    241BH     0199H     UNIT         ?PR?_GPIO_INILIZE?GPIO
            CODE    25B4H     0185H     UNIT         ?PR?_MODBUS_CALLBACK?MODBUS
            CODE    2739H     0183H     UNIT         ?PR?_DWIN_POLL?DWIN
            CODE    28BCH     016BH     UNIT         ?PR?MODBUS
            CODE    2A27H     0168H     UNIT         ?PR?_MODUS_READXREGISTER?MODBUS
            CODE    2B8FH     0154H     UNIT         ?PR?_MODUS_WRITECOIL?MODBUS
            CODE    2CE3H     0149H     UNIT         ?PR?MAIN?MAIN
            CODE    2E2CH     0144H     UNIT         ?PR?_DWIN_SETDISTARGETTIMES?DWIN
            CODE    2F70H     0144H     UNIT         ?PR?_DWIN_SETDISVCUTOFF?DWIN
            CODE    30B4H     0144H     UNIT         ?PR?_DWIN_SETDISVREBOOT?DWIN
            CODE    31F8H     0144H     UNIT         ?PR?_DWIN_SETDISPLIMIT?DWIN
            CODE    333CH     0137H     UNIT         ?PR?_UART_BASE_MSPINIT?USART
            CODE    3473H     0136H     UNIT         ?PR?_DWIN_SETDISILIMIT?DWIN
            CODE    35A9H     0135H     UNIT         ?PR?_DWIN_SETSLAVEID?DWIN
            CODE    36DEH     0129H     UNIT         ?PR?_MODBUS_POLL?MODBUS
            CODE    3807H     0129H     UNIT         ?PR?LOG?LOG
            CODE    3930H     0127H     UNIT         ?PR?GPIO_INIT?MAIN
            CODE    3A57H     0126H     UNIT         ?PR?_MODBUS_OPERATEX?MODBUS
            CODE    3B7DH     0112H     UNIT         ?PR?_DWIN_SETDISMODE?DWIN
            CODE    3C8FH     0105H     UNIT         ?PR?DISTIMER_TASK?MAIN
            CODE    3D94H     0104H     UNIT         ?PR?_DWIN_SAVESURE?DWIN
            CODE    3E98H     0102H     UNIT         ?CO?USART
            CODE    3F9AH     00F2H     UNIT         ?PR?_TIM_BASE_MSPINIT?TIMER
BL51 BANKED LINKER/LOCATER V6.22.2.0                                                  08/06/2022  14:35:28  PAGE 4


            CODE    408CH     00EAH     UNIT         ?PR?_MODUS_WRITEHOLDREGISTER?MODBUS
            CODE    4176H     00E1H     UNIT         ?PR?_MODBUS_46H?MODBUS
            CODE    4257H     00DEH     UNIT         ?PR?MASTER_TASK?MAIN
            CODE    4335H     00D7H     UNIT         ?PR?_MODBUS_SEND?MODBUS
            CODE    440CH     00CAH     UNIT         ?PR?_EVENT_POLLING?MAIN
            CODE    44D6H     00C9H     UNIT         ?PR?DISCHARGER
            CODE    459FH     00C0H     UNIT         ?PR?_DWIN_SEND?DWIN
            CODE    465FH     00AFH     UNIT         ?PR?_GET_CRC16?DWIN
            CODE    470EH     0092H     UNIT         ?PR?_DWIN_WRITE?DWIN
            CODE    47A0H     008CH     UNIT         ?C_C51STARTUP
            CODE    482CH     0083H     UNIT         ?PR?USART
            CODE    48AFH     007CH     UNIT         ?PR?_UARTX_PRINTF?USART
            CODE    492BH     006BH     UNIT         ?PR?_UARTX_SENDSTR?USART
            CODE    4996H     0066H     UNIT         ?PR?UART4_ISR?USART
            CODE    49FCH     0065H     UNIT         ?PR?UART2_ISR?USART
            CODE    4A61H     0065H     UNIT         ?PR?UART3_ISR?USART
            CODE    4AC6H     0061H     UNIT         ?PR?_IAPWRITES?EEPROM
            CODE    4B27H     0060H     UNIT         ?PR?_DWIN_READ?DWIN
            CODE    4B87H     0060H     UNIT         ?PR?IAPCONFIGWAITTIME?EEPROM
            CODE    4BE7H     005DH     UNIT         ?PR?_DWIN_SAVE?DWIN
            CODE    4C44H     0052H     UNIT         ?PR?_DWIN_PAGECHANGE?DWIN
            CODE    4C96H     0051H     UNIT         ?PR?_UART2_INIT?USART
            CODE    4CE7H     004AH     UNIT         ?PR?_VSPRINTF?VSPRINTF
            CODE    4D31H     0047H     UNIT         ?CO?MAIN
            CODE    4D78H     0041H     UNIT         ?PR?_UART4_INIT?USART
            CODE    4DB9H     0040H     UNIT         ?PR?_UART3_INIT?USART
            CODE    4DF9H     003FH     UNIT         ?PR?_IAP_READS?EEPROM
            CODE    4E38H     003BH     UNIT         ?PR?TIMER0_INIT?TIMER
            CODE    4E73H     0027H     UNIT         ?PR?PUTCHAR?PUTCHAR
            CODE    4E9AH     0026H     UNIT         ?PR?_IAPPROGRAM?EEPROM
            CODE    4EC0H     0022H     UNIT         ?PR?_BUSY_AWAIT?USART
            CODE    4EE2H     001FH     UNIT         ?PR?_IAPERASE?EEPROM
            CODE    4F01H     0017H     UNIT         ?CO?DWIN
            CODE    4F18H     0015H     UNIT         ?PR?MODBUS_HANDLE?MODBUS
            CODE    4F2DH     000DH     UNIT         ?PR?IAPIDLE?EEPROM



OVERLAY MAP OF MODULE:   .\Objects\Discharge Meter (?C_STARTUP)


SEGMENT                                        BIT_GROUP          XDATA_GROUP
  +--> CALLED SEGMENT                       START    LENGTH     START    LENGTH
-------------------------------------------------------------------------------
?C_C51STARTUP                               -----    -----      -----    -----
  +--> ?PR?MAIN?MAIN
  +--> ?C_INITSEG

?PR?MAIN?MAIN                               -----    -----      -----    -----
  +--> ?CO?MAIN
  +--> ?PR?GPIO_INIT?MAIN
  +--> ?PR?TIMER0_INIT?TIMER
  +--> ?PR?_UART2_INIT?USART
  +--> ?PR?_UART3_INIT?USART
  +--> ?PR?_UART4_INIT?USART
  +--> ?PR?_IAP_READS?EEPROM
  +--> ?PR?_GET_CRC16?DWIN
BL51 BANKED LINKER/LOCATER V6.22.2.0                                                  08/06/2022  14:35:28  PAGE 5


  +--> ?PR?_IAPWRITES?EEPROM
  +--> ?PR?_EVENT_POLLING?MAIN

?PR?GPIO_INIT?MAIN                          -----    -----      -----    -----
  +--> ?CO?MAIN
  +--> ?PR?_GPIO_INILIZE?GPIO

?PR?_GPIO_INILIZE?GPIO                      -----    -----      -----    -----
  +--> ?PR?GPIO

?PR?TIMER0_INIT?TIMER                       -----    -----      -----    -----
  +--> ?PR?_TIM_BASE_MSPINIT?TIMER

?PR?_UART2_INIT?USART                       -----    -----      -----    -----
  +--> ?PR?USART
  +--> ?PR?_UART_BASE_MSPINIT?USART

?PR?_UART_BASE_MSPINIT?USART                -----    -----      06F2H    0005H
  +--> ?PR?USART
  +--> ?CO?USART
  +--> ?PR?_GPIO_INILIZE?GPIO

?PR?_UART3_INIT?USART                       -----    -----      -----    -----
  +--> ?PR?USART
  +--> ?PR?_UART_BASE_MSPINIT?USART

?PR?_UART4_INIT?USART                       -----    -----      -----    -----
  +--> ?PR?USART
  +--> ?PR?_UART_BASE_MSPINIT?USART

?PR?_IAP_READS?EEPROM                       -----    -----      06F2H    0007H
  +--> ?PR?EEPROM
  +--> ?PR?_IAPREAD?EEPROM

?PR?_IAPREAD?EEPROM                         -----    -----      0710H    0001H
  +--> ?PR?IAPCONFIGWAITTIME?EEPROM
  +--> ?PR?EEPROM

?PR?IAPCONFIGWAITTIME?EEPROM                -----    -----      0713H    0004H
  +--> ?PR?EEPROM

?PR?_GET_CRC16?DWIN                         -----    -----      071CH    000BH
  +--> ?PR?DWIN

?PR?_IAPWRITES?EEPROM                       -----    -----      0709H    0007H
  +--> ?PR?EEPROM
  +--> ?PR?_IAPERASE?EEPROM
  +--> ?PR?_IAPPROGRAM?EEPROM
  +--> ?PR?_IAPREAD?EEPROM

?PR?_IAPERASE?EEPROM                        -----    -----      0710H    0002H
  +--> ?PR?IAPCONFIGWAITTIME?EEPROM
  +--> ?PR?EEPROM
  +--> ?PR?IAPIDLE?EEPROM

?PR?_IAPPROGRAM?EEPROM                      -----    -----      0710H    0003H
  +--> ?PR?IAPCONFIGWAITTIME?EEPROM
BL51 BANKED LINKER/LOCATER V6.22.2.0                                                  08/06/2022  14:35:28  PAGE 6


  +--> ?PR?EEPROM
  +--> ?PR?IAPIDLE?EEPROM

?C_INITSEG                                  -----    -----      -----    -----
  +--> ?PR?_DWIN_SETSLAVEID?DWIN
  +--> ?PR?_DWIN_SETDISTARGETTIMES?DWIN
  +--> ?PR?_DWIN_SETDISVCUTOFF?DWIN
  +--> ?PR?_DWIN_SETDISVREBOOT?DWIN
  +--> ?PR?_DWIN_SETDISILIMIT?DWIN
  +--> ?PR?_DWIN_SETDISPLIMIT?DWIN
  +--> ?PR?_DWIN_SETDISMODE?DWIN
  +--> ?PR?_DWIN_LOGINSURE?DWIN
  +--> ?PR?_DWIN_SAVESURE?DWIN
  +--> ?PR?UARTX_PARSER?MAIN
  +--> ?PR?REPORT_TASK?MAIN
  +--> ?PR?MASTER_TASK?MAIN
  +--> ?PR?DISTIMER_TASK?MAIN
  +--> ?PR?_MODBUS_POLL?MODBUS
  +--> ?PR?_MODBUS_SEND?MODBUS
  +--> ?PR?_MODBUS_46H?MODBUS
  +--> ?PR?_MODUS_READXCOIL?MODBUS
  +--> ?PR?_MODUS_WRITECOIL?MODBUS
  +--> ?PR?_MODUS_READXREGISTER?MODBUS
  +--> ?PR?_MODUS_WRITEHOLDREGISTER?MODBUS
  +--> ?PR?_MODBUS_CALLBACK?MODBUS

?PR?_DWIN_SETSLAVEID?DWIN                   -----    -----      06F2H    0009H
  +--> ?PR?DWIN
  +--> ?PR?_DWIN_WRITE?DWIN

?PR?_DWIN_WRITE?DWIN                        -----    -----      0707H    0010H
  +--> ?PR?DWIN
  +--> ?CO?DWIN
  +--> ?PR?_DWIN_SEND?DWIN

?PR?_DWIN_SEND?DWIN                         -----    -----      0717H    0005H
  +--> ?PR?DWIN
  +--> ?PR?_GET_CRC16?DWIN
  +--> ?PR?_UARTX_SENDSTR?USART

?PR?_UARTX_SENDSTR?USART                    -----    -----      071CH    0009H
  +--> ?PR?USART
  +--> ?PR?_BUSY_AWAIT?USART

?PR?_DWIN_SETDISTARGETTIMES?DWIN            -----    -----      06F2H    0009H
  +--> ?PR?DWIN
  +--> ?PR?_DWIN_WRITE?DWIN

?PR?_DWIN_SETDISVCUTOFF?DWIN                -----    -----      06F2H    0009H
  +--> ?PR?DWIN
  +--> ?PR?_DWIN_WRITE?DWIN

?PR?_DWIN_SETDISVREBOOT?DWIN                -----    -----      06F2H    0009H
  +--> ?PR?DWIN
  +--> ?PR?_DWIN_WRITE?DWIN

?PR?_DWIN_SETDISILIMIT?DWIN                 -----    -----      06F2H    0008H
BL51 BANKED LINKER/LOCATER V6.22.2.0                                                  08/06/2022  14:35:28  PAGE 7


  +--> ?PR?DWIN
  +--> ?PR?_DWIN_WRITE?DWIN

?PR?_DWIN_SETDISPLIMIT?DWIN                 -----    -----      06F2H    0009H
  +--> ?PR?DWIN
  +--> ?PR?_DWIN_WRITE?DWIN

?PR?_DWIN_SETDISMODE?DWIN                   -----    -----      06F2H    0008H
  +--> ?PR?DWIN
  +--> ?PR?_DWIN_PAGECHANGE?DWIN

?PR?_DWIN_PAGECHANGE?DWIN                   -----    -----      0707H    000FH
  +--> ?PR?DWIN
  +--> ?CO?DWIN
  +--> ?PR?_DWIN_SEND?DWIN

?PR?_DWIN_LOGINSURE?DWIN                    -----    -----      06F2H    0015H
  +--> ?PR?DWIN
  +--> ?PR?_DWIN_PAGECHANGE?DWIN
  +--> ?PR?_DWIN_WRITE?DWIN

?PR?_DWIN_SAVESURE?DWIN                     -----    -----      06F2H    000BH
  +--> ?PR?DWIN
  +--> ?PR?_DWIN_WRITE?DWIN
  +--> ?PR?_DWIN_SAVE?DWIN
  +--> ?PR?_DWIN_PAGECHANGE?DWIN

?PR?_DWIN_SAVE?DWIN                         -----    -----      0703H    0006H
  +--> ?PR?DWIN
  +--> ?PR?_GET_CRC16?DWIN
  +--> ?PR?_IAPWRITES?EEPROM

?PR?UARTX_PARSER?MAIN                       -----    -----      -----    -----
  +--> ?PR?_DISCHARGER_HANDLE?DISCHARGER
  +--> ?PR?_DWIN_POLL?DWIN

?PR?_DISCHARGER_HANDLE?DISCHARGER           -----    -----      06F2H    0006H
  +--> ?PR?DISCHARGER
  +--> ?PR?LOG?LOG

?PR?LOG?LOG                                 0021H.1  0000H.1    06F8H    0004H

?PR?_DWIN_POLL?DWIN                         -----    -----      06F2H    0008H
  +--> ?PR?DWIN
  +--> ?PR?_GET_CRC16?DWIN

?PR?REPORT_TASK?MAIN                        -----    -----      -----    -----
  +--> ?PR?_MODBUS_OPERATEX?MODBUS
  +--> ?PR?_DWIN_WRITE?DWIN

?PR?_MODBUS_OPERATEX?MODBUS                 -----    -----      0721H    0010H
  +--> ?PR?MODBUS

?PR?MASTER_TASK?MAIN                        -----    -----      -----    -----
  +--> ?CO?MAIN
  +--> ?PR?_SET_DISCHARGERPARAM?DISCHARGER
  +--> ?PR?_UARTX_SENDSTR?USART
BL51 BANKED LINKER/LOCATER V6.22.2.0                                                  08/06/2022  14:35:28  PAGE 8



?PR?_SET_DISCHARGERPARAM?DISCHARGER         -----    -----      06F2H    0006H
  +--> ?PR?DISCHARGER

?PR?_MODBUS_POLL?MODBUS                     -----    -----      06F2H    0005H
  +--> ?PR?MODBUS
  +--> ?PR?_GET_CRC16?DWIN

?PR?_MODBUS_SEND?MODBUS                     -----    -----      06F2H    0005H
  +--> ?PR?MODBUS
  +--> ?PR?_GET_CRC16?DWIN
  +--> ?PR?_UARTX_SENDSTR?USART

?PR?_MODBUS_46H?MODBUS                      -----    -----      06F2H    0010H
  +--> ?PR?MODBUS
  +--> ?CO?MODBUS

?PR?_MODUS_READXCOIL?MODBUS                 -----    -----      06F2H    002FH
  +--> ?PR?MODBUS
  +--> ?PR?_MODBUS_OPERATEX?MODBUS

?PR?_MODUS_WRITECOIL?MODBUS                 -----    -----      06F2H    000AH
  +--> ?PR?MODBUS
  +--> ?PR?_MODBUS_OPERATEX?MODBUS

?PR?_MODUS_READXREGISTER?MODBUS             -----    -----      06F2H    002BH
  +--> ?PR?MODBUS
  +--> ?PR?_MODBUS_OPERATEX?MODBUS

?PR?_MODUS_WRITEHOLDREGISTER?MODBUS         -----    -----      06F2H    0008H
  +--> ?PR?MODBUS
  +--> ?PR?_MODBUS_OPERATEX?MODBUS

?PR?_MODBUS_CALLBACK?MODBUS                 -----    -----      06F2H    0011H
  +--> ?PR?MODBUS
  +--> ?PR?_MODBUS_OPERATEX?MODBUS
  +--> ?PR?_DWIN_SAVE?DWIN

*** NEW ROOT ***************************************************

?PR?UART2_ISR?USART                         -----    -----      -----    -----
  +--> ?PR?USART

*** NEW ROOT ***************************************************

?PR?UART3_ISR?USART                         -----    -----      -----    -----
  +--> ?PR?USART

*** NEW ROOT ***************************************************

?PR?UART4_ISR?USART                         -----    -----      -----    -----
  +--> ?PR?USART



SYMBOL TABLE OF MODULE:  .\Objects\Discharge Meter (?C_STARTUP)

BL51 BANKED LINKER/LOCATER V6.22.2.0                                                  08/06/2022  14:35:28  PAGE 9


  VALUE           TYPE          NAME
  ----------------------------------

  -------         MODULE        ?C_STARTUP
  C:47A0H         SEGMENT       ?C_C51STARTUP
  I:002BH         SEGMENT       ?STACK
  C:0000H         PUBLIC        ?C_STARTUP
  D:00E0H         SYMBOL        ACC
  D:00F0H         SYMBOL        B
  D:0083H         SYMBOL        DPH
  D:0082H         SYMBOL        DPL
  N:0000H         SYMBOL        IBPSTACK
  N:0100H         SYMBOL        IBPSTACKTOP
  N:0080H         SYMBOL        IDATALEN
  C:47A3H         SYMBOL        IDATALOOP
  N:0000H         SYMBOL        PBPSTACK
  N:0100H         SYMBOL        PBPSTACKTOP
  N:0000H         SYMBOL        PDATALEN
  N:0000H         SYMBOL        PDATASTART
  N:0000H         SYMBOL        PPAGE
  N:0000H         SYMBOL        PPAGEENABLE
  D:00A0H         SYMBOL        PPAGE_SFR
  D:0081H         SYMBOL        SP
  C:47A0H         SYMBOL        STARTUP1
  N:0000H         SYMBOL        XBPSTACK
  N:0000H         SYMBOL        XBPSTACKTOP
  N:0000H         SYMBOL        XDATALEN
  N:0000H         SYMBOL        XDATASTART
  C:0000H         LINE#         126
  C:47A0H         LINE#         133
  C:47A2H         LINE#         134
  C:47A3H         LINE#         135
  C:47A4H         LINE#         136
  C:47A6H         LINE#         185
  C:47A9H         LINE#         196
  -------         ENDMOD        ?C_STARTUP

  -------         MODULE        DWIN
  C:0000H         SYMBOL        _ICE_DUMMY_
  D:0080H         PUBLIC        P0
  C:459FH         PUBLIC        _Dwin_Send
  D:0090H         PUBLIC        P1
  D:00A0H         PUBLIC        P2
  C:465FH         PUBLIC        _Get_Crc16
  C:470EH         PUBLIC        _Dwin_Write
  D:00B0H         PUBLIC        P3
  D:00C0H         PUBLIC        P4
  D:00C8H         PUBLIC        P5
  C:4BE7H         PUBLIC        _Dwin_Save
  D:00E8H         PUBLIC        P6
  D:00F8H         PUBLIC        P7
  C:2739H         PUBLIC        _Dwin_Poll
  D:00A8H         PUBLIC        IE
  C:3473H         SYMBOL        _Dwin_SetDisILimit
  C:148DH         SYMBOL        _Dwin_LoginSure
  C:31F8H         SYMBOL        _Dwin_SetDisPLimit
  D:00B8H         PUBLIC        IP
BL51 BANKED LINKER/LOCATER V6.22.2.0                                                  08/06/2022  14:35:28  PAGE 10


  D:00D8H         PUBLIC        CCON
  C:2F70H         SYMBOL        _Dwin_SetDisVcutoff
  C:3D94H         SYMBOL        _Dwin_SaveSure
  C:30B4H         SYMBOL        _Dwin_SetDisVreboot
  X:05C6H         SYMBOL        error
  X:05C8H         SYMBOL        Dwin_ObjMap
  D:0098H         PUBLIC        SCON
  D:0088H         PUBLIC        TCON
  C:2E2CH         SYMBOL        _Dwin_SetDisTargetTimes
  C:4C44H         PUBLIC        _Dwin_PageChange
  X:0657H         SYMBOL        user_code
  C:4F01H         SYMBOL        _?ix1000
  C:4F07H         SYMBOL        _?ix1001
  C:4F0EH         SYMBOL        _?ix1002
  X:0659H         SYMBOL        user_name
  C:3B7DH         SYMBOL        _Dwin_SetDisMode
  C:35A9H         SYMBOL        _Dwin_SetSlaveId
  X:065BH         PUBLIC        Dwin_Object
  X:0672H         SYMBOL        dtx_buf
  C:4B27H         PUBLIC        _Dwin_Read
  D:00D0H         PUBLIC        PSW
  C:18FFH         SYMBOL        Com00A3
  C:18FFH         SYMBOL        L?0164
  C:18FFH         SYMBOL        L?0165
  C:1902H         SYMBOL        L?0166
  C:190BH         SYMBOL        L?0167
  C:190BH         SYMBOL        L?0168
  C:1910H         SYMBOL        L?0169
  C:1913H         SYMBOL        L?0170
  C:191BH         SYMBOL        L?0171
  C:1924H         SYMBOL        L?0172
  C:1935H         SYMBOL        L?0173
  C:1935H         SYMBOL        L?0174
  C:1938H         SYMBOL        L?0175
  C:193EH         SYMBOL        L?0176
  C:193EH         SYMBOL        L?0177
  C:1940H         SYMBOL        L?0178
  C:194BH         SYMBOL        L?0179
  C:194BH         SYMBOL        L?0180
  C:195FH         SYMBOL        L?0181
  C:195FH         SYMBOL        L?0182
  C:196CH         SYMBOL        L?0183
  C:196CH         SYMBOL        L?0184
  C:1979H         SYMBOL        L?0185
  C:1979H         SYMBOL        L?0186
  C:198BH         SYMBOL        L?0187
  C:198BH         SYMBOL        L?0188
  C:1993H         SYMBOL        L?0189
  C:1993H         SYMBOL        L?0190
  C:1999H         SYMBOL        L?0191
  C:1999H         SYMBOL        L?0192
  C:19A4H         SYMBOL        L?0193
  C:19A4H         SYMBOL        L?0194
  C:19AFH         SYMBOL        L?0195
  C:19AFH         SYMBOL        L?0196
  C:19B9H         SYMBOL        L?0197
  C:19B9H         SYMBOL        L?0198
BL51 BANKED LINKER/LOCATER V6.22.2.0                                                  08/06/2022  14:35:28  PAGE 11


  C:19C1H         SYMBOL        L?0199
  C:19C1H         SYMBOL        L?0200
  C:19C9H         SYMBOL        L?0201
  C:19C9H         SYMBOL        L?0202
  C:19CFH         SYMBOL        L?0203
  C:19CFH         SYMBOL        L?0204
  C:19D0H         SYMBOL        L?0205
  C:19D7H         SYMBOL        L?0206
  C:19D7H         SYMBOL        L?0207
  C:19DFH         SYMBOL        L?0208
  C:19DFH         SYMBOL        L?0209
  C:19E7H         SYMBOL        L?0210
  C:19E7H         SYMBOL        L?0211
  C:19F6H         SYMBOL        L?0212
  C:19F6H         SYMBOL        L?0213
  C:1A04H         SYMBOL        L?0214
  C:1A04H         SYMBOL        L?0215
  C:1A0BH         SYMBOL        L?0216
  C:1A11H         SYMBOL        L?0217
  C:1A1AH         SYMBOL        L?0218
  C:1A23H         SYMBOL        L?0219
  C:1A35H         SYMBOL        L?0220
  C:1A35H         SYMBOL        L?0221
  C:1A3BH         SYMBOL        L?0222
  C:1A3BH         SYMBOL        L?0223
  C:1A44H         SYMBOL        L?0224
  C:1A53H         SYMBOL        L?0225
  C:1A61H         SYMBOL        L?0226
  C:1A61H         SYMBOL        L?0227
  C:1A68H         SYMBOL        L?0228
  C:1A74H         SYMBOL        L?0229
  C:1A80H         SYMBOL        L?0230
  C:1A8CH         SYMBOL        L?0231
  C:1A98H         SYMBOL        L?0232
  C:1AA4H         SYMBOL        L?0233
  C:1AB0H         SYMBOL        L?0234
  C:1ABAH         SYMBOL        L?0235
  C:1AC5H         SYMBOL        L?0236
  C:1AD0H         SYMBOL        L?0237
  C:1ADBH         SYMBOL        L?0238
  C:1AE6H         SYMBOL        L?0239
  C:1AF0H         SYMBOL        L?0240
  C:1AF0H         SYMBOL        L?0241
  C:1AF6H         SYMBOL        L?0242
  C:1AFFH         SYMBOL        L?0243
  C:1AFFH         SYMBOL        L?0244
  C:1B05H         SYMBOL        L?0245
  -------         PROC          COM00A3
  -------         ENDPROC       COM00A3
  -------         PROC          _DWIN_SEND
  X:0717H         SYMBOL        pd
  -------         DO            
  X:071AH         SYMBOL        crc
  -------         ENDDO         
  C:459FH         LINE#         68
  C:45A6H         LINE#         69
  C:45A6H         LINE#         71
BL51 BANKED LINKER/LOCATER V6.22.2.0                                                  08/06/2022  14:35:28  PAGE 12


  C:45ABH         LINE#         72
  C:45BEH         LINE#         73
  C:45BEH         LINE#         75
  C:45EDH         LINE#         76
  C:4608H         LINE#         77
  C:4628H         LINE#         78
  C:4628H         LINE#         80
  -------         ENDPROC       _DWIN_SEND
  -------         PROC          _DWIN_WRITE
  X:0707H         SYMBOL        pd
  X:070AH         SYMBOL        addr
  X:070CH         SYMBOL        dat
  X:070FH         SYMBOL        len
  -------         DO            
  X:0711H         SYMBOL        temp_data
  -------         ENDDO         
  C:470EH         LINE#         91
  C:4718H         LINE#         92
  C:4718H         LINE#         94
  C:4725H         LINE#         98
  C:4730H         LINE#         99
  C:4730H         LINE#         101
  C:473BH         LINE#         105
  C:4745H         LINE#         106
  C:474EH         LINE#         107
  C:475FH         LINE#         108
  C:478DH         LINE#         109
  C:479CH         LINE#         111
  C:479FH         LINE#         112
  C:479FH         LINE#         113
  -------         ENDPROC       _DWIN_WRITE
  -------         PROC          _DWIN_READ
  X:080EH         SYMBOL        pd
  X:0811H         SYMBOL        addr
  X:0813H         SYMBOL        words
  -------         DO            
  X:0814H         SYMBOL        temp_data
  -------         ENDDO         
  C:4B27H         LINE#         122
  C:4B31H         LINE#         123
  C:4B31H         LINE#         125
  C:4B3EH         LINE#         130
  C:4B49H         LINE#         131
  C:4B49H         LINE#         132
  C:4B5FH         LINE#         133
  C:4B69H         LINE#         134
  C:4B7DH         LINE#         136
  C:4B86H         LINE#         137
  C:4B86H         LINE#         138
  -------         ENDPROC       _DWIN_READ
  -------         PROC          _DWIN_PAGECHANGE
  X:0707H         SYMBOL        pd
  X:070AH         SYMBOL        page
  -------         DO            
  X:070CH         SYMBOL        buf
  -------         ENDDO         
  C:4C44H         LINE#         146
BL51 BANKED LINKER/LOCATER V6.22.2.0                                                  08/06/2022  14:35:28  PAGE 13


  C:4C4EH         LINE#         147
  C:4C4EH         LINE#         149
  C:4C5AH         LINE#         155
  C:4C65H         LINE#         156
  C:4C65H         LINE#         157
  C:4C6DH         LINE#         158
  C:4C75H         LINE#         159
  C:4C82H         LINE#         160
  C:4C92H         LINE#         162
  C:4C95H         LINE#         163
  C:4C95H         LINE#         164
  -------         ENDPROC       _DWIN_PAGECHANGE
  -------         PROC          _DWIN_POLL
  X:06F2H         SYMBOL        pd
  -------         DO            
  X:06F5H         SYMBOL        addr
  X:06F7H         SYMBOL        crc16
  X:06F9H         SYMBOL        i
  -------         ENDDO         
  C:2739H         LINE#         182
  C:2740H         LINE#         183
  C:2740H         LINE#         184
  C:2769H         LINE#         185
  C:2769H         LINE#         186
  C:2788H         LINE#         187
  C:278AH         LINE#         192
  C:27B6H         LINE#         193
  C:27CAH         LINE#         194
  C:2820H         LINE#         195
  C:2820H         LINE#         196
  C:2831H         LINE#         197
  C:2831H         LINE#         198
  C:2845H         LINE#         199
  C:2845H         LINE#         200
  C:2862H         LINE#         201
  C:288EH         LINE#         202
  C:2890H         LINE#         203
  C:2890H         LINE#         204
  C:2899H         LINE#         205
  C:2899H         LINE#         206
  C:2899H         LINE#         211
  C:28ADH         LINE#         212
  -------         ENDPROC       _DWIN_POLL
  -------         PROC          _DWIN_SAVE
  X:0703H         SYMBOL        pd
  -------         DO            
  X:0706H         SYMBOL        ps
  -------         ENDDO         
  C:4BE7H         LINE#         220
  C:4BEEH         LINE#         221
  C:4BEEH         LINE#         222
  C:4BF8H         LINE#         223
  C:4C0CH         LINE#         224
  C:4C0CH         LINE#         226
  C:4C25H         LINE#         228
  C:4C43H         LINE#         229
  C:4C43H         LINE#         230
BL51 BANKED LINKER/LOCATER V6.22.2.0                                                  08/06/2022  14:35:28  PAGE 14


  -------         ENDPROC       _DWIN_SAVE
  -------         PROC          _DWIN_SETDISMODE
  X:06F2H         SYMBOL        pd
  X:06F5H         SYMBOL        Site
  -------         DO            
  X:06F5H         SYMBOL        ps
  -------         DO            
  X:06F8H         SYMBOL        dat
  X:06F9H         SYMBOL        page
  -------         ENDDO         
  -------         ENDDO         
  C:3B7DH         LINE#         238
  C:3B84H         LINE#         239
  C:3B84H         LINE#         242
  C:3B8EH         LINE#         243
  C:3B8EH         LINE#         245
  C:3BA8H         LINE#         246
  C:3BA8H         LINE#         247
  C:3C45H         LINE#         248
  C:3C48H         LINE#         249
  C:3C50H         LINE#         250
  C:3C50H         LINE#         251
  C:3C5BH         LINE#         252
  C:3C60H         LINE#         253
  C:3C66H         LINE#         254
  C:3C68H         LINE#         256
  C:3C68H         LINE#         257
  C:3C73H         LINE#         258
  C:3C78H         LINE#         259
  C:3C7EH         LINE#         260
  C:3C7EH         LINE#         262
  C:3C8EH         LINE#         263
  C:3C8EH         LINE#         264
  -------         ENDPROC       _DWIN_SETDISMODE
  -------         PROC          _DWIN_SETSLAVEID
  X:06F2H         SYMBOL        pd
  X:06F5H         SYMBOL        Site
  -------         DO            
  X:06F6H         SYMBOL        ps
  -------         DO            
  X:06F9H         SYMBOL        dat
  -------         ENDDO         
  -------         ENDDO         
  C:35A9H         LINE#         297
  C:35B5H         LINE#         298
  C:35B5H         LINE#         299
  C:35BFH         LINE#         300
  C:35C6H         LINE#         301
  C:36DDH         LINE#         302
  -------         ENDPROC       _DWIN_SETSLAVEID
  -------         PROC          _DWIN_SETDISTARGETTIMES
  X:06F2H         SYMBOL        pd
  X:06F5H         SYMBOL        Site
  -------         DO            
  X:06F6H         SYMBOL        ps
  -------         DO            
  X:06F9H         SYMBOL        dat
BL51 BANKED LINKER/LOCATER V6.22.2.0                                                  08/06/2022  14:35:28  PAGE 15


  -------         ENDDO         
  -------         ENDDO         
  C:2E2CH         LINE#         310
  C:2E38H         LINE#         311
  C:2E38H         LINE#         312
  C:2E42H         LINE#         313
  C:2E49H         LINE#         314
  C:2F6FH         LINE#         315
  -------         ENDPROC       _DWIN_SETDISTARGETTIMES
  -------         PROC          _DWIN_SETDISVCUTOFF
  X:06F2H         SYMBOL        pd
  X:06F5H         SYMBOL        Site
  -------         DO            
  X:06F6H         SYMBOL        ps
  -------         DO            
  X:06F9H         SYMBOL        dat
  -------         ENDDO         
  -------         ENDDO         
  C:2F70H         LINE#         323
  C:2F7CH         LINE#         324
  C:2F7CH         LINE#         325
  C:2F86H         LINE#         326
  C:2F8DH         LINE#         327
  C:30B3H         LINE#         328
  -------         ENDPROC       _DWIN_SETDISVCUTOFF
  -------         PROC          _DWIN_SETDISVREBOOT
  X:06F2H         SYMBOL        pd
  X:06F5H         SYMBOL        Site
  -------         DO            
  X:06F6H         SYMBOL        ps
  -------         DO            
  X:06F9H         SYMBOL        dat
  -------         ENDDO         
  -------         ENDDO         
  C:30B4H         LINE#         336
  C:30C0H         LINE#         337
  C:30C0H         LINE#         338
  C:30CAH         LINE#         339
  C:30D1H         LINE#         340
  C:31F7H         LINE#         341
  -------         ENDPROC       _DWIN_SETDISVREBOOT
  -------         PROC          _DWIN_SETDISILIMIT
  X:06F2H         SYMBOL        pd
  X:06F5H         SYMBOL        Site
  -------         DO            
  X:06F6H         SYMBOL        ps
  -------         DO            
  X:06F9H         SYMBOL        dat
  -------         ENDDO         
  -------         ENDDO         
  C:3473H         LINE#         349
  C:347FH         LINE#         350
  C:347FH         LINE#         351
  C:3489H         LINE#         352
  C:3490H         LINE#         353
  C:35A8H         LINE#         354
  -------         ENDPROC       _DWIN_SETDISILIMIT
BL51 BANKED LINKER/LOCATER V6.22.2.0                                                  08/06/2022  14:35:28  PAGE 16


  -------         PROC          _DWIN_SETDISPLIMIT
  X:06F2H         SYMBOL        pd
  X:06F5H         SYMBOL        Site
  -------         DO            
  X:06F6H         SYMBOL        ps
  -------         DO            
  X:06F9H         SYMBOL        dat
  -------         ENDDO         
  -------         ENDDO         
  C:31F8H         LINE#         362
  C:3204H         LINE#         363
  C:3204H         LINE#         364
  C:320EH         LINE#         365
  C:3215H         LINE#         366
  C:333BH         LINE#         367
  -------         ENDPROC       _DWIN_SETDISPLIMIT
  -------         PROC          _DWIN_LOGINSURE
  X:06F2H         SYMBOL        pd
  X:06F5H         SYMBOL        Site
  -------         DO            
  X:06F6H         SYMBOL        ps
  X:06F9H         SYMBOL        dat
  X:06FBH         SYMBOL        addr
  X:06FDH         SYMBOL        page
  X:06FFH         SYMBOL        default_name
  X:0701H         SYMBOL        defalut_code
  -------         DO            
  X:0703H         SYMBOL        temp_value
  -------         ENDDO         
  -------         ENDDO         
  C:148DH         LINE#         383
  C:1499H         LINE#         384
  C:1499H         LINE#         389
  C:14A3H         LINE#         390
  C:1534H         LINE#         391
  C:1549H         LINE#         392
  C:154CH         LINE#         393
  C:1572H         LINE#         396
  C:15A8H         LINE#         397
  C:15A8H         LINE#         398
  C:15CCH         LINE#         399
  C:15E2H         LINE#         400
  C:15E2H         LINE#         401
  C:15F6H         LINE#         402
  C:15F6H         LINE#         403
  C:15FCH         LINE#         404
  C:161EH         LINE#         405
  C:1627H         LINE#         409
  C:164CH         LINE#         414
  C:164EH         LINE#         416
  C:164EH         LINE#         418
  C:1662H         LINE#         419
  C:1662H         LINE#         420
  C:166BH         LINE#         424
  C:166DH         LINE#         426
  C:167AH         LINE#         427
  C:167AH         LINE#         428
BL51 BANKED LINKER/LOCATER V6.22.2.0                                                  08/06/2022  14:35:28  PAGE 17


  C:167FH         LINE#         432
  C:1681H         LINE#         435
  C:1681H         LINE#         436
  C:1684H         LINE#         441
  C:1684H         LINE#         442
  C:1684H         LINE#         443
  C:1684H         LINE#         444
  C:169EH         LINE#         445
  C:169EH         LINE#         446
  C:16A4H         LINE#         449
  C:16C6H         LINE#         453
  C:16C6H         LINE#         454
  C:16E4H         LINE#         455
  C:16E4H         LINE#         456
  -------         ENDPROC       _DWIN_LOGINSURE
  -------         PROC          _DWIN_SAVESURE
  X:06F2H         SYMBOL        pd
  X:06F5H         SYMBOL        Site
  -------         DO            
  X:06F5H         SYMBOL        ps
  -------         DO            
  X:06F8H         SYMBOL        dat
  -------         DO            
  X:06F9H         SYMBOL        temp_value
  -------         ENDDO         
  -------         ENDDO         
  -------         ENDDO         
  C:3D94H         LINE#         464
  C:3D9BH         LINE#         465
  C:3D9BH         LINE#         467
  C:3DA5H         LINE#         468
  C:3DA5H         LINE#         470
  C:3DBFH         LINE#         471
  C:3DBFH         LINE#         472
  C:3E4DH         LINE#         473
  C:3E51H         LINE#         474
  C:3E51H         LINE#         475
  C:3E5FH         LINE#         478
  C:3E81H         LINE#         479
  C:3E8AH         LINE#         480
  C:3E97H         LINE#         481
  C:3E97H         LINE#         482
  C:3E97H         LINE#         483
  -------         ENDPROC       _DWIN_SAVESURE
  -------         PROC          _GET_CRC16
  X:071CH         SYMBOL        ptr
  X:071FH         SYMBOL        length
  X:0721H         SYMBOL        init_dat
  -------         DO            
  X:0723H         SYMBOL        i
  D:0004H         SYMBOL        j
  X:0725H         SYMBOL        crc16
  -------         ENDDO         
  C:465FH         LINE#         492
  C:4669H         LINE#         493
  C:4669H         LINE#         494
  C:4670H         LINE#         495
BL51 BANKED LINKER/LOCATER V6.22.2.0                                                  08/06/2022  14:35:28  PAGE 18


  C:4670H         LINE#         496
  C:467FH         LINE#         498
  C:469BH         LINE#         499
  C:469BH         LINE#         500
  C:46B8H         LINE#         502
  C:46BBH         LINE#         503
  C:46BBH         LINE#         504
  C:46C6H         LINE#         505
  C:46C6H         LINE#         506
  C:46DDH         LINE#         507
  C:46DFH         LINE#         509
  C:46DFH         LINE#         510
  C:46EAH         LINE#         511
  C:46EAH         LINE#         512
  C:46F5H         LINE#         513
  C:4705H         LINE#         514
  C:470DH         LINE#         515
  -------         ENDPROC       _GET_CRC16
  -------         ENDMOD        DWIN

  -------         MODULE        GPIO
  C:0000H         SYMBOL        _ICE_DUMMY_
  D:0092H         PUBLIC        P1M0
  D:0093H         PUBLIC        P0M1
  D:0096H         PUBLIC        P2M0
  D:0091H         PUBLIC        P1M1
  D:0080H         PUBLIC        P0
  D:00B2H         PUBLIC        P3M0
  D:0095H         PUBLIC        P2M1
  D:0090H         PUBLIC        P1
  D:00B4H         PUBLIC        P4M0
  D:00B1H         PUBLIC        P3M1
  D:00A0H         PUBLIC        P2
  D:00CAH         PUBLIC        P5M0
  D:00B3H         PUBLIC        P4M1
  D:00B0H         PUBLIC        P3
  D:00C9H         PUBLIC        P5M1
  D:00C0H         PUBLIC        P4
  D:00C8H         PUBLIC        P5
  D:00E8H         PUBLIC        P6
  D:00F8H         PUBLIC        P7
  D:00A8H         PUBLIC        IE
  D:00B8H         PUBLIC        IP
  D:00D8H         PUBLIC        CCON
  D:0098H         PUBLIC        SCON
  D:0088H         PUBLIC        TCON
  C:241BH         PUBLIC        _GPIO_Inilize
  D:00D0H         PUBLIC        PSW
  D:0094H         PUBLIC        P0M0
  C:003DH         SYMBOL        Com0022
  C:003DH         SYMBOL        L?0035
  C:003DH         SYMBOL        L?0036
  -------         PROC          COM0022
  -------         ENDPROC       COM0022
  -------         PROC          _GPIO_INILIZE
  D:0007H         SYMBOL        GPIO
  D:0001H         SYMBOL        GPIOx
BL51 BANKED LINKER/LOCATER V6.22.2.0                                                  08/06/2022  14:35:28  PAGE 19


  C:241BH         LINE#         18
  C:241BH         LINE#         19
  C:241BH         LINE#         20
  C:2428H         LINE#         21
  C:2438H         LINE#         22
  C:243BH         LINE#         23
  C:243BH         LINE#         24
  C:2446H         LINE#         25
  C:2455H         LINE#         26
  C:2464H         LINE#         27
  C:2473H         LINE#         28
  C:2473H         LINE#         29
  C:2478H         LINE#         30
  C:2478H         LINE#         31
  C:2486H         LINE#         32
  C:2493H         LINE#         33
  C:24A1H         LINE#         34
  C:24B2H         LINE#         35
  C:24B2H         LINE#         36
  C:24B7H         LINE#         37
  C:24B7H         LINE#         38
  C:24C5H         LINE#         39
  C:24D2H         LINE#         40
  C:24E0H         LINE#         41
  C:24F1H         LINE#         42
  C:24F1H         LINE#         43
  C:24F6H         LINE#         44
  C:24F6H         LINE#         45
  C:2504H         LINE#         46
  C:2511H         LINE#         47
  C:251FH         LINE#         48
  C:2530H         LINE#         49
  C:2530H         LINE#         50
  C:2535H         LINE#         51
  C:2535H         LINE#         52
  C:2543H         LINE#         53
  C:2550H         LINE#         54
  C:255EH         LINE#         55
  C:256FH         LINE#         56
  C:256FH         LINE#         57
  C:2574H         LINE#         58
  C:2574H         LINE#         59
  C:2584H         LINE#         60
  C:2592H         LINE#         61
  C:25A0H         LINE#         62
  C:25B1H         LINE#         63
  C:25B1H         LINE#         64
  C:25B3H         LINE#         65
  -------         ENDPROC       _GPIO_INILIZE
  -------         ENDMOD        GPIO

  -------         MODULE        MAIN
  C:0000H         SYMBOL        _ICE_DUMMY_
  D:0080H         PUBLIC        P0
  D:0090H         PUBLIC        P1
  D:00A0H         PUBLIC        P2
  D:00B0H         PUBLIC        P3
BL51 BANKED LINKER/LOCATER V6.22.2.0                                                  08/06/2022  14:35:28  PAGE 20


  D:00C0H         PUBLIC        P4
  D:00C8H         PUBLIC        P5
  B:00A8H.7       PUBLIC        EA
  D:00E8H         PUBLIC        P6
  D:00F8H         PUBLIC        P7
  C:3930H         PUBLIC        Gpio_Init
  D:00BAH         PUBLIC        P_SW2
  D:00A8H         PUBLIC        IE
  B:00A8H.4       PUBLIC        ES
  D:00B8H         PUBLIC        IP
  C:3C8FH         SYMBOL        DisTimer_Task
  D:00D8H         PUBLIC        CCON
  C:2CE3H         PUBLIC        main
  X:07D1H         PUBLIC        g_TimerNumbers
  D:0098H         PUBLIC        SCON
  D:0088H         PUBLIC        TCON
  B:00C8H.5       PUBLIC        P55
  C:440CH         SYMBOL        _Event_Polling
  D:00AFH         PUBLIC        IE2
  C:4D31H         SYMBOL        _?ix1000
  C:4D44H         SYMBOL        _?ix1001
  C:4D76H         SYMBOL        _?ix1002
  B:00A8H.1       PUBLIC        ET0
  C:4257H         SYMBOL        Master_Task
  C:1D16H         SYMBOL        Uartx_Parser
  X:07D2H         PUBLIC        Timer_Group
  C:1EF7H         SYMBOL        Report_Task
  D:00D0H         PUBLIC        PSW
  -------         PROC          MAIN
  -------         DO            
  X:07F6H         SYMBOL        Crc
  X:07F8H         SYMBOL        ps
  X:07FBH         SYMBOL        dis_storage
  -------         ENDDO         
  C:2CE3H         LINE#         44
  C:2CE3H         LINE#         45
  C:2CE3H         LINE#         46
  C:2CEBH         LINE#         47
  C:2CFCH         LINE#         49
  C:2D21H         LINE#         57
  C:2D24H         LINE#         59
  C:2D27H         LINE#         65
  C:2D2EH         LINE#         66
  C:2D35H         LINE#         67
  C:2D3CH         LINE#         71
  C:2D57H         LINE#         72
  C:2D7BH         LINE#         73
  C:2DA2H         LINE#         74
  C:2DA2H         LINE#         76
  C:2DCCH         LINE#         77
  C:2DFAH         LINE#         78
  C:2E15H         LINE#         79
  C:2E15H         LINE#         95
  C:2E17H         LINE#         103
  C:2E17H         LINE#         104
  C:2E17H         LINE#         106
  C:2E19H         LINE#         107
BL51 BANKED LINKER/LOCATER V6.22.2.0                                                  08/06/2022  14:35:28  PAGE 21


  C:2E22H         LINE#         108
  C:2E24H         LINE#         111
  C:2E29H         LINE#         112
  -------         ENDPROC       MAIN
  -------         PROC          _EVENT_POLLING
  X:082BH         SYMBOL        ptimer
  -------         DO            
  X:082EH         SYMBOL        p
  -------         ENDDO         
  C:440CH         LINE#         139
  C:4417H         LINE#         140
  C:4417H         LINE#         141
  C:442DH         LINE#         142
  C:4440H         LINE#         143
  C:4440H         LINE#         144
  C:447FH         LINE#         145
  C:447FH         LINE#         146
  C:449CH         LINE#         147
  C:449CH         LINE#         148
  C:44B3H         LINE#         149
  C:44C8H         LINE#         150
  C:44C8H         LINE#         151
  C:44D5H         LINE#         152
  C:44D5H         LINE#         153
  -------         ENDPROC       _EVENT_POLLING
  -------         PROC          UARTX_PARSER
  -------         DO            
  X:0837H         SYMBOL        puart
  -------         ENDDO         
  C:1D16H         LINE#         209
  C:1D16H         LINE#         210
  C:1D16H         LINE#         211
  C:1D27H         LINE#         213
  C:1D63H         LINE#         214
  C:1D63H         LINE#         215
  C:1D7FH         LINE#         216
  C:1D7FH         LINE#         217
  C:1D9EH         LINE#         218
  C:1DC1H         LINE#         219
  C:1DC1H         LINE#         220
  C:1DC1H         LINE#         221
  C:1DC1H         LINE#         223
  C:1DC3H         LINE#         224
  C:1DC5H         LINE#         226
  C:1DC5H         LINE#         227
  C:1DC8H         LINE#         228
  C:1DC8H         LINE#         229
  C:1DC8H         LINE#         230
  C:1DCBH         LINE#         231
  C:1DEAH         LINE#         232
  C:1E06H         LINE#         233
  C:1E1BH         LINE#         234
  C:1E1EH         LINE#         236
  C:1E1EH         LINE#         237
  C:1E21H         LINE#         238
  C:1E21H         LINE#         239
  C:1E21H         LINE#         240
BL51 BANKED LINKER/LOCATER V6.22.2.0                                                  08/06/2022  14:35:28  PAGE 22


  C:1E24H         LINE#         241
  C:1E4FH         LINE#         242
  C:1E52H         LINE#         244
  C:1E52H         LINE#         245
  C:1E54H         LINE#         246
  C:1E54H         LINE#         247
  C:1E54H         LINE#         248
  C:1E57H         LINE#         250
  C:1E76H         LINE#         251
  C:1E95H         LINE#         252
  C:1E9EH         LINE#         253
  C:1EA1H         LINE#         256
  C:1EA1H         LINE#         257
  C:1EA1H         LINE#         258
  C:1EA1H         LINE#         259
  C:1EA1H         LINE#         260
  C:1EA1H         LINE#         262
  C:1EE9H         LINE#         263
  C:1EE9H         LINE#         264
  C:1EF6H         LINE#         265
  -------         ENDPROC       UARTX_PARSER
  -------         PROC          MASTER_TASK
  -------         DO            
  X:0731H         SYMBOL        ps
  X:0734H         SYMBOL        data_buf
  -------         ENDDO         
  C:4257H         LINE#         273
  C:4257H         LINE#         274
  C:4257H         LINE#         275
  C:4268H         LINE#         276
  C:428DH         LINE#         283
  C:42A6H         LINE#         284
  C:42A6H         LINE#         285
  C:42C5H         LINE#         286
  C:42CBH         LINE#         287
  C:42CDH         LINE#         289
  C:42D3H         LINE#         291
  C:42FEH         LINE#         292
  C:4334H         LINE#         293
  -------         ENDPROC       MASTER_TASK
  -------         PROC          DISTIMER_TASK
  -------         DO            
  X:07C9H         SYMBOL        DisCharging_Times
  X:07CDH         SYMBOL        DisCharging_Quantity
  X:083AH         SYMBOL        pd
  -------         ENDDO         
  C:3C8FH         LINE#         301
  C:3C8FH         LINE#         302
  C:3C8FH         LINE#         305
  C:3CA0H         LINE#         307
  C:3CBBH         LINE#         308
  C:3CBBH         LINE#         309
  C:3CDFH         LINE#         311
  C:3D0AH         LINE#         312
  C:3D0AH         LINE#         313
  C:3D25H         LINE#         314
  C:3D25H         LINE#         315
BL51 BANKED LINKER/LOCATER V6.22.2.0                                                  08/06/2022  14:35:28  PAGE 23


  C:3D2FH         LINE#         317
  C:3D39H         LINE#         318
  C:3D39H         LINE#         320
  C:3D66H         LINE#         321
  C:3D93H         LINE#         322
  -------         ENDPROC       DISTIMER_TASK
  -------         PROC          REPORT_TASK
  -------         DO            
  X:0824H         SYMBOL        pd
  X:0827H         SYMBOL        pm
  X:082AH         SYMBOL        state
  -------         ENDDO         
  C:1EF7H         LINE#         336
  C:1EF7H         LINE#         337
  C:1EF7H         LINE#         338
  C:1F08H         LINE#         339
  C:1F19H         LINE#         340
  C:1F1EH         LINE#         343
  C:1F34H         LINE#         344
  C:1F4AH         LINE#         345
  C:1F84H         LINE#         346
  C:1F84H         LINE#         351
  C:1F84H         LINE#         353
  C:1F9AH         LINE#         354
  C:1FB0H         LINE#         355
  C:1FF2H         LINE#         356
  C:1FF2H         LINE#         361
  C:1FF2H         LINE#         363
  C:2007H         LINE#         364
  C:201DH         LINE#         365
  C:2047H         LINE#         366
  C:207CH         LINE#         368
  C:20B4H         LINE#         370
  -------         ENDPROC       REPORT_TASK
  -------         PROC          GPIO_INIT
  -------         DO            
  X:0840H         SYMBOL        GPIO_InitStruct
  -------         ENDDO         
  C:3930H         LINE#         394
  C:3930H         LINE#         395
  C:3930H         LINE#         396
  C:3955H         LINE#         399
  C:3958H         LINE#         400
  C:395EH         LINE#         402
  C:3967H         LINE#         405
  C:396DH         LINE#         407
  C:3973H         LINE#         408
  C:3976H         LINE#         416
  C:3976H         LINE#         423
  C:397CH         LINE#         424
  C:3982H         LINE#         425
  C:398DH         LINE#         427
  C:3993H         LINE#         428
  C:3999H         LINE#         429
  C:39A4H         LINE#         430
  C:39A4H         LINE#         433
  C:39A4H         LINE#         440
BL51 BANKED LINKER/LOCATER V6.22.2.0                                                  08/06/2022  14:35:28  PAGE 24


  C:39AAH         LINE#         441
  C:39B0H         LINE#         442
  C:39BBH         LINE#         444
  C:39C1H         LINE#         445
  C:39C7H         LINE#         446
  C:39D2H         LINE#         447
  C:39D2H         LINE#         450
  C:39D2H         LINE#         458
  C:39D8H         LINE#         459
  C:39DEH         LINE#         460
  C:39E9H         LINE#         461
  C:39EFH         LINE#         462
  C:39FAH         LINE#         465
  C:3A00H         LINE#         470
  C:3A06H         LINE#         471
  C:3A11H         LINE#         472
  C:3A17H         LINE#         473
  C:3A1DH         LINE#         474
  C:3A28H         LINE#         475
  C:3A28H         LINE#         478
  C:3A28H         LINE#         482
  C:3A2EH         LINE#         483
  C:3A34H         LINE#         484
  C:3A3FH         LINE#         485
  C:3A3FH         LINE#         487
  C:3A45H         LINE#         488
  C:3A4BH         LINE#         489
  C:3A56H         LINE#         491
  -------         ENDPROC       GPIO_INIT
  -------         ENDMOD        MAIN

  -------         MODULE        TIMER
  C:0000H         SYMBOL        _ICE_DUMMY_
  D:0080H         PUBLIC        P0
  D:0090H         PUBLIC        P1
  D:00A0H         PUBLIC        P2
  D:00B0H         PUBLIC        P3
  C:20B5H         PUBLIC        Timer0_ISR
  D:00C0H         PUBLIC        P4
  D:00C8H         PUBLIC        P5
  D:00E8H         PUBLIC        P6
  D:00F8H         PUBLIC        P7
  D:00A8H         PUBLIC        IE
  D:00B8H         PUBLIC        IP
  D:00D8H         PUBLIC        CCON
  C:4E38H         PUBLIC        Timer0_Init
  X:081BH         PUBLIC        Timer0
  D:0098H         PUBLIC        SCON
  D:0089H         PUBLIC        TMOD
  D:0088H         PUBLIC        TCON
  D:008EH         PUBLIC        AUXR
  B:00A8H.1       PUBLIC        ET0
  B:0088H.5       PUBLIC        TF0
  D:008CH         PUBLIC        TH0
  D:008AH         PUBLIC        TL0
  B:0088H.4       PUBLIC        TR0
  D:00B7H         PUBLIC        IPH
BL51 BANKED LINKER/LOCATER V6.22.2.0                                                  08/06/2022  14:35:28  PAGE 25


  C:3F9AH         SYMBOL        _TIM_Base_MspInit
  D:00D0H         PUBLIC        PSW
  -------         PROC          TIMER0_INIT
  C:4E38H         LINE#         18
  C:4E38H         LINE#         19
  C:4E38H         LINE#         20
  C:4E3DH         LINE#         22
  C:4E43H         LINE#         23
  C:4E49H         LINE#         24
  C:4E53H         LINE#         26
  C:4E58H         LINE#         27
  C:4E5DH         LINE#         29
  C:4E63H         LINE#         31
  C:4E69H         LINE#         32
  C:4E72H         LINE#         33
  -------         ENDPROC       TIMER0_INIT
  -------         PROC          _TIM_BASE_MSPINIT
  X:083DH         SYMBOL        tim_baseHandle
  C:3F9AH         LINE#         35
  C:3FA5H         LINE#         36
  C:3FA5H         LINE#         37
  C:3FBFH         LINE#         38
  C:3FBFH         LINE#         39
  C:3FBFH         LINE#         40
  C:3FBFH         LINE#         41
  C:3FD7H         LINE#         43
  C:3FEFH         LINE#         45
  C:4008H         LINE#         46
  C:4025H         LINE#         47
  C:403DH         LINE#         48
  C:4055H         LINE#         50
  C:406FH         LINE#         52
  C:4089H         LINE#         54
  C:408BH         LINE#         55
  C:408BH         LINE#         56
  C:408BH         LINE#         57
  C:408BH         LINE#         58
  C:408BH         LINE#         59
  C:408BH         LINE#         60
  -------         ENDPROC       _TIM_BASE_MSPINIT
  -------         PROC          TIMER0_ISR
  -------         DO            
  D:0027H         SYMBOL        e
  -------         DO            
  I:0028H         SYMBOL        puart
  -------         ENDDO         
  -------         ENDDO         
  C:20B5H         LINE#         64
  C:20D2H         LINE#         66
  C:20D5H         LINE#         68
  C:20E6H         LINE#         69
  C:20E6H         LINE#         70
  C:2101H         LINE#         71
  C:2101H         LINE#         72
  C:2119H         LINE#         73
  C:214DH         LINE#         74
  C:214DH         LINE#         75
BL51 BANKED LINKER/LOCATER V6.22.2.0                                                  08/06/2022  14:35:28  PAGE 26


  C:2161H         LINE#         76
  C:2177H         LINE#         77
  C:2177H         LINE#         78
  C:2177H         LINE#         79
  C:217CH         LINE#         82
  C:217CH         LINE#         85
  C:218CH         LINE#         87
  C:21C6H         LINE#         88
  C:21C6H         LINE#         94
  C:21DEH         LINE#         95
  C:21DEH         LINE#         96
  C:21F5H         LINE#         97
  C:21F5H         LINE#         98
  C:220AH         LINE#         99
  C:220CH         LINE#         101
  C:220CH         LINE#         102
  C:2248H         LINE#         104
  C:2248H         LINE#         105
  C:2248H         LINE#         106
  C:2255H         LINE#         107
  C:2255H         LINE#         108
  -------         ENDPROC       TIMER0_ISR
  -------         ENDMOD        TIMER

  -------         MODULE        USART
  C:0000H         SYMBOL        _ICE_DUMMY_
  C:4EC0H         PUBLIC        _Busy_Await
  D:0080H         PUBLIC        P0
  D:0090H         PUBLIC        P1
  D:00A0H         PUBLIC        P2
  D:00B0H         PUBLIC        P3
  D:00C0H         PUBLIC        P4
  D:00C8H         PUBLIC        P5
  D:00E8H         PUBLIC        P6
  D:00F8H         PUBLIC        P7
  X:0000H         SYMBOL        Uart1_Buffer
  D:00A8H         PUBLIC        IE
  X:0080H         SYMBOL        Uart2_Buffer
  X:0100H         PUBLIC        Uart_Group
  X:0150H         SYMBOL        Uart3_Buffer
  X:02BCH         SYMBOL        Uart4_Buffer
  D:00B6H         PUBLIC        IP2H
  B:00A8H.4       PUBLIC        ES
  D:00B8H         PUBLIC        IP
  C:49FCH         PUBLIC        Uart2_ISR
  C:4A61H         PUBLIC        Uart3_ISR
  D:00D8H         PUBLIC        CCON
  C:333CH         PUBLIC        _Uart_Base_MspInit
  D:0099H         PUBLIC        SBUF
  D:0098H         PUBLIC        SCON
  D:0089H         PUBLIC        TMOD
  D:0088H         PUBLIC        TCON
  C:492BH         PUBLIC        _Uartx_SendStr
  D:00AFH         PUBLIC        IE2
  D:008EH         PUBLIC        AUXR
  C:3E98H         SYMBOL        _?ix1000
  C:3E9AH         SYMBOL        _?ix1001
BL51 BANKED LINKER/LOCATER V6.22.2.0                                                  08/06/2022  14:35:28  PAGE 27


  C:4C96H         PUBLIC        _Uart2_Init
  C:4DB9H         PUBLIC        _Uart3_Init
  C:4D78H         PUBLIC        _Uart4_Init
  D:00B5H         PUBLIC        IP2
  D:008DH         PUBLIC        TH1
  D:00D6H         PUBLIC        TH2
  D:00D4H         PUBLIC        T3H
  D:00D2H         PUBLIC        T4H
  D:008BH         PUBLIC        TL1
  D:00D7H         PUBLIC        TL2
  D:00D5H         PUBLIC        T3L
  D:00D3H         PUBLIC        T4L
  B:0088H.6       PUBLIC        TR1
  D:00D1H         PUBLIC        T4T3M
  D:00B7H         PUBLIC        IPH
  C:4996H         PUBLIC        Uart4_Isr
  D:009BH         PUBLIC        S2BUF
  D:00ADH         PUBLIC        S3BUF
  D:0085H         PUBLIC        S4BUF
  D:009AH         PUBLIC        S2CON
  D:00ACH         PUBLIC        S3CON
  D:0084H         PUBLIC        S4CON
  C:48AFH         PUBLIC        _Uartx_Printf
  D:00D0H         PUBLIC        PSW
  C:482CH         SYMBOL        Com0033
  C:482CH         SYMBOL        L?0052
  C:482CH         SYMBOL        L?0053
  C:482FH         SYMBOL        L?0054
  C:4838H         SYMBOL        L?0055
  C:4838H         SYMBOL        L?0056
  C:484BH         SYMBOL        L?0058
  C:484BH         SYMBOL        L?0059
  C:485BH         SYMBOL        L?0060
  C:485BH         SYMBOL        L?0061
  C:485CH         SYMBOL        L?0062
  C:4864H         SYMBOL        L?0063
  C:4865H         SYMBOL        L?0064
  C:4868H         SYMBOL        L?0065
  C:486FH         SYMBOL        L?0066
  C:486FH         SYMBOL        L?0067
  C:4872H         SYMBOL        L?0068
  C:4879H         SYMBOL        L?0069
  C:4879H         SYMBOL        L?0070
  C:4882H         SYMBOL        L?0071
  C:4883H         SYMBOL        L?0072
  C:488BH         SYMBOL        L?0073
  C:488BH         SYMBOL        L?0074
  C:4895H         SYMBOL        L?0075
  C:4895H         SYMBOL        L?0076
  C:489BH         SYMBOL        L?0077
  C:489BH         SYMBOL        L?0078
  C:48A1H         SYMBOL        L?0079
  C:48A2H         SYMBOL        L?0080
  C:48A9H         SYMBOL        L?0081
  C:48A9H         SYMBOL        L?0082
  -------         PROC          COM0033
  -------         ENDPROC       COM0033
BL51 BANKED LINKER/LOCATER V6.22.2.0                                                  08/06/2022  14:35:28  PAGE 28


  -------         PROC          _UART2_INIT
  D:0006H         SYMBOL        baud
  C:4C96H         LINE#         109
  C:4C96H         LINE#         110
  C:4C96H         LINE#         111
  C:4C9CH         LINE#         112
  C:4CA0H         LINE#         113
  C:4CA2H         LINE#         114
  C:4CA5H         LINE#         115
  C:4CAAH         LINE#         116
  C:4CAEH         LINE#         117
  C:4CB2H         LINE#         118
  C:4CB8H         LINE#         119
  C:4CBCH         LINE#         121
  C:4CC1H         LINE#         122
  C:4CD0H         LINE#         123
  C:4CD9H         LINE#         124
  C:4CE0H         LINE#         127
  -------         ENDPROC       _UART2_INIT
  -------         PROC          UART2_ISR
  C:49FCH         LINE#         138
  C:4A09H         LINE#         140
  C:4A0EH         LINE#         141
  C:4A0EH         LINE#         142
  C:4A11H         LINE#         143
  C:4A18H         LINE#         144
  C:4A18H         LINE#         146
  C:4A1DH         LINE#         147
  C:4A1DH         LINE#         148
  C:4A20H         LINE#         149
  C:4A56H         LINE#         150
  C:4A56H         LINE#         151
  -------         ENDPROC       UART2_ISR
  -------         PROC          _UART3_INIT
  D:0006H         SYMBOL        baud
  C:4DB9H         LINE#         161
  C:4DB9H         LINE#         162
  C:4DB9H         LINE#         163
  C:4DBFH         LINE#         164
  C:4DC1H         LINE#         166
  C:4DC4H         LINE#         167
  C:4DC7H         LINE#         168
  C:4DCDH         LINE#         170
  C:4DD2H         LINE#         171
  C:4DE1H         LINE#         172
  C:4DEBH         LINE#         173
  C:4DF2H         LINE#         176
  -------         ENDPROC       _UART3_INIT
  -------         PROC          UART3_ISR
  C:4A61H         LINE#         187
  C:4A6EH         LINE#         190
  C:4A73H         LINE#         191
  C:4A73H         LINE#         192
  C:4A76H         LINE#         193
  C:4A7DH         LINE#         194
  C:4A7DH         LINE#         196
  C:4A82H         LINE#         197
BL51 BANKED LINKER/LOCATER V6.22.2.0                                                  08/06/2022  14:35:28  PAGE 29


  C:4A82H         LINE#         198
  C:4A85H         LINE#         199
  C:4ABBH         LINE#         200
  C:4ABBH         LINE#         201
  -------         ENDPROC       UART3_ISR
  -------         PROC          _UART4_INIT
  D:0006H         SYMBOL        baud
  C:4D78H         LINE#         211
  C:4D78H         LINE#         212
  C:4D78H         LINE#         213
  C:4D7EH         LINE#         214
  C:4D82H         LINE#         216
  C:4D85H         LINE#         217
  C:4D88H         LINE#         218
  C:4D8EH         LINE#         220
  C:4D93H         LINE#         221
  C:4DA2H         LINE#         222
  C:4DABH         LINE#         223
  C:4DB2H         LINE#         226
  -------         ENDPROC       _UART4_INIT
  -------         PROC          UART4_ISR
  C:4996H         LINE#         237
  C:49A3H         LINE#         241
  C:49A8H         LINE#         242
  C:49A8H         LINE#         243
  C:49ABH         LINE#         245
  C:49B2H         LINE#         246
  C:49B2H         LINE#         248
  C:49B7H         LINE#         249
  C:49B7H         LINE#         250
  C:49BAH         LINE#         251
  C:49F1H         LINE#         252
  C:49F1H         LINE#         253
  -------         ENDPROC       UART4_ISR
  C:3452H         SYMBOL        L?0057
  C:3469H         SYMBOL        L?0083
  -------         PROC          _UART_BASE_MSPINIT
  X:06F2H         SYMBOL        uart_baseHandle
  -------         DO            
  X:06F5H         SYMBOL        GPIO_InitStruct
  -------         ENDDO         
  C:333CH         LINE#         265
  C:3342H         LINE#         266
  C:3342H         LINE#         267
  C:3355H         LINE#         268
  C:3372H         LINE#         269
  C:3372H         LINE#         270
  C:3372H         LINE#         271
  C:3372H         LINE#         272
  C:3377H         LINE#         273
  C:337CH         LINE#         274
  C:3381H         LINE#         275
  C:3384H         LINE#         276
  C:338DH         LINE#         277
  C:3395H         LINE#         278
  C:339DH         LINE#         279
  C:33A5H         LINE#         283
BL51 BANKED LINKER/LOCATER V6.22.2.0                                                  08/06/2022  14:35:28  PAGE 30


  C:33ACH         LINE#         286
  C:33ACH         LINE#         287
  C:33ACH         LINE#         288
  C:33B1H         LINE#         291
  C:33B1H         LINE#         292
  C:33B1H         LINE#         293
  C:33B6H         LINE#         294
  C:33B6H         LINE#         295
  C:33B9H         LINE#         296
  C:33B9H         LINE#         297
  C:33B9H         LINE#         298
  C:33C1H         LINE#         299
  C:33C6H         LINE#         300
  C:33C9H         LINE#         301
  C:33D1H         LINE#         302
  C:33D8H         LINE#         303
  C:33E0H         LINE#         304
  C:33E8H         LINE#         306
  C:33E8H         LINE#         307
  C:33E8H         LINE#         308
  C:33ECH         LINE#         311
  C:33ECH         LINE#         312
  C:33ECH         LINE#         313
  C:33F1H         LINE#         314
  C:33F1H         LINE#         315
  C:33F4H         LINE#         316
  C:33F4H         LINE#         317
  C:33F4H         LINE#         318
  C:33FCH         LINE#         319
  C:3401H         LINE#         320
  C:3406H         LINE#         321
  C:3409H         LINE#         322
  C:3410H         LINE#         325
  C:3410H         LINE#         326
  C:3410H         LINE#         327
  C:3416H         LINE#         334
  C:3419H         LINE#         335
  C:341BH         LINE#         336
  C:341EH         LINE#         337
  C:341EH         LINE#         338
  C:3420H         LINE#         339
  C:3420H         LINE#         340
  C:3420H         LINE#         341
  C:3428H         LINE#         342
  C:342DH         LINE#         343
  C:3432H         LINE#         344
  C:3435H         LINE#         345
  C:343CH         LINE#         348
  C:3441H         LINE#         349
  C:3443H         LINE#         350
  C:3446H         LINE#         353
  C:3449H         LINE#         354
  C:344BH         LINE#         355
  C:3451H         LINE#         356
  C:3451H         LINE#         357
  C:3451H         LINE#         358
  C:3451H         LINE#         359
BL51 BANKED LINKER/LOCATER V6.22.2.0                                                  08/06/2022  14:35:28  PAGE 31


  C:3451H         LINE#         360
  C:3451H         LINE#         361
  -------         ENDPROC       _UART_BASE_MSPINIT
  -------         PROC          _BUSY_AWAIT
  D:0001H         SYMBOL        Uart
  D:0004H         SYMBOL        overtime
  C:4EC0H         LINE#         396
  C:4EC0H         LINE#         397
  C:4EC0H         LINE#         399
  C:4EC9H         LINE#         400
  C:4EC9H         LINE#         401
  C:4ED3H         LINE#         402
  C:4ED3H         LINE#         403
  C:4ED3H         LINE#         405
  -------         ENDPROC       _BUSY_AWAIT
  -------         PROC          _UARTX_SENDSTR
  X:071CH         SYMBOL        Uart
  X:071FH         SYMBOL        p
  X:0722H         SYMBOL        length
  X:0723H         SYMBOL        time_out
  C:492BH         LINE#         416
  C:4931H         LINE#         418
  C:4931H         LINE#         419
  C:4945H         LINE#         421
  C:494FH         LINE#         422
  C:494FH         LINE#         423
  C:4960H         LINE#         424
  C:4977H         LINE#         425
  C:4977H         LINE#         426
  C:4977H         LINE#         427
  C:497CH         LINE#         428
  C:497EH         LINE#         429
  C:497EH         LINE#         430
  C:4983H         LINE#         431
  C:4985H         LINE#         432
  C:4985H         LINE#         433
  C:498AH         LINE#         434
  C:498DH         LINE#         435
  C:498DH         LINE#         436
  C:4992H         LINE#         437
  C:4995H         LINE#         438
  C:4995H         LINE#         439
  C:4995H         LINE#         440
  C:4995H         LINE#         441
  C:4995H         LINE#         442
  -------         ENDPROC       _UARTX_SENDSTR
  -------         PROC          _UARTX_PRINTF
  X:0495H         SYMBOL        uart
  X:0498H         SYMBOL        format
  -------         DO            
  X:049BH         SYMBOL        ellipsis_40
  D:0006H         SYMBOL        length
  X:04C3H         SYMBOL        uart_buf
  X:05C3H         SYMBOL        ap
  -------         ENDDO         
  C:48AFH         LINE#         452
  C:48B5H         LINE#         453
BL51 BANKED LINKER/LOCATER V6.22.2.0                                                  08/06/2022  14:35:28  PAGE 32


  C:48B5H         LINE#         454
  C:48B8H         LINE#         455
  C:48C8H         LINE#         458
  C:48D6H         LINE#         460
  C:4901H         LINE#         461
  C:490AH         LINE#         463
  -------         ENDPROC       _UARTX_PRINTF
  -------         ENDMOD        USART

  -------         MODULE        EEPROM
  C:0000H         SYMBOL        _ICE_DUMMY_
  D:0080H         PUBLIC        P0
  D:0090H         PUBLIC        P1
  D:00A0H         PUBLIC        P2
  D:00B0H         PUBLIC        P3
  D:00C0H         PUBLIC        P4
  D:00C8H         PUBLIC        P5
  D:00E8H         PUBLIC        P6
  D:00F8H         PUBLIC        P7
  D:00A8H         PUBLIC        IE
  C:4EE2H         PUBLIC        _IapErase
  D:00C5H         PUBLIC        IAP_CMD
  D:00B8H         PUBLIC        IP
  C:000EH         PUBLIC        _IapRead
  C:4F2DH         PUBLIC        IapIdle
  C:4AC6H         PUBLIC        _IapWrites
  C:4B87H         SYMBOL        IapConfigWaitTime
  D:00C3H         PUBLIC        IAP_ADDRH
  D:00D8H         PUBLIC        CCON
  D:00C4H         PUBLIC        IAP_ADDRL
  D:0098H         PUBLIC        SCON
  D:0088H         PUBLIC        TCON
  D:00C7H         PUBLIC        IAP_CONTR
  D:00C2H         PUBLIC        IAP_DATA
  C:4DF9H         PUBLIC        _Iap_Reads
  D:00C6H         PUBLIC        IAP_TRIG
  C:4E9AH         PUBLIC        _IapProgram
  D:00D0H         PUBLIC        PSW
  C:0046H         SYMBOL        Com0021
  C:0046H         SYMBOL        L?0034
  C:0047H         SYMBOL        L?0035
  C:005CH         SYMBOL        L?0036
  C:005FH         SYMBOL        L?0037
  C:0068H         SYMBOL        L?0038
  C:0077H         SYMBOL        L?0039
  C:0077H         SYMBOL        L?0040
  C:007EH         SYMBOL        L?0041
  -------         PROC          COM0021
  -------         ENDPROC       COM0021
  -------         PROC          IAPCONFIGWAITTIME
  -------         DO            
  X:0713H         SYMBOL        XTAL
  -------         ENDDO         
  C:4B87H         LINE#         12
  C:4B87H         LINE#         13
  C:4B87H         LINE#         14
  C:4B91H         LINE#         16
BL51 BANKED LINKER/LOCATER V6.22.2.0                                                  08/06/2022  14:35:28  PAGE 33


  C:4B98H         LINE#         17
  C:4B9CH         LINE#         18
  C:4BA3H         LINE#         19
  C:4BA7H         LINE#         20
  C:4BAFH         LINE#         21
  C:4BB3H         LINE#         22
  C:4BBBH         LINE#         23
  C:4BBFH         LINE#         24
  C:4BC7H         LINE#         25
  C:4BCBH         LINE#         26
  C:4BD3H         LINE#         27
  C:4BD7H         LINE#         28
  C:4BDFH         LINE#         29
  C:4BE3H         LINE#         31
  C:4BE6H         LINE#         32
  -------         ENDPROC       IAPCONFIGWAITTIME
  -------         PROC          IAPIDLE
  C:4F2DH         LINE#         42
  C:4F2DH         LINE#         43
  C:4F2DH         LINE#         44
  C:4F30H         LINE#         45
  C:4F32H         LINE#         46
  C:4F34H         LINE#         47
  C:4F37H         LINE#         48
  C:4F39H         LINE#         49
  -------         ENDPROC       IAPIDLE
  -------         PROC          _IAPREAD
  X:0710H         SYMBOL        addr
  -------         DO            
  D:0007H         SYMBOL        dat
  -------         ENDDO         
  C:000EH         LINE#         59
  C:0013H         LINE#         60
  C:0013H         LINE#         61
  C:0015H         LINE#         63
  C:0018H         LINE#         64
  C:001BH         LINE#         65
  C:0021H         LINE#         66
  C:002CH         LINE#         67
  C:002CH         LINE#         68
  C:002FH         LINE#         69
  C:0031H         LINE#         71
  C:0036H         LINE#         72
  C:0036H         LINE#         73
  C:0039H         LINE#         74
  C:003CH         LINE#         75
  C:003CH         LINE#         77
  C:003CH         LINE#         78
  -------         ENDPROC       _IAPREAD
  -------         PROC          _IAPPROGRAM
  X:0710H         SYMBOL        addr
  X:0712H         SYMBOL        dat
  C:4E9AH         LINE#         88
  C:4EA5H         LINE#         89
  C:4EA5H         LINE#         91
  C:4EA8H         LINE#         92
  C:4EABH         LINE#         93
BL51 BANKED LINKER/LOCATER V6.22.2.0                                                  08/06/2022  14:35:28  PAGE 34


  C:4EB3H         LINE#         94
  C:4EB6H         LINE#         95
  C:4EBAH         LINE#         96
  C:4EBAH         LINE#         97
  C:4EBDH         LINE#         100
  -------         ENDPROC       _IAPPROGRAM
  -------         PROC          _IAPERASE
  X:0710H         SYMBOL        addr
  C:4EE2H         LINE#         111
  C:4EEAH         LINE#         112
  C:4EEAH         LINE#         114
  C:4EEDH         LINE#         115
  C:4EF0H         LINE#         116
  C:4EF8H         LINE#         117
  C:4EFBH         LINE#         118
  C:4EFBH         LINE#         119
  C:4EFEH         LINE#         121
  -------         ENDPROC       _IAPERASE
  -------         PROC          _IAPWRITES
  X:0709H         SYMBOL        addr
  X:070BH         SYMBOL        str
  X:070EH         SYMBOL        len
  C:4AC6H         LINE#         136
  C:4ACCH         LINE#         137
  C:4ACCH         LINE#         138
  C:4AD4H         LINE#         139
  C:4AD4H         LINE#         140
  C:4ADFH         LINE#         141
  C:4AE7H         LINE#         142
  C:4AE7H         LINE#         143
  C:4AFAH         LINE#         144
  C:4B0CH         LINE#         145
  C:4B0CH         LINE#         146
  C:4B24H         LINE#         147
  C:4B26H         LINE#         148
  C:4B26H         LINE#         149
  -------         ENDPROC       _IAPWRITES
  -------         PROC          _IAP_READS
  X:06F2H         SYMBOL        addr
  X:06F4H         SYMBOL        str
  X:06F7H         SYMBOL        len
  C:4DF9H         LINE#         151
  C:4DFFH         LINE#         152
  C:4DFFH         LINE#         153
  C:4E0AH         LINE#         154
  C:4E0AH         LINE#         155
  C:4E12H         LINE#         156
  C:4E12H         LINE#         157
  C:4E35H         LINE#         158
  C:4E37H         LINE#         159
  C:4E37H         LINE#         160
  -------         ENDPROC       _IAP_READS
  -------         ENDMOD        EEPROM

  -------         MODULE        DISCHARGER
  C:0000H         SYMBOL        _ICE_DUMMY_
  D:0080H         PUBLIC        P0
BL51 BANKED LINKER/LOCATER V6.22.2.0                                                  08/06/2022  14:35:28  PAGE 35


  D:0090H         PUBLIC        P1
  D:00A0H         PUBLIC        P2
  D:00B0H         PUBLIC        P3
  D:00C0H         PUBLIC        P4
  D:00C8H         PUBLIC        P5
  C:1B0FH         PUBLIC        _Set_DischargerParam
  D:00E8H         PUBLIC        P6
  D:00F8H         PUBLIC        P7
  D:00A8H         PUBLIC        IE
  D:00B8H         PUBLIC        IP
  X:0766H         PUBLIC        discharger
  D:00D8H         PUBLIC        CCON
  C:11F2H         PUBLIC        _Discharger_Handle
  D:0098H         PUBLIC        SCON
  D:0088H         PUBLIC        TCON
  D:00D0H         PUBLIC        PSW
  C:44D6H         SYMBOL        Com003B
  C:44D6H         SYMBOL        L?0060
  C:44D7H         SYMBOL        L?0061
  C:44DBH         SYMBOL        L?0062
  C:44DEH         SYMBOL        L?0063
  C:44E7H         SYMBOL        L?0064
  C:44E7H         SYMBOL        L?0065
  C:44F1H         SYMBOL        L?0066
  C:44F3H         SYMBOL        L?0067
  C:44FAH         SYMBOL        L?0068
  C:450EH         SYMBOL        L?0069
  C:4515H         SYMBOL        L?0070
  C:4515H         SYMBOL        L?0071
  C:4518H         SYMBOL        L?0072
[...]
  C:271EH         LINE#         298
  C:271EH         LINE#         299
  C:271EH         LINE#         300
  C:2724H         LINE#         301
  C:2724H         LINE#         302
  C:272FH         LINE#         303
  C:2738H         LINE#         304
  C:2738H         LINE#         305
  C:2738H         LINE#         306
  -------         ENDPROC       _MODBUS_CALLBACK
  -------         PROC          _MODBUS_POLL
  X:06F2H         SYMBOL        pd
  -------         DO            
  X:06F5H         SYMBOL        crc16
  -------         ENDDO         
  C:36DEH         LINE#         313
  C:36E5H         LINE#         314
  C:36E5H         LINE#         315
  C:36EAH         LINE#         321
  C:36FBH         LINE#         322
  C:3719H         LINE#         326
  C:3726H         LINE#         329
  C:3779H         LINE#         330
  C:3779H         LINE#         338
  C:37A4H         LINE#         339
  C:37A4H         LINE#         341
  C:37A4H         LINE#         342
  C:37A4H         LINE#         343
  C:37A4H         LINE#         344
  C:37AAH         LINE#         345
  C:37AAH         LINE#         346
  C:37ACH         LINE#         347
  C:37ACH         LINE#         348
  C:37ACH         LINE#         349
  C:37ACH         LINE#         350
  C:37B2H         LINE#         351
  C:37B8H         LINE#         352
  C:37B8H         LINE#         353
  C:37BAH         LINE#         356
  C:37BAH         LINE#         357
  C:37BAH         LINE#         358
  C:37BAH         LINE#         359
  C:37C0H         LINE#         360
  C:37C0H         LINE#         361
  C:37C2H         LINE#         362
  C:37C2H         LINE#         363
  C:37C2H         LINE#         364
  C:37C2H         LINE#         365
  C:37C8H         LINE#         366
BL51 BANKED LINKER/LOCATER V6.22.2.0                                                  08/06/2022  14:35:28  PAGE 41


  C:37D4H         LINE#         367
  C:37D4H         LINE#         368
  C:37D6H         LINE#         370
  C:37D6H         LINE#         371
  C:37D6H         LINE#         374
  C:37E1H         LINE#         375
  C:37E1H         LINE#         376
  C:37ECH         LINE#         377
  C:37ECH         LINE#         378
  C:37ECH         LINE#         379
  C:37ECH         LINE#         380
  C:37ECH         LINE#         381
  C:37ECH         LINE#         382
  C:37ECH         LINE#         383
  C:37ECH         LINE#         384
  C:37FDH         LINE#         385
  -------         ENDPROC       _MODBUS_POLL
  -------         PROC          _MODBUS_OPERATEX
  X:0721H         SYMBOL        pd
  D:0004H         SYMBOL        addr
  X:0726H         SYMBOL        pdat
  X:0729H         SYMBOL        len
  -------         DO            
  D:0007H         SYMBOL        max
  X:072AH         SYMBOL        pDest
  X:072DH         SYMBOL        pSou
  X:0730H         SYMBOL        ret
  -------         ENDDO         
  C:3A57H         LINE#         423
  C:3A5EH         LINE#         424
  C:3A5EH         LINE#         426
  C:3A70H         LINE#         430
  C:3A75H         LINE#         438
  C:3A8DH         LINE#         439
  C:3A8DH         LINE#         441
  C:3A9BH         LINE#         442
  C:3A9BH         LINE#         443
  C:3AF5H         LINE#         446
  C:3AF8H         LINE#         448
  C:3AF8H         LINE#         449
  C:3B55H         LINE#         450
  C:3B55H         LINE#         455
  C:3B71H         LINE#         456
  C:3B77H         LINE#         457
  C:3B77H         LINE#         458
  C:3B7CH         LINE#         459
  -------         ENDPROC       _MODBUS_OPERATEX
  -------         PROC          _MODBUS_46H
  X:06F2H         SYMBOL        pd
  X:06F5H         SYMBOL        regaddr
  X:06F7H         SYMBOL        pdat
  X:06FAH         SYMBOL        datalen
  -------         DO            
  X:06FBH         SYMBOL        buf
  -------         ENDDO         
  C:4176H         LINE#         470
  C:4183H         LINE#         471
BL51 BANKED LINKER/LOCATER V6.22.2.0                                                  08/06/2022  14:35:28  PAGE 42


  C:4183H         LINE#         473
  C:418FH         LINE#         474
  C:41C6H         LINE#         477
  C:41D4H         LINE#         478
  C:41DEH         LINE#         479
  C:41F0H         LINE#         480
  C:41FBH         LINE#         481
  C:422EH         LINE#         482
  C:423DH         LINE#         484
  -------         ENDPROC       _MODBUS_46H
  -------         PROC          _MODUS_READXCOIL
  X:06F2H         SYMBOL        pd
  -------         DO            
  X:06F5H         SYMBOL        len
  X:06F6H         SYMBOL        bytes
  X:06F7H         SYMBOL        buf
  X:071BH         SYMBOL        prbits
  X:071EH         SYMBOL        i
  X:071FH         SYMBOL        j
  -------         DO            
  X:0720H         SYMBOL        _bit
  -------         ENDDO         
  -------         ENDDO         
  C:16E5H         LINE#         494
  C:16ECH         LINE#         495
  C:16ECH         LINE#         497
  C:1703H         LINE#         498
  C:1722H         LINE#         499
  C:1730H         LINE#         500
  C:1735H         LINE#         502
  C:1746H         LINE#         503
  C:1746H         LINE#         504
  C:1753H         LINE#         506
  C:175FH         LINE#         507
  C:1769H         LINE#         508
  C:178BH         LINE#         509
  C:1794H         LINE#         510
  C:17B9H         LINE#         512
  C:17D4H         LINE#         513
  C:17D7H         LINE#         515
  C:1803H         LINE#         520
  C:1813H         LINE#         521
  C:1813H         LINE#         522
  C:1842H         LINE#         523
  C:1842H         LINE#         524
  C:1866H         LINE#         525
  C:1868H         LINE#         526
  C:189CH         LINE#         528
  C:18D5H         LINE#         532
  C:18DEH         LINE#         533
  C:18E7H         LINE#         534
  C:18F0H         LINE#         538
  C:18FEH         LINE#         539
  C:18FEH         LINE#         540
  -------         ENDPROC       _MODUS_READXCOIL
  -------         PROC          _MODUS_WRITECOIL
  X:06F2H         SYMBOL        pd
BL51 BANKED LINKER/LOCATER V6.22.2.0                                                  08/06/2022  14:35:28  PAGE 43


  -------         DO            
  X:06F5H         SYMBOL        pdat
  X:06F8H         SYMBOL        len
  X:06F9H         SYMBOL        i
  X:06FAH         SYMBOL        crc
  -------         DO            
  X:06FBH         SYMBOL        wbit
  -------         ENDDO         
  -------         ENDDO         
  C:2B8FH         LINE#         547
  C:2B96H         LINE#         548
  C:2B96H         LINE#         549
  C:2B9BH         LINE#         553
  C:2BA2H         LINE#         554
  C:2BA2H         LINE#         556
  C:2BACH         LINE#         557
  C:2BACH         LINE#         558
  C:2BCEH         LINE#         559
  C:2BD4H         LINE#         560
  C:2BE0H         LINE#         561
  C:2BECH         LINE#         562
  C:2BF2H         LINE#         563
  C:2BF5H         LINE#         566
  C:2BF5H         LINE#         567
  C:2C06H         LINE#         569
  C:2C16H         LINE#         571
  C:2C22H         LINE#         572
  C:2C22H         LINE#         573
  C:2C63H         LINE#         574
  C:2C6BH         LINE#         575
  C:2C74H         LINE#         576
  C:2C79H         LINE#         577
  C:2C79H         LINE#         581
  C:2C84H         LINE#         583
  C:2CAAH         LINE#         586
  C:2CD4H         LINE#         587
  -------         ENDPROC       _MODUS_WRITECOIL
  -------         PROC          _MODUS_READXREGISTER
  X:06F2H         SYMBOL        pd
  -------         DO            
  X:06F5H         SYMBOL        len
  X:06F6H         SYMBOL        buf
  X:071AH         SYMBOL        prdata
  -------         ENDDO         
  C:2A27H         LINE#         597
  C:2A2EH         LINE#         598
  C:2A2EH         LINE#         599
  C:2A46H         LINE#         600
  C:2A53H         LINE#         602
  C:2A6AH         LINE#         603
  C:2A6AH         LINE#         604
  C:2A7CH         LINE#         605
  C:2A88H         LINE#         606
  C:2A92H         LINE#         607
  C:2AB4H         LINE#         608
  C:2ABDH         LINE#         609
  C:2ADDH         LINE#         610
BL51 BANKED LINKER/LOCATER V6.22.2.0                                                  08/06/2022  14:35:28  PAGE 44


  C:2AE6H         LINE#         612
  C:2AFCH         LINE#         613
  C:2AFFH         LINE#         615
  C:2B2FH         LINE#         616
  C:2B62H         LINE#         617
  C:2B74H         LINE#         619
  C:2B8EH         LINE#         620
  C:2B8EH         LINE#         621
  -------         ENDPROC       _MODUS_READXREGISTER
  -------         PROC          _MODUS_WRITEHOLDREGISTER
  X:06F2H         SYMBOL        pd
  -------         DO            
  X:06F5H         SYMBOL        pdat
  X:06F8H         SYMBOL        len
  X:06F9H         SYMBOL        crc
  -------         ENDDO         
  C:408CH         LINE#         628
  C:4093H         LINE#         629
  C:4093H         LINE#         630
  C:4096H         LINE#         633
  C:409EH         LINE#         634
  C:409EH         LINE#         636
  C:40A8H         LINE#         637
  C:40A8H         LINE#         638
  C:40AEH         LINE#         640
  C:40C5H         LINE#         641
  C:40D1H         LINE#         642
  C:40D7H         LINE#         643
  C:40D9H         LINE#         645
  C:40D9H         LINE#         646
  C:40ECH         LINE#         648
  C:40FAH         LINE#         649
  C:4103H         LINE#         650
  C:4108H         LINE#         651
  C:4108H         LINE#         652
  C:4113H         LINE#         654
  C:413DH         LINE#         656
  C:4167H         LINE#         657
  -------         ENDPROC       _MODUS_WRITEHOLDREGISTER
  -------         PROC          _MODBUS_SEND
  X:06F2H         SYMBOL        pd
  D:0005H         SYMBOL        crc
  -------         DO            
  X:06F5H         SYMBOL        crc16
  -------         ENDDO         
  C:4335H         LINE#         686
  C:433CH         LINE#         687
  C:433CH         LINE#         688
  C:433FH         LINE#         689
  C:433FH         LINE#         690
  C:4373H         LINE#         692
  C:4380H         LINE#         693
  C:43B1H         LINE#         694
  C:43BAH         LINE#         695
  C:43BAH         LINE#         696
  C:43CBH         LINE#         697
  C:440BH         LINE#         703
BL51 BANKED LINKER/LOCATER V6.22.2.0                                                  08/06/2022  14:35:28  PAGE 45


  -------         ENDPROC       _MODBUS_SEND
  -------         ENDMOD        MODBUS

  -------         MODULE        ?C?FPADD
  C:009DH         PUBLIC        ?C?FPADD
  C:0099H         PUBLIC        ?C?FPSUB
  -------         ENDMOD        ?C?FPADD

  -------         MODULE        ?C?FPMUL
  C:018EH         PUBLIC        ?C?FPMUL
  -------         ENDMOD        ?C?FPMUL

  -------         MODULE        ?C?FPDIV
  C:0297H         PUBLIC        ?C?FPDIV
  -------         ENDMOD        ?C?FPDIV

  -------         MODULE        ?C?FPCMP
  C:0336H         PUBLIC        ?C?FPCMP
  C:0334H         PUBLIC        ?C?FPCMP3
  -------         ENDMOD        ?C?FPCMP

  -------         MODULE        ?C?FCAST
  C:03B7H         PUBLIC        ?C?FCASTC
  C:03B2H         PUBLIC        ?C?FCASTI
  C:03ADH         PUBLIC        ?C?FCASTL
  -------         ENDMOD        ?C?FCAST

  -------         MODULE        LOG
  C:383BH         PUBLIC        _LOG
  C:3837H         PUBLIC        _LOG10
  -------         ENDMOD        LOG

  -------         MODULE        VSPRINTF
  X:082EH         PUBLIC        ?_VSPRINTF?BYTE
  C:4CE7H         PUBLIC        _VSPRINTF
  -------         ENDMOD        VSPRINTF

  -------         MODULE        PRINTF
  X:0799H         PUBLIC        ?_PRINTF?BYTE
  X:0799H         PUBLIC        ?_SPRINTF?BYTE
  C:0DDAH         PUBLIC        _PRINTF
  C:0DD4H         PUBLIC        _SPRINTF
  -------         ENDMOD        PRINTF

  -------         MODULE        ?C?FPROUND
  C:0482H         PUBLIC        ?C?FPROUND
  -------         ENDMOD        ?C?FPROUND

  -------         MODULE        ?C?FPCONVERT
  C:04BFH         PUBLIC        ?C?FPCONVERT
  -------         ENDMOD        ?C?FPCONVERT

  -------         MODULE        ?C?FTNPWR
  C:05F4H         PUBLIC        ?C?FTNPWR
  -------         ENDMOD        ?C?FTNPWR

  -------         MODULE        ?C?COPY
BL51 BANKED LINKER/LOCATER V6.22.2.0                                                  08/06/2022  14:35:28  PAGE 46


  C:0704H         PUBLIC        ?C?COPY
  -------         ENDMOD        ?C?COPY

  -------         MODULE        ?C?CLDPTR
  C:072AH         PUBLIC        ?C?CLDPTR
  -------         ENDMOD        ?C?CLDPTR

  -------         MODULE        ?C?CLDOPTR
  C:0743H         PUBLIC        ?C?CLDOPTR
  -------         ENDMOD        ?C?CLDOPTR

  -------         MODULE        ?C?CLDIOPTR
  C:0770H         PUBLIC        ?C?CLDIOPTR
  -------         ENDMOD        ?C?CLDIOPTR

  -------         MODULE        ?C?CILDOPTR
  C:07A7H         PUBLIC        ?C?CILDOPTR
  -------         ENDMOD        ?C?CILDOPTR

  -------         MODULE        ?C?CSTPTR
  C:07DAH         PUBLIC        ?C?CSTPTR
  -------         ENDMOD        ?C?CSTPTR

  -------         MODULE        ?C?CSTOPTR
  C:07ECH         PUBLIC        ?C?CSTOPTR
  -------         ENDMOD        ?C?CSTOPTR

  -------         MODULE        ?C?IMUL
  C:080EH         PUBLIC        ?C?IMUL
  -------         ENDMOD        ?C?IMUL

  -------         MODULE        ?C?UIDIV
  C:0820H         PUBLIC        ?C?UIDIV
  -------         ENDMOD        ?C?UIDIV

  -------         MODULE        ?C?IILDX
  C:0875H         PUBLIC        ?C?IILDX
  -------         ENDMOD        ?C?IILDX

  -------         MODULE        ?C?ILDIX
  C:088BH         PUBLIC        ?C?ILDIX
  -------         ENDMOD        ?C?ILDIX

  -------         MODULE        ?C?ILDPTR
  C:08A1H         PUBLIC        ?C?ILDPTR
  -------         ENDMOD        ?C?ILDPTR

  -------         MODULE        ?C?ILDOPTR
  C:08CCH         PUBLIC        ?C?ILDOPTR
  -------         ENDMOD        ?C?ILDOPTR

  -------         MODULE        ?C?ILDIOPTR
  C:0904H         PUBLIC        ?C?ILDIOPTR
  -------         ENDMOD        ?C?ILDIOPTR

  -------         MODULE        ?C?IILDOPTR
  C:0950H         PUBLIC        ?C?IILDOPTR
BL51 BANKED LINKER/LOCATER V6.22.2.0                                                  08/06/2022  14:35:28  PAGE 47


  -------         ENDMOD        ?C?IILDOPTR

  -------         MODULE        ?C?ISTPTR
  C:099DH         PUBLIC        ?C?ISTPTR
  -------         ENDMOD        ?C?ISTPTR

  -------         MODULE        ?C?ISTOPTR
  C:09BCH         PUBLIC        ?C?ISTOPTR
  -------         ENDMOD        ?C?ISTOPTR

  -------         MODULE        ?C?ULDIV
  C:0A25H         PUBLIC        ?C?ULDIV
  -------         ENDMOD        ?C?ULDIV

  -------         MODULE        ?C?LNEG
  C:0AB7H         PUBLIC        ?C?LNEG
  -------         ENDMOD        ?C?LNEG

  -------         MODULE        ?C?ULCMP
  C:0AC5H         PUBLIC        ?C?ULCMP
  -------         ENDMOD        ?C?ULCMP

  -------         MODULE        ?C?LLDPTR
  C:0AD6H         PUBLIC        ?C?LLDPTR
  -------         ENDMOD        ?C?LLDPTR

  -------         MODULE        ?C?LLDOPTR
  C:0AF6H         PUBLIC        ?C?LLDOPTR
  -------         ENDMOD        ?C?LLDOPTR

  -------         MODULE        ?C?LSTPTR
  C:0B26H         PUBLIC        ?C?LSTPTR
  -------         ENDMOD        ?C?LSTPTR

  -------         MODULE        ?C?LSTOPTR
  C:0B40H         PUBLIC        ?C?LSTOPTR
  -------         ENDMOD        ?C?LSTOPTR

  -------         MODULE        ?C?LLDCODE
  C:0B64H         PUBLIC        ?C?LLDCODE
  -------         ENDMOD        ?C?LLDCODE

  -------         MODULE        ?C?LLDXDATA0
  C:0B74H         PUBLIC        ?C?LLDXDATA0
  -------         ENDMOD        ?C?LLDXDATA0

  -------         MODULE        ?C?LLDCODE0
  C:0B80H         PUBLIC        ?C?LLDCODE0
  -------         ENDMOD        ?C?LLDCODE0

  -------         MODULE        ?C?LLDPTR0
  C:0B90H         PUBLIC        ?C?LLDPTR0
  -------         ENDMOD        ?C?LLDPTR0

  -------         MODULE        ?C?LLDOPTR0
  C:0BB0H         PUBLIC        ?C?LLDOPTR0
  -------         ENDMOD        ?C?LLDOPTR0
BL51 BANKED LINKER/LOCATER V6.22.2.0                                                  08/06/2022  14:35:28  PAGE 48



  -------         MODULE        ?C?LSTXDATA
  C:0BE0H         PUBLIC        ?C?LSTXDATA
  -------         ENDMOD        ?C?LSTXDATA

  -------         MODULE        ?C?LSTKXDATA
  C:0BECH         PUBLIC        ?C?LSTKXDATA
  -------         ENDMOD        ?C?LSTKXDATA

  -------         MODULE        ?C?PLDIXDATA
  C:0C1DH         PUBLIC        ?C?PLDIXDATA
  -------         ENDMOD        ?C?PLDIXDATA

  -------         MODULE        ?C?PSTXDATA
  C:0C34H         PUBLIC        ?C?PSTXDATA
  -------         ENDMOD        ?C?PSTXDATA

  -------         MODULE        ?C?PLDOPTR
  C:0C3DH         PUBLIC        ?C?PLDOPTR
  -------         ENDMOD        ?C?PLDOPTR

  -------         MODULE        ?C?CCASE
  C:0C6DH         PUBLIC        ?C?CCASE
  -------         ENDMOD        ?C?CCASE

  -------         MODULE        ?C?ICALL
  C:0C93H         PUBLIC        ?C?ICALL
  C:0C97H         PUBLIC        ?C?ICALL2
  -------         ENDMOD        ?C?ICALL

  -------         MODULE        ?C?LIMUL
  C:0C99H         PUBLIC        ?C?LIMUL
  -------         ENDMOD        ?C?LIMUL

  -------         MODULE        PUTCHAR
  C:4E73H         PUBLIC        _PUTCHAR
  -------         ENDMOD        PUTCHAR

  -------         MODULE        ?C?MEMSET
  C:0CC6H         PUBLIC        ?C?MEMSET
  -------         ENDMOD        ?C?MEMSET

  -------         MODULE        ?C?LLDIDATA
  C:0CF2H         PUBLIC        ?C?LLDIDATA
  -------         ENDMOD        ?C?LLDIDATA

  -------         MODULE        ?C?LLDXDATA
  C:0CFEH         PUBLIC        ?C?LLDXDATA
  -------         ENDMOD        ?C?LLDXDATA

  -------         MODULE        ?C?LLDPDATA
  C:0D0AH         PUBLIC        ?C?LLDPDATA
  -------         ENDMOD        ?C?LLDPDATA

  -------         MODULE        ?C?LLDIDATA0
  C:0D16H         PUBLIC        ?C?LLDIDATA0
  -------         ENDMOD        ?C?LLDIDATA0
BL51 BANKED LINKER/LOCATER V6.22.2.0                                                  08/06/2022  14:35:28  PAGE 49



  -------         MODULE        ?C?LLDPDATA0
  C:0D23H         PUBLIC        ?C?LLDPDATA0
  -------         ENDMOD        ?C?LLDPDATA0

  -------         MODULE        ?C?LSTIDATA
  C:0D30H         PUBLIC        ?C?LSTIDATA
  -------         ENDMOD        ?C?LSTIDATA

  -------         MODULE        ?C?LSTPDATA
  C:0D3CH         PUBLIC        ?C?LSTPDATA
  -------         ENDMOD        ?C?LSTPDATA

  -------         MODULE        ?C?PLDIDATA
  C:0D48H         PUBLIC        ?C?PLDIDATA
  -------         ENDMOD        ?C?PLDIDATA

  -------         MODULE        ?C?PLDXDATA
  C:0D51H         PUBLIC        ?C?PLDXDATA
  -------         ENDMOD        ?C?PLDXDATA

  -------         MODULE        ?C?PLDPDATA
  C:0D5AH         PUBLIC        ?C?PLDPDATA
  -------         ENDMOD        ?C?PLDPDATA

  -------         MODULE        ?C?PLDCODE
  C:0D63H         PUBLIC        ?C?PLDCODE
  -------         ENDMOD        ?C?PLDCODE

*** WARNING L16: UNCALLED SEGMENT, IGNORED FOR OVERLAY PROCESS
    SEGMENT: ?PR?_DWIN_READ?DWIN

*** WARNING L16: UNCALLED SEGMENT, IGNORED FOR OVERLAY PROCESS
    SEGMENT: ?PR?_UARTX_PRINTF?USART

*** WARNING L16: UNCALLED SEGMENT, IGNORED FOR OVERLAY PROCESS
    SEGMENT: ?PR?MODBUS_HANDLE?MODBUS

Program Size: data=43.2 xdata=2114 code=20273
LINK/LOCATE RUN COMPLETE.  3 WARNING(S),  0 ERROR(S)
